Archive member included to satisfy reference by file (symbol)

/Users/domenicoperroni/Documents/stm32_workspace/stm32f746g-disco_hal_lib/Debug/libstm32f746g-disco_hal_lib.a(stm32f7xx_hal.o)
                              src/main.o (HAL_Init)
/Users/domenicoperroni/Documents/stm32_workspace/stm32f746g-disco_hal_lib/Debug/libstm32f746g-disco_hal_lib.a(stm32f7xx_hal_cortex.o)
                              /Users/domenicoperroni/Documents/stm32_workspace/stm32f746g-disco_hal_lib/Debug/libstm32f746g-disco_hal_lib.a(stm32f7xx_hal.o) (HAL_NVIC_SetPriorityGrouping)
/Users/domenicoperroni/Documents/stm32_workspace/stm32f746g-disco_hal_lib/Debug/libstm32f746g-disco_hal_lib.a(stm32f7xx_hal_gpio.o)
                              src/stm32f7xx_hal_msp.o (HAL_GPIO_Init)
/Users/domenicoperroni/Documents/stm32_workspace/stm32f746g-disco_hal_lib/Debug/libstm32f746g-disco_hal_lib.a(stm32f7xx_hal_pwr_ex.o)
                              src/main.o (HAL_PWREx_EnableOverDrive)
/Users/domenicoperroni/Documents/stm32_workspace/stm32f746g-disco_hal_lib/Debug/libstm32f746g-disco_hal_lib.a(stm32f7xx_hal_rcc.o)
                              src/main.o (HAL_RCC_OscConfig)
/Users/domenicoperroni/Documents/stm32_workspace/stm32f746g-disco_hal_lib/Debug/libstm32f746g-disco_hal_lib.a(stm32f7xx_hal_rcc_ex.o)
                              src/main.o (HAL_RCCEx_PeriphCLKConfig)
/Users/domenicoperroni/Documents/stm32_workspace/stm32f746g-disco_hal_lib/Debug/libstm32f746g-disco_hal_lib.a(stm32f7xx_hal_uart.o)
                              src/usart.o (HAL_UART_Init)
/Users/domenicoperroni/Documents/stm32_workspace/stm32f746g-disco_hal_lib/Debug/libstm32f746g-disco_hal_lib.a(stm32746g_discovery.o)
                              src/main.o (BSP_LED_Init)
/Users/domenicoperroni/Documents/stm32_workspace/stm32f746g-disco_hal_lib/Debug/libstm32f746g-disco_hal_lib.a(stm32746g_discovery_lcd.o)
                              src/main.o (BSP_LCD_Init)
/Users/domenicoperroni/Documents/stm32_workspace/stm32f746g-disco_hal_lib/Debug/libstm32f746g-disco_hal_lib.a(stm32746g_discovery_sdram.o)
                              /Users/domenicoperroni/Documents/stm32_workspace/stm32f746g-disco_hal_lib/Debug/libstm32f746g-disco_hal_lib.a(stm32746g_discovery_lcd.o) (BSP_SDRAM_Init)
/Users/domenicoperroni/Documents/stm32_workspace/stm32f746g-disco_hal_lib/Debug/libstm32f746g-disco_hal_lib.a(stm32746g_discovery_ts.o)
                              src/main.o (BSP_TS_Init)
/Users/domenicoperroni/Documents/stm32_workspace/stm32f746g-disco_hal_lib/Debug/libstm32f746g-disco_hal_lib.a(stm32f7xx_hal_dma.o)
                              /Users/domenicoperroni/Documents/stm32_workspace/stm32f746g-disco_hal_lib/Debug/libstm32f746g-disco_hal_lib.a(stm32746g_discovery_sdram.o) (HAL_DMA_Init)
/Users/domenicoperroni/Documents/stm32_workspace/stm32f746g-disco_hal_lib/Debug/libstm32f746g-disco_hal_lib.a(stm32f7xx_hal_dma2d.o)
                              /Users/domenicoperroni/Documents/stm32_workspace/stm32f746g-disco_hal_lib/Debug/libstm32f746g-disco_hal_lib.a(stm32746g_discovery_lcd.o) (HAL_DMA2D_Init)
/Users/domenicoperroni/Documents/stm32_workspace/stm32f746g-disco_hal_lib/Debug/libstm32f746g-disco_hal_lib.a(stm32f7xx_hal_i2c.o)
                              /Users/domenicoperroni/Documents/stm32_workspace/stm32f746g-disco_hal_lib/Debug/libstm32f746g-disco_hal_lib.a(stm32746g_discovery.o) (HAL_I2C_Init)
/Users/domenicoperroni/Documents/stm32_workspace/stm32f746g-disco_hal_lib/Debug/libstm32f746g-disco_hal_lib.a(stm32f7xx_hal_ltdc.o)
                              /Users/domenicoperroni/Documents/stm32_workspace/stm32f746g-disco_hal_lib/Debug/libstm32f746g-disco_hal_lib.a(stm32746g_discovery_lcd.o) (HAL_LTDC_Init)
/Users/domenicoperroni/Documents/stm32_workspace/stm32f746g-disco_hal_lib/Debug/libstm32f746g-disco_hal_lib.a(stm32f7xx_hal_sdram.o)
                              /Users/domenicoperroni/Documents/stm32_workspace/stm32f746g-disco_hal_lib/Debug/libstm32f746g-disco_hal_lib.a(stm32746g_discovery_sdram.o) (HAL_SDRAM_Init)
/Users/domenicoperroni/Documents/stm32_workspace/stm32f746g-disco_hal_lib/Debug/libstm32f746g-disco_hal_lib.a(stm32f7xx_ll_fmc.o)
                              /Users/domenicoperroni/Documents/stm32_workspace/stm32f746g-disco_hal_lib/Debug/libstm32f746g-disco_hal_lib.a(stm32f7xx_hal_sdram.o) (FMC_SDRAM_Init)
/Users/domenicoperroni/Documents/stm32_workspace/stm32f746g-disco_hal_lib/Debug/libstm32f746g-disco_hal_lib.a(ft5336.o)
                              /Users/domenicoperroni/Documents/stm32_workspace/stm32f746g-disco_hal_lib/Debug/libstm32f746g-disco_hal_lib.a(stm32746g_discovery_ts.o) (ft5336_ts_drv)
/Applications/Ac6/SystemWorkbench.app/Contents/Eclipse/plugins/fr.ac6.mcu.externaltools.arm-none.macos64_1.6.0.201601291255/tools/compiler/bin/../lib/gcc/arm-none-eabi/5.2.1/../../../../arm-none-eabi/lib/armv7e-m/fpu/fpv5-sp-d16/libc.a(lib_a-errno.o)
                              src/syscalls.o (__errno)
[...]
Memory Configuration

Name             Origin             Length             Attributes
FLASH            0x0000000008000000 0x0000000000100000 xr
RAM              0x0000000020000000 0x0000000000050000 xrw
*default*        0x0000000000000000 0xffffffffffffffff

Linker script and memory map

LOAD /Applications/Ac6/SystemWorkbench.app/Contents/Eclipse/plugins/fr.ac6.mcu.externaltools.arm-none.macos64_1.6.0.201601291255/tools/compiler/bin/../lib/gcc/arm-none-eabi/5.2.1/armv7e-m/fpu/fpv5-sp-d16/crti.o
LOAD /Applications/Ac6/SystemWorkbench.app/Contents/Eclipse/plugins/fr.ac6.mcu.externaltools.arm-none.macos64_1.6.0.201601291255/tools/compiler/bin/../lib/gcc/arm-none-eabi/5.2.1/armv7e-m/fpu/fpv5-sp-d16/crtbegin.o
LOAD /Applications/Ac6/SystemWorkbench.app/Contents/Eclipse/plugins/fr.ac6.mcu.externaltools.arm-none.macos64_1.6.0.201601291255/tools/compiler/bin/../lib/gcc/arm-none-eabi/5.2.1/../../../../arm-none-eabi/lib/armv7e-m/fpu/fpv5-sp-d16/crt0.o
LOAD /Applications/Ac6/SystemWorkbench.app/Contents/Eclipse/plugins/fr.ac6.mcu.externaltools.arm-none.macos64_1.6.0.201601291255/tools/compiler/bin/../lib/gcc/arm-none-eabi/5.2.1/../../../../arm-none-eabi/lib/armv7e-m/fpu/fpv5-sp-d16/libm.a
LOAD src/key_mng.o
LOAD src/main.o
LOAD src/scheduler.o
LOAD src/stm32f7xx_hal_msp.o
LOAD src/stm32f7xx_it.o
LOAD src/syscalls.o
LOAD src/system_stm32f7xx.o
LOAD src/timer.o
LOAD src/usart.o
LOAD startup/startup_stm32f746xx.o
LOAD /Users/domenicoperroni/Documents/stm32_workspace/stm32f746g-disco_hal_lib/Debug/libstm32f746g-disco_hal_lib.a
START GROUP
LOAD /Applications/Ac6/SystemWorkbench.app/Contents/Eclipse/plugins/fr.ac6.mcu.externaltools.arm-none.macos64_1.6.0.201601291255/tools/compiler/bin/../lib/gcc/arm-none-eabi/5.2.1/armv7e-m/fpu/fpv5-sp-d16/libgcc.a
LOAD /Applications/Ac6/SystemWorkbench.app/Contents/Eclipse/plugins/fr.ac6.mcu.externaltools.arm-none.macos64_1.6.0.201601291255/tools/compiler/bin/../lib/gcc/arm-none-eabi/5.2.1/../../../../arm-none-eabi/lib/armv7e-m/fpu/fpv5-sp-d16/libc.a
END GROUP
LOAD /Applications/Ac6/SystemWorkbench.app/Contents/Eclipse/plugins/fr.ac6.mcu.externaltools.arm-none.macos64_1.6.0.201601291255/tools/compiler/bin/../lib/gcc/arm-none-eabi/5.2.1/armv7e-m/fpu/fpv5-sp-d16/crtend.o
LOAD /Applications/Ac6/SystemWorkbench.app/Contents/Eclipse/plugins/fr.ac6.mcu.externaltools.arm-none.macos64_1.6.0.201601291255/tools/compiler/bin/../lib/gcc/arm-none-eabi/5.2.1/armv7e-m/fpu/fpv5-sp-d16/crtn.o
                0x0000000020050000                _estack = 0x20050000
                0x0000000000000200                _Min_Heap_Size = 0x200
                0x0000000000000400                _Min_Stack_Size = 0x400

.isr_vector     0x0000000008000000      0x1c8
                0x0000000008000000                . = ALIGN (0x4)
 *(.isr_vector)
 .isr_vector    0x0000000008000000      0x1c8 startup/startup_stm32f746xx.o
                0x0000000008000000                g_pfnVectors
                0x00000000080001c8                . = ALIGN (0x4)

.text           0x00000000080001c8     0x750c
                0x00000000080001c8                . = ALIGN (0x4)
 *(.text)
 .text          0x00000000080001c8       0xa4 /Applications/Ac6/SystemWorkbench.app/Contents/Eclipse/plugins/fr.ac6.mcu.externaltools.arm-none.macos64_1.6.0.201601291255/tools/compiler/bin/../lib/gcc/arm-none-eabi/5.2.1/armv7e-m/fpu/fpv5-sp-d16/crtbegin.o
 *(.text*)
 .text.KeyMng_GeyKeyStatus
                0x000000000800026c       0xc4 src/key_mng.o
 .text.KeyMng_Periodical
                0x0000000008000330       0x44 src/key_mng.o
                0x0000000008000330                KeyMng_Periodical
 .text.SCB_EnableICache
                0x0000000008000374       0x38 src/main.o
 .text.SCB_EnableDCache
                0x00000000080003ac       0x80 src/main.o
 .text.main     0x000000000800042c      0x12c src/main.o
                0x000000000800042c                main
 .text.SystemClock_Config
                0x0000000008000558       0x9c src/main.o
 .text.LCD_Config
                0x00000000080005f4       0x30 src/main.o
 .text.Error_Handler
                0x0000000008000624       0x10 src/main.o
                0x0000000008000624                Error_Handler
 .text.CPU_CACHE_Enable
                0x0000000008000634       0x10 src/main.o
 .text.Scheduler_Init
                0x0000000008000644       0x20 src/scheduler.o
                0x0000000008000644                Scheduler_Init
 .text.Scheduler_Periodical
                0x0000000008000664       0x5c src/scheduler.o
                0x0000000008000664                Scheduler_Periodical
 .text.Scheduler_Task1
                0x00000000080006c0       0x1c src/scheduler.o
 .text.Scheduler_Task2
                0x00000000080006dc       0x1c src/scheduler.o
 .text.Scheduler_Task3
                0x00000000080006f8       0x28 src/scheduler.o
 .text.HAL_LTDC_MspInit
                0x0000000008000720      0x198 src/stm32f7xx_hal_msp.o
                0x0000000008000720                HAL_LTDC_MspInit
 .text.HAL_UART_MspInit
                0x00000000080008b8       0xa8 src/stm32f7xx_hal_msp.o
                0x00000000080008b8                HAL_UART_MspInit
 .text.HAL_UART_MspDeInit
                0x0000000008000960       0x48 src/stm32f7xx_hal_msp.o
                0x0000000008000960                HAL_UART_MspDeInit
 .text.NMI_Handler
                0x00000000080009a8       0x10 src/stm32f7xx_it.o
                0x00000000080009a8                NMI_Handler
 .text.HardFault_Handler
                0x00000000080009b8        0x8 src/stm32f7xx_it.o
                0x00000000080009b8                HardFault_Handler
 .text.MemManage_Handler
                0x00000000080009c0        0x8 src/stm32f7xx_it.o
                0x00000000080009c0                MemManage_Handler
 .text.BusFault_Handler
                0x00000000080009c8        0x8 src/stm32f7xx_it.o
                0x00000000080009c8                BusFault_Handler
 .text.UsageFault_Handler
                0x00000000080009d0        0x8 src/stm32f7xx_it.o
                0x00000000080009d0                UsageFault_Handler
 .text.SVC_Handler
                0x00000000080009d8       0x10 src/stm32f7xx_it.o
                0x00000000080009d8                SVC_Handler
 .text.DebugMon_Handler
                0x00000000080009e8       0x10 src/stm32f7xx_it.o
                0x00000000080009e8                DebugMon_Handler
 .text.PendSV_Handler
                0x00000000080009f8       0x10 src/stm32f7xx_it.o
                0x00000000080009f8                PendSV_Handler
 .text.SysTick_Handler
                0x0000000008000a08        0xc src/stm32f7xx_it.o
                0x0000000008000a08                SysTick_Handler
 .text.SystemInit
                0x0000000008000a14       0x6c src/system_stm32f7xx.o
                0x0000000008000a14                SystemInit
 .text.HAL_MPU_Disable
                0x0000000008000a80       0x30 src/usart.o
 .text.HAL_MPU_Enable
                0x0000000008000ab0       0x34 src/usart.o
 .text.UsartMng_Config
                0x0000000008000ae4       0xb8 src/usart.o
                0x0000000008000ae4                UsartMng_Config
 .text.MPU_Config
                0x0000000008000b9c       0x50 src/usart.o
                0x0000000008000b9c                MPU_Config
 .text.Buffercmp
                0x0000000008000bec       0x44 src/usart.o
 .text.sendUart
                0x0000000008000c30       0x28 src/usart.o
                0x0000000008000c30                sendUart
 .text.Reset_Handler
                0x0000000008000c58       0x50 startup/startup_stm32f746xx.o
                0x0000000008000c58                Reset_Handler
 .text.Default_Handler
                0x0000000008000ca8        0x2 startup/startup_stm32f746xx.o
                0x0000000008000ca8                DMA1_Stream3_IRQHandler
                0x0000000008000ca8                EXTI2_IRQHandler
                0x0000000008000ca8                TIM8_CC_IRQHandler
                0x0000000008000ca8                UART8_IRQHandler
                0x0000000008000ca8                SPI4_IRQHandler
                0x0000000008000ca8                TIM1_CC_IRQHandler
                0x0000000008000ca8                DMA2_Stream5_IRQHandler
                0x0000000008000ca8                DMA1_Stream5_IRQHandler
                0x0000000008000ca8                PVD_IRQHandler
                0x0000000008000ca8                TAMP_STAMP_IRQHandler
                0x0000000008000ca8                CAN2_RX1_IRQHandler
                0x0000000008000ca8                EXTI3_IRQHandler
                0x0000000008000ca8                TIM8_TRG_COM_TIM14_IRQHandler
                0x0000000008000ca8                TIM1_UP_TIM10_IRQHandler
                0x0000000008000ca8                TIM8_UP_TIM13_IRQHandler
                0x0000000008000ca8                I2C3_ER_IRQHandler
                0x0000000008000ca8                EXTI0_IRQHandler
                0x0000000008000ca8                I2C2_EV_IRQHandler
                0x0000000008000ca8                DMA1_Stream2_IRQHandler
                0x0000000008000ca8                CAN1_RX0_IRQHandler
                0x0000000008000ca8                FPU_IRQHandler
                0x0000000008000ca8                OTG_HS_WKUP_IRQHandler
                0x0000000008000ca8                LTDC_ER_IRQHandler
                0x0000000008000ca8                CAN2_SCE_IRQHandler
                0x0000000008000ca8                DMA2_Stream2_IRQHandler
                0x0000000008000ca8                SPI1_IRQHandler
                0x0000000008000ca8                TIM6_DAC_IRQHandler
                0x0000000008000ca8                TIM1_BRK_TIM9_IRQHandler
                0x0000000008000ca8                DCMI_IRQHandler
                0x0000000008000ca8                CAN2_RX0_IRQHandler
                0x0000000008000ca8                DMA2_Stream3_IRQHandler
                0x0000000008000ca8                SAI2_IRQHandler
                0x0000000008000ca8                USART6_IRQHandler
                0x0000000008000ca8                USART3_IRQHandler
                0x0000000008000ca8                CAN1_RX1_IRQHandler
                0x0000000008000ca8                UART5_IRQHandler
                0x0000000008000ca8                DMA2_Stream0_IRQHandler
                0x0000000008000ca8                TIM4_IRQHandler
                0x0000000008000ca8                QUADSPI_IRQHandler
                0x0000000008000ca8                I2C1_EV_IRQHandler
                0x0000000008000ca8                DMA1_Stream6_IRQHandler
                0x0000000008000ca8                DMA1_Stream1_IRQHandler
                0x0000000008000ca8                UART4_IRQHandler
                0x0000000008000ca8                TIM3_IRQHandler
                0x0000000008000ca8                RCC_IRQHandler
                0x0000000008000ca8                TIM8_BRK_TIM12_IRQHandler
                0x0000000008000ca8                Default_Handler
                0x0000000008000ca8                CEC_IRQHandler
                0x0000000008000ca8                EXTI15_10_IRQHandler
                0x0000000008000ca8                ADC_IRQHandler
                0x0000000008000ca8                DMA1_Stream7_IRQHandler
                0x0000000008000ca8                SPI5_IRQHandler
                0x0000000008000ca8                TIM7_IRQHandler
                0x0000000008000ca8                SDMMC1_IRQHandler
                0x0000000008000ca8                CAN2_TX_IRQHandler
                0x0000000008000ca8                TIM5_IRQHandler
                0x0000000008000ca8                DMA2_Stream7_IRQHandler
                0x0000000008000ca8                I2C3_EV_IRQHandler
                0x0000000008000ca8                EXTI9_5_IRQHandler
                0x0000000008000ca8                RTC_WKUP_IRQHandler
                0x0000000008000ca8                LTDC_IRQHandler
                0x0000000008000ca8                ETH_WKUP_IRQHandler
                0x0000000008000ca8                SPDIF_RX_IRQHandler
                0x0000000008000ca8                SPI2_IRQHandler
                0x0000000008000ca8                OTG_HS_EP1_IN_IRQHandler
                0x0000000008000ca8                DMA1_Stream0_IRQHandler
                0x0000000008000ca8                CAN1_TX_IRQHandler
                0x0000000008000ca8                EXTI4_IRQHandler
                0x0000000008000ca8                RNG_IRQHandler
                0x0000000008000ca8                ETH_IRQHandler
                0x0000000008000ca8                OTG_HS_EP1_OUT_IRQHandler
                0x0000000008000ca8                WWDG_IRQHandler
                0x0000000008000ca8                SPI6_IRQHandler
                0x0000000008000ca8                I2C4_EV_IRQHandler
                0x0000000008000ca8                TIM2_IRQHandler
                0x0000000008000ca8                OTG_FS_WKUP_IRQHandler
                0x0000000008000ca8                TIM1_TRG_COM_TIM11_IRQHandler
                0x0000000008000ca8                OTG_HS_IRQHandler
                0x0000000008000ca8                DMA2D_IRQHandler
                0x0000000008000ca8                EXTI1_IRQHandler
                0x0000000008000ca8                UART7_IRQHandler
                0x0000000008000ca8                USART2_IRQHandler
                0x0000000008000ca8                I2C2_ER_IRQHandler
                0x0000000008000ca8                DMA2_Stream1_IRQHandler
                0x0000000008000ca8                CAN1_SCE_IRQHandler
                0x0000000008000ca8                FLASH_IRQHandler
                0x0000000008000ca8                DMA2_Stream4_IRQHandler
                0x0000000008000ca8                USART1_IRQHandler
                0x0000000008000ca8                OTG_FS_IRQHandler
                0x0000000008000ca8                SPI3_IRQHandler
                0x0000000008000ca8                DMA1_Stream4_IRQHandler
                0x0000000008000ca8                I2C1_ER_IRQHandler
                0x0000000008000ca8                FMC_IRQHandler
                0x0000000008000ca8                LPTIM1_IRQHandler
                0x0000000008000ca8                I2C4_ER_IRQHandler
                0x0000000008000ca8                DMA2_Stream6_IRQHandler
                0x0000000008000ca8                SAI1_IRQHandler
                0x0000000008000ca8                RTC_Alarm_IRQHandler
 *fill*         0x0000000008000caa        0x2 
 .text.HAL_Init
                0x0000000008000cac       0x2c /Users/domenicoperroni/Documents/stm32_workspace/stm32f746g-disco_hal_lib/Debug/libstm32f746g-disco_hal_lib.a(stm32f7xx_hal.o)
                0x0000000008000cac                HAL_Init
 .text.HAL_MspInit
                0x0000000008000cd8       0x10 /Users/domenicoperroni/Documents/stm32_workspace/stm32f746g-disco_hal_lib/Debug/libstm32f746g-disco_hal_lib.a(stm32f7xx_hal.o)
                0x0000000008000cd8                HAL_MspInit
 .text.HAL_InitTick
                0x0000000008000ce8       0x38 /Users/domenicoperroni/Documents/stm32_workspace/stm32f746g-disco_hal_lib/Debug/libstm32f746g-disco_hal_lib.a(stm32f7xx_hal.o)
                0x0000000008000ce8                HAL_InitTick
 .text.HAL_IncTick
                0x0000000008000d20       0x1c /Users/domenicoperroni/Documents/stm32_workspace/stm32f746g-disco_hal_lib/Debug/libstm32f746g-disco_hal_lib.a(stm32f7xx_hal.o)
                0x0000000008000d20                HAL_IncTick
 .text.HAL_GetTick
                0x0000000008000d3c       0x18 /Users/domenicoperroni/Documents/stm32_workspace/stm32f746g-disco_hal_lib/Debug/libstm32f746g-disco_hal_lib.a(stm32f7xx_hal.o)
                0x0000000008000d3c                HAL_GetTick
 .text.HAL_Delay
                0x0000000008000d54       0x2c /Users/domenicoperroni/Documents/stm32_workspace/stm32f746g-disco_hal_lib/Debug/libstm32f746g-disco_hal_lib.a(stm32f7xx_hal.o)
                0x0000000008000d54                HAL_Delay
 .text.NVIC_SetPriorityGrouping
                0x0000000008000d80       0x48 /Users/domenicoperroni/Documents/stm32_workspace/stm32f746g-disco_hal_lib/Debug/libstm32f746g-disco_hal_lib.a(stm32f7xx_hal_cortex.o)
 .text.NVIC_GetPriorityGrouping
                0x0000000008000dc8       0x1c /Users/domenicoperroni/Documents/stm32_workspace/stm32f746g-disco_hal_lib/Debug/libstm32f746g-disco_hal_lib.a(stm32f7xx_hal_cortex.o)
 .text.NVIC_EnableIRQ
                0x0000000008000de4       0x34 /Users/domenicoperroni/Documents/stm32_workspace/stm32f746g-disco_hal_lib/Debug/libstm32f746g-disco_hal_lib.a(stm32f7xx_hal_cortex.o)
 .text.NVIC_SetPriority
                0x0000000008000e18       0x54 /Users/domenicoperroni/Documents/stm32_workspace/stm32f746g-disco_hal_lib/Debug/libstm32f746g-disco_hal_lib.a(stm32f7xx_hal_cortex.o)
 .text.NVIC_EncodePriority
                0x0000000008000e6c       0x64 /Users/domenicoperroni/Documents/stm32_workspace/stm32f746g-disco_hal_lib/Debug/libstm32f746g-disco_hal_lib.a(stm32f7xx_hal_cortex.o)
 .text.SysTick_Config
                0x0000000008000ed0       0x44 /Users/domenicoperroni/Documents/stm32_workspace/stm32f746g-disco_hal_lib/Debug/libstm32f746g-disco_hal_lib.a(stm32f7xx_hal_cortex.o)
 .text.HAL_NVIC_SetPriorityGrouping
                0x0000000008000f14       0x18 /Users/domenicoperroni/Documents/stm32_workspace/stm32f746g-disco_hal_lib/Debug/libstm32f746g-disco_hal_lib.a(stm32f7xx_hal_cortex.o)
                0x0000000008000f14                HAL_NVIC_SetPriorityGrouping
 .text.HAL_NVIC_SetPriority
                0x0000000008000f2c       0x38 /Users/domenicoperroni/Documents/stm32_workspace/stm32f746g-disco_hal_lib/Debug/libstm32f746g-disco_hal_lib.a(stm32f7xx_hal_cortex.o)
                0x0000000008000f2c                HAL_NVIC_SetPriority
 .text.HAL_NVIC_EnableIRQ
                0x0000000008000f64       0x1c /Users/domenicoperroni/Documents/stm32_workspace/stm32f746g-disco_hal_lib/Debug/libstm32f746g-disco_hal_lib.a(stm32f7xx_hal_cortex.o)
                0x0000000008000f64                HAL_NVIC_EnableIRQ
 .text.HAL_SYSTICK_Config
                0x0000000008000f80       0x18 /Users/domenicoperroni/Documents/stm32_workspace/stm32f746g-disco_hal_lib/Debug/libstm32f746g-disco_hal_lib.a(stm32f7xx_hal_cortex.o)
                0x0000000008000f80                HAL_SYSTICK_Config
 .text.HAL_MPU_ConfigRegion
                0x0000000008000f98       0x88 /Users/domenicoperroni/Documents/stm32_workspace/stm32f746g-disco_hal_lib/Debug/libstm32f746g-disco_hal_lib.a(stm32f7xx_hal_cortex.o)
                0x0000000008000f98                HAL_MPU_ConfigRegion
 .text.HAL_GPIO_Init
                0x0000000008001020      0x358 /Users/domenicoperroni/Documents/stm32_workspace/stm32f746g-disco_hal_lib/Debug/libstm32f746g-disco_hal_lib.a(stm32f7xx_hal_gpio.o)
                0x0000000008001020                HAL_GPIO_Init
 .text.HAL_GPIO_DeInit
                0x0000000008001378      0x218 /Users/domenicoperroni/Documents/stm32_workspace/stm32f746g-disco_hal_lib/Debug/libstm32f746g-disco_hal_lib.a(stm32f7xx_hal_gpio.o)
                0x0000000008001378                HAL_GPIO_DeInit
 .text.HAL_GPIO_WritePin
                0x0000000008001590       0x34 /Users/domenicoperroni/Documents/stm32_workspace/stm32f746g-disco_hal_lib/Debug/libstm32f746g-disco_hal_lib.a(stm32f7xx_hal_gpio.o)
                0x0000000008001590                HAL_GPIO_WritePin
 .text.HAL_PWREx_EnableOverDrive
                0x00000000080015c4       0xa0 /Users/domenicoperroni/Documents/stm32_workspace/stm32f746g-disco_hal_lib/Debug/libstm32f746g-disco_hal_lib.a(stm32f7xx_hal_pwr_ex.o)
                0x00000000080015c4                HAL_PWREx_EnableOverDrive
 .text.HAL_RCC_OscConfig
                0x0000000008001664      0x5ac /Users/domenicoperroni/Documents/stm32_workspace/stm32f746g-disco_hal_lib/Debug/libstm32f746g-disco_hal_lib.a(stm32f7xx_hal_rcc.o)
                0x0000000008001664                HAL_RCC_OscConfig
 .text.HAL_RCC_ClockConfig
                0x0000000008001c10      0x2c4 /Users/domenicoperroni/Documents/stm32_workspace/stm32f746g-disco_hal_lib/Debug/libstm32f746g-disco_hal_lib.a(stm32f7xx_hal_rcc.o)
                0x0000000008001c10                HAL_RCC_ClockConfig
 .text.HAL_RCC_GetSysClockFreq
                0x0000000008001ed4       0xfc /Users/domenicoperroni/Documents/stm32_workspace/stm32f746g-disco_hal_lib/Debug/libstm32f746g-disco_hal_lib.a(stm32f7xx_hal_rcc.o)
                0x0000000008001ed4                HAL_RCC_GetSysClockFreq
 .text.HAL_RCC_GetHCLKFreq
                0x0000000008001fd0       0x50 /Users/domenicoperroni/Documents/stm32_workspace/stm32f746g-disco_hal_lib/Debug/libstm32f746g-disco_hal_lib.a(stm32f7xx_hal_rcc.o)
                0x0000000008001fd0                HAL_RCC_GetHCLKFreq
 .text.HAL_RCC_GetPCLK1Freq
                0x0000000008002020       0x44 /Users/domenicoperroni/Documents/stm32_workspace/stm32f746g-disco_hal_lib/Debug/libstm32f746g-disco_hal_lib.a(stm32f7xx_hal_rcc.o)
                0x0000000008002020                HAL_RCC_GetPCLK1Freq
 .text.HAL_RCC_GetPCLK2Freq
                0x0000000008002064       0x44 /Users/domenicoperroni/Documents/stm32_workspace/stm32f746g-disco_hal_lib/Debug/libstm32f746g-disco_hal_lib.a(stm32f7xx_hal_rcc.o)
                0x0000000008002064                HAL_RCC_GetPCLK2Freq
 .text.HAL_RCCEx_PeriphCLKConfig
                0x00000000080020a8      0xe04 /Users/domenicoperroni/Documents/stm32_workspace/stm32f746g-disco_hal_lib/Debug/libstm32f746g-disco_hal_lib.a(stm32f7xx_hal_rcc_ex.o)
                0x00000000080020a8                HAL_RCCEx_PeriphCLKConfig
 .text.HAL_UART_Init
                0x0000000008002eac       0xa4 /Users/domenicoperroni/Documents/stm32_workspace/stm32f746g-disco_hal_lib/Debug/libstm32f746g-disco_hal_lib.a(stm32f7xx_hal_uart.o)
                0x0000000008002eac                HAL_UART_Init
 .text.HAL_UART_DeInit
                0x0000000008002f50       0x68 /Users/domenicoperroni/Documents/stm32_workspace/stm32f746g-disco_hal_lib/Debug/libstm32f746g-disco_hal_lib.a(stm32f7xx_hal_uart.o)
                0x0000000008002f50                HAL_UART_DeInit
 .text.HAL_UART_Transmit
                0x0000000008002fb8      0x13c /Users/domenicoperroni/Documents/stm32_workspace/stm32f746g-disco_hal_lib/Debug/libstm32f746g-disco_hal_lib.a(stm32f7xx_hal_uart.o)
                0x0000000008002fb8                HAL_UART_Transmit
 .text.HAL_UART_Receive
                0x00000000080030f4      0x1ac /Users/domenicoperroni/Documents/stm32_workspace/stm32f746g-disco_hal_lib/Debug/libstm32f746g-disco_hal_lib.a(stm32f7xx_hal_uart.o)
                0x00000000080030f4                HAL_UART_Receive
 .text.UART_WaitOnFlagUntilTimeout
                0x00000000080032a0      0x130 /Users/domenicoperroni/Documents/stm32_workspace/stm32f746g-disco_hal_lib/Debug/libstm32f746g-disco_hal_lib.a(stm32f7xx_hal_uart.o)
                0x00000000080032a0                UART_WaitOnFlagUntilTimeout
 .text.UART_SetConfig
                0x00000000080033d0      0x494 /Users/domenicoperroni/Documents/stm32_workspace/stm32f746g-disco_hal_lib/Debug/libstm32f746g-disco_hal_lib.a(stm32f7xx_hal_uart.o)
                0x00000000080033d0                UART_SetConfig
 .text.UART_AdvFeatureConfig
                0x0000000008003864      0x144 /Users/domenicoperroni/Documents/stm32_workspace/stm32f746g-disco_hal_lib/Debug/libstm32f746g-disco_hal_lib.a(stm32f7xx_hal_uart.o)
                0x0000000008003864                UART_AdvFeatureConfig
 .text.UART_CheckIdleState
                0x00000000080039a8       0x78 /Users/domenicoperroni/Documents/stm32_workspace/stm32f746g-disco_hal_lib/Debug/libstm32f746g-disco_hal_lib.a(stm32f7xx_hal_uart.o)
                0x00000000080039a8                UART_CheckIdleState
 .text.BSP_LED_Init
                0x0000000008003a20       0x6c /Users/domenicoperroni/Documents/stm32_workspace/stm32f746g-disco_hal_lib/Debug/libstm32f746g-disco_hal_lib.a(stm32746g_discovery.o)
                0x0000000008003a20                BSP_LED_Init
 .text.BSP_LED_On
                0x0000000008003a8c       0x30 /Users/domenicoperroni/Documents/stm32_workspace/stm32f746g-disco_hal_lib/Debug/libstm32f746g-disco_hal_lib.a(stm32746g_discovery.o)
                0x0000000008003a8c                BSP_LED_On
 .text.BSP_LED_Off
                0x0000000008003abc       0x30 /Users/domenicoperroni/Documents/stm32_workspace/stm32f746g-disco_hal_lib/Debug/libstm32f746g-disco_hal_lib.a(stm32746g_discovery.o)
                0x0000000008003abc                BSP_LED_Off
 .text.BSP_PB_Init
                0x0000000008003aec      0x128 /Users/domenicoperroni/Documents/stm32_workspace/stm32f746g-disco_hal_lib/Debug/libstm32f746g-disco_hal_lib.a(stm32746g_discovery.o)
                0x0000000008003aec                BSP_PB_Init
 .text.I2Cx_MspInit
                0x0000000008003c14      0x170 /Users/domenicoperroni/Documents/stm32_workspace/stm32f746g-disco_hal_lib/Debug/libstm32f746g-disco_hal_lib.a(stm32746g_discovery.o)
 .text.I2Cx_Init
                0x0000000008003d84       0x78 /Users/domenicoperroni/Documents/stm32_workspace/stm32f746g-disco_hal_lib/Debug/libstm32f746g-disco_hal_lib.a(stm32746g_discovery.o)
 .text.I2Cx_ReadMultiple
                0x0000000008003dfc       0x5c /Users/domenicoperroni/Documents/stm32_workspace/stm32f746g-disco_hal_lib/Debug/libstm32f746g-disco_hal_lib.a(stm32746g_discovery.o)
 .text.I2Cx_WriteMultiple
                0x0000000008003e58       0x5c /Users/domenicoperroni/Documents/stm32_workspace/stm32f746g-disco_hal_lib/Debug/libstm32f746g-disco_hal_lib.a(stm32746g_discovery.o)
 .text.I2Cx_Error
                0x0000000008003eb4       0x20 /Users/domenicoperroni/Documents/stm32_workspace/stm32f746g-disco_hal_lib/Debug/libstm32f746g-disco_hal_lib.a(stm32746g_discovery.o)
 .text.TS_IO_Init
                0x0000000008003ed4       0x14 /Users/domenicoperroni/Documents/stm32_workspace/stm32f746g-disco_hal_lib/Debug/libstm32f746g-disco_hal_lib.a(stm32746g_discovery.o)
                0x0000000008003ed4                TS_IO_Init
 .text.TS_IO_Write
                0x0000000008003ee8       0x34 /Users/domenicoperroni/Documents/stm32_workspace/stm32f746g-disco_hal_lib/Debug/libstm32f746g-disco_hal_lib.a(stm32746g_discovery.o)
                0x0000000008003ee8                TS_IO_Write
 .text.TS_IO_Read
                0x0000000008003f1c       0x3c /Users/domenicoperroni/Documents/stm32_workspace/stm32f746g-disco_hal_lib/Debug/libstm32f746g-disco_hal_lib.a(stm32746g_discovery.o)
                0x0000000008003f1c                TS_IO_Read
 .text.TS_IO_Delay
                0x0000000008003f58       0x18 /Users/domenicoperroni/Documents/stm32_workspace/stm32f746g-disco_hal_lib/Debug/libstm32f746g-disco_hal_lib.a(stm32746g_discovery.o)
                0x0000000008003f58                TS_IO_Delay
 .text.BSP_LCD_Init
                0x0000000008003f70       0xe0 /Users/domenicoperroni/Documents/stm32_workspace/stm32f746g-disco_hal_lib/Debug/libstm32f746g-disco_hal_lib.a(stm32746g_discovery_lcd.o)
                0x0000000008003f70                BSP_LCD_Init
 .text.BSP_LCD_GetXSize
                0x0000000008004050       0x28 /Users/domenicoperroni/Documents/stm32_workspace/stm32f746g-disco_hal_lib/Debug/libstm32f746g-disco_hal_lib.a(stm32746g_discovery_lcd.o)
                0x0000000008004050                BSP_LCD_GetXSize
 .text.BSP_LCD_GetYSize
                0x0000000008004078       0x28 /Users/domenicoperroni/Documents/stm32_workspace/stm32f746g-disco_hal_lib/Debug/libstm32f746g-disco_hal_lib.a(stm32746g_discovery_lcd.o)
                0x0000000008004078                BSP_LCD_GetYSize
 .text.BSP_LCD_LayerDefaultInit
                0x00000000080040a0       0xc0 /Users/domenicoperroni/Documents/stm32_workspace/stm32f746g-disco_hal_lib/Debug/libstm32f746g-disco_hal_lib.a(stm32746g_discovery_lcd.o)
                0x00000000080040a0                BSP_LCD_LayerDefaultInit
 .text.BSP_LCD_SelectLayer
                0x0000000008004160       0x20 /Users/domenicoperroni/Documents/stm32_workspace/stm32f746g-disco_hal_lib/Debug/libstm32f746g-disco_hal_lib.a(stm32746g_discovery_lcd.o)
                0x0000000008004160                BSP_LCD_SelectLayer
 .text.BSP_LCD_SetTransparency
                0x0000000008004180       0x24 /Users/domenicoperroni/Documents/stm32_workspace/stm32f746g-disco_hal_lib/Debug/libstm32f746g-disco_hal_lib.a(stm32746g_discovery_lcd.o)
                0x0000000008004180                BSP_LCD_SetTransparency
 .text.BSP_LCD_SetTextColor
                0x00000000080041a4       0x30 /Users/domenicoperroni/Documents/stm32_workspace/stm32f746g-disco_hal_lib/Debug/libstm32f746g-disco_hal_lib.a(stm32746g_discovery_lcd.o)
                0x00000000080041a4                BSP_LCD_SetTextColor
 .text.BSP_LCD_SetBackColor
                0x00000000080041d4       0x34 /Users/domenicoperroni/Documents/stm32_workspace/stm32f746g-disco_hal_lib/Debug/libstm32f746g-disco_hal_lib.a(stm32746g_discovery_lcd.o)
                0x00000000080041d4                BSP_LCD_SetBackColor
 .text.BSP_LCD_SetFont
                0x0000000008004208       0x34 /Users/domenicoperroni/Documents/stm32_workspace/stm32f746g-disco_hal_lib/Debug/libstm32f746g-disco_hal_lib.a(stm32746g_discovery_lcd.o)
                0x0000000008004208                BSP_LCD_SetFont
 .text.BSP_LCD_Clear
                0x000000000800423c       0x50 /Users/domenicoperroni/Documents/stm32_workspace/stm32f746g-disco_hal_lib/Debug/libstm32f746g-disco_hal_lib.a(stm32746g_discovery_lcd.o)
                0x000000000800423c                BSP_LCD_Clear
 .text.BSP_LCD_DisplayChar
                0x000000000800428c       0x88 /Users/domenicoperroni/Documents/stm32_workspace/stm32f746g-disco_hal_lib/Debug/libstm32f746g-disco_hal_lib.a(stm32746g_discovery_lcd.o)
                0x000000000800428c                BSP_LCD_DisplayChar
 .text.BSP_LCD_DisplayStringAt
                0x0000000008004314      0x188 /Users/domenicoperroni/Documents/stm32_workspace/stm32f746g-disco_hal_lib/Debug/libstm32f746g-disco_hal_lib.a(stm32746g_discovery_lcd.o)
                0x0000000008004314                BSP_LCD_DisplayStringAt
 .text.BSP_LCD_DrawHLine
                0x000000000800449c       0xbc /Users/domenicoperroni/Documents/stm32_workspace/stm32f746g-disco_hal_lib/Debug/libstm32f746g-disco_hal_lib.a(stm32746g_discovery_lcd.o)
                0x000000000800449c                BSP_LCD_DrawHLine
 .text.BSP_LCD_DrawCircle
                0x0000000008004558      0x1e0 /Users/domenicoperroni/Documents/stm32_workspace/stm32f746g-disco_hal_lib/Debug/libstm32f746g-disco_hal_lib.a(stm32746g_discovery_lcd.o)
                0x0000000008004558                BSP_LCD_DrawCircle
 .text.BSP_LCD_DrawPixel
                0x0000000008004738       0x90 /Users/domenicoperroni/Documents/stm32_workspace/stm32f746g-disco_hal_lib/Debug/libstm32f746g-disco_hal_lib.a(stm32746g_discovery_lcd.o)
                0x0000000008004738                BSP_LCD_DrawPixel
 .text.BSP_LCD_FillCircle
                0x00000000080047c8      0x140 /Users/domenicoperroni/Documents/stm32_workspace/stm32f746g-disco_hal_lib/Debug/libstm32f746g-disco_hal_lib.a(stm32746g_discovery_lcd.o)
                0x00000000080047c8                BSP_LCD_FillCircle
 .text.BSP_LCD_DisplayOn
                0x0000000008004908       0x3c /Users/domenicoperroni/Documents/stm32_workspace/stm32f746g-disco_hal_lib/Debug/libstm32f746g-disco_hal_lib.a(stm32746g_discovery_lcd.o)
                0x0000000008004908                BSP_LCD_DisplayOn
 .text.BSP_LCD_MspInit
                0x0000000008004944      0x1d8 /Users/domenicoperroni/Documents/stm32_workspace/stm32f746g-disco_hal_lib/Debug/libstm32f746g-disco_hal_lib.a(stm32746g_discovery_lcd.o)
                0x0000000008004944                BSP_LCD_MspInit
 .text.BSP_LCD_ClockConfig
                0x0000000008004b1c       0x38 /Users/domenicoperroni/Documents/stm32_workspace/stm32f746g-disco_hal_lib/Debug/libstm32f746g-disco_hal_lib.a(stm32746g_discovery_lcd.o)
                0x0000000008004b1c                BSP_LCD_ClockConfig
 .text.DrawChar
                0x0000000008004b54      0x170 /Users/domenicoperroni/Documents/stm32_workspace/stm32f746g-disco_hal_lib/Debug/libstm32f746g-disco_hal_lib.a(stm32746g_discovery_lcd.o)
 .text.LL_FillBuffer
                0x0000000008004cc4       0x98 /Users/domenicoperroni/Documents/stm32_workspace/stm32f746g-disco_hal_lib/Debug/libstm32f746g-disco_hal_lib.a(stm32746g_discovery_lcd.o)
 .text.BSP_SDRAM_Init
                0x0000000008004d5c       0xbc /Users/domenicoperroni/Documents/stm32_workspace/stm32f746g-disco_hal_lib/Debug/libstm32f746g-disco_hal_lib.a(stm32746g_discovery_sdram.o)
                0x0000000008004d5c                BSP_SDRAM_Init
 .text.BSP_SDRAM_Initialization_sequence
                0x0000000008004e18       0xc0 /Users/domenicoperroni/Documents/stm32_workspace/stm32f746g-disco_hal_lib/Debug/libstm32f746g-disco_hal_lib.a(stm32746g_discovery_sdram.o)
                0x0000000008004e18                BSP_SDRAM_Initialization_sequence
 .text.BSP_SDRAM_MspInit
                0x0000000008004ed8      0x210 /Users/domenicoperroni/Documents/stm32_workspace/stm32f746g-disco_hal_lib/Debug/libstm32f746g-disco_hal_lib.a(stm32746g_discovery_sdram.o)
                0x0000000008004ed8                BSP_SDRAM_MspInit
 .text.BSP_TS_Init
                0x00000000080050e8       0x80 /Users/domenicoperroni/Documents/stm32_workspace/stm32f746g-disco_hal_lib/Debug/libstm32f746g-disco_hal_lib.a(stm32746g_discovery_ts.o)
                0x00000000080050e8                BSP_TS_Init
 .text.BSP_TS_GetState
                0x0000000008005168      0x3ac /Users/domenicoperroni/Documents/stm32_workspace/stm32f746g-disco_hal_lib/Debug/libstm32f746g-disco_hal_lib.a(stm32746g_discovery_ts.o)
                0x0000000008005168                BSP_TS_GetState
 .text.BSP_TS_Get_GestureId
                0x0000000008005514       0x94 /Users/domenicoperroni/Documents/stm32_workspace/stm32f746g-disco_hal_lib/Debug/libstm32f746g-disco_hal_lib.a(stm32746g_discovery_ts.o)
                0x0000000008005514                BSP_TS_Get_GestureId
 .text.HAL_DMA_Init
                0x00000000080055a8       0xd8 /Users/domenicoperroni/Documents/stm32_workspace/stm32f746g-disco_hal_lib/Debug/libstm32f746g-disco_hal_lib.a(stm32f7xx_hal_dma.o)
                0x00000000080055a8                HAL_DMA_Init
 .text.HAL_DMA_DeInit
                0x0000000008005680       0x9c /Users/domenicoperroni/Documents/stm32_workspace/stm32f746g-disco_hal_lib/Debug/libstm32f746g-disco_hal_lib.a(stm32f7xx_hal_dma.o)
                0x0000000008005680                HAL_DMA_DeInit
 .text.DMA_CalcBaseAndBitshift
                0x000000000800571c       0x6c /Users/domenicoperroni/Documents/stm32_workspace/stm32f746g-disco_hal_lib/Debug/libstm32f746g-disco_hal_lib.a(stm32f7xx_hal_dma.o)
 .text.HAL_DMA2D_Init
                0x0000000008005788       0xbc /Users/domenicoperroni/Documents/stm32_workspace/stm32f746g-disco_hal_lib/Debug/libstm32f746g-disco_hal_lib.a(stm32f7xx_hal_dma2d.o)
                0x0000000008005788                HAL_DMA2D_Init
 .text.HAL_DMA2D_MspInit
                0x0000000008005844       0x14 /Users/domenicoperroni/Documents/stm32_workspace/stm32f746g-disco_hal_lib/Debug/libstm32f746g-disco_hal_lib.a(stm32f7xx_hal_dma2d.o)
                0x0000000008005844                HAL_DMA2D_MspInit
 .text.HAL_DMA2D_Start
                0x0000000008005858       0x68 /Users/domenicoperroni/Documents/stm32_workspace/stm32f746g-disco_hal_lib/Debug/libstm32f746g-disco_hal_lib.a(stm32f7xx_hal_dma2d.o)
                0x0000000008005858                HAL_DMA2D_Start
 .text.HAL_DMA2D_PollForTransfer
                0x00000000080058c0      0x160 /Users/domenicoperroni/Documents/stm32_workspace/stm32f746g-disco_hal_lib/Debug/libstm32f746g-disco_hal_lib.a(stm32f7xx_hal_dma2d.o)
                0x00000000080058c0                HAL_DMA2D_PollForTransfer
 .text.HAL_DMA2D_ConfigLayer
                0x0000000008005a20      0x1b8 /Users/domenicoperroni/Documents/stm32_workspace/stm32f746g-disco_hal_lib/Debug/libstm32f746g-disco_hal_lib.a(stm32f7xx_hal_dma2d.o)
                0x0000000008005a20                HAL_DMA2D_ConfigLayer
 .text.DMA2D_SetConfig
                0x0000000008005bd8      0x144 /Users/domenicoperroni/Documents/stm32_workspace/stm32f746g-disco_hal_lib/Debug/libstm32f746g-disco_hal_lib.a(stm32f7xx_hal_dma2d.o)
 .text.HAL_I2C_Init
                0x0000000008005d1c      0x108 /Users/domenicoperroni/Documents/stm32_workspace/stm32f746g-disco_hal_lib/Debug/libstm32f746g-disco_hal_lib.a(stm32f7xx_hal_i2c.o)
                0x0000000008005d1c                HAL_I2C_Init
 .text.HAL_I2C_DeInit
                0x0000000008005e24       0x50 /Users/domenicoperroni/Documents/stm32_workspace/stm32f746g-disco_hal_lib/Debug/libstm32f746g-disco_hal_lib.a(stm32f7xx_hal_i2c.o)
                0x0000000008005e24                HAL_I2C_DeInit
 .text.HAL_I2C_MspInit
                0x0000000008005e74       0x14 /Users/domenicoperroni/Documents/stm32_workspace/stm32f746g-disco_hal_lib/Debug/libstm32f746g-disco_hal_lib.a(stm32f7xx_hal_i2c.o)
                0x0000000008005e74                HAL_I2C_MspInit
 .text.HAL_I2C_MspDeInit
                0x0000000008005e88       0x14 /Users/domenicoperroni/Documents/stm32_workspace/stm32f746g-disco_hal_lib/Debug/libstm32f746g-disco_hal_lib.a(stm32f7xx_hal_i2c.o)
                0x0000000008005e88                HAL_I2C_MspDeInit
 .text.HAL_I2C_Mem_Write
                0x0000000008005e9c      0x1d0 /Users/domenicoperroni/Documents/stm32_workspace/stm32f746g-disco_hal_lib/Debug/libstm32f746g-disco_hal_lib.a(stm32f7xx_hal_i2c.o)
                0x0000000008005e9c                HAL_I2C_Mem_Write
 .text.HAL_I2C_Mem_Read
                0x000000000800606c      0x1cc /Users/domenicoperroni/Documents/stm32_workspace/stm32f746g-disco_hal_lib/Debug/libstm32f746g-disco_hal_lib.a(stm32f7xx_hal_i2c.o)
                0x000000000800606c                HAL_I2C_Mem_Read
 .text.HAL_I2C_GetState
                0x0000000008006238       0x1c /Users/domenicoperroni/Documents/stm32_workspace/stm32f746g-disco_hal_lib/Debug/libstm32f746g-disco_hal_lib.a(stm32f7xx_hal_i2c.o)
                0x0000000008006238                HAL_I2C_GetState
 .text.I2C_RequestMemoryWrite
                0x0000000008006254       0xb8 /Users/domenicoperroni/Documents/stm32_workspace/stm32f746g-disco_hal_lib/Debug/libstm32f746g-disco_hal_lib.a(stm32f7xx_hal_i2c.o)
 .text.I2C_RequestMemoryRead
                0x000000000800630c       0xb4 /Users/domenicoperroni/Documents/stm32_workspace/stm32f746g-disco_hal_lib/Debug/libstm32f746g-disco_hal_lib.a(stm32f7xx_hal_i2c.o)
 .text.I2C_WaitOnFlagUntilTimeout
                0x00000000080063c0       0xb8 /Users/domenicoperroni/Documents/stm32_workspace/stm32f746g-disco_hal_lib/Debug/libstm32f746g-disco_hal_lib.a(stm32f7xx_hal_i2c.o)
 .text.I2C_WaitOnTXISFlagUntilTimeout
                0x0000000008006478       0x7c /Users/domenicoperroni/Documents/stm32_workspace/stm32f746g-disco_hal_lib/Debug/libstm32f746g-disco_hal_lib.a(stm32f7xx_hal_i2c.o)
 .text.I2C_WaitOnSTOPFlagUntilTimeout
                0x00000000080064f4       0x78 /Users/domenicoperroni/Documents/stm32_workspace/stm32f746g-disco_hal_lib/Debug/libstm32f746g-disco_hal_lib.a(stm32f7xx_hal_i2c.o)
 .text.I2C_IsAcknowledgeFailed
                0x000000000800656c       0xc4 /Users/domenicoperroni/Documents/stm32_workspace/stm32f746g-disco_hal_lib/Debug/libstm32f746g-disco_hal_lib.a(stm32f7xx_hal_i2c.o)
 .text.I2C_TransferConfig
                0x0000000008006630       0x5c /Users/domenicoperroni/Documents/stm32_workspace/stm32f746g-disco_hal_lib/Debug/libstm32f746g-disco_hal_lib.a(stm32f7xx_hal_i2c.o)
 .text.HAL_LTDC_Init
                0x000000000800668c      0x1b8 /Users/domenicoperroni/Documents/stm32_workspace/stm32f746g-disco_hal_lib/Debug/libstm32f746g-disco_hal_lib.a(stm32f7xx_hal_ltdc.o)
                0x000000000800668c                HAL_LTDC_Init
 .text.HAL_LTDC_ConfigLayer
                0x0000000008006844       0x7c /Users/domenicoperroni/Documents/stm32_workspace/stm32f746g-disco_hal_lib/Debug/libstm32f746g-disco_hal_lib.a(stm32f7xx_hal_ltdc.o)
                0x0000000008006844                HAL_LTDC_ConfigLayer
 .text.HAL_LTDC_SetAlpha
                0x00000000080068c0       0x6c /Users/domenicoperroni/Documents/stm32_workspace/stm32f746g-disco_hal_lib/Debug/libstm32f746g-disco_hal_lib.a(stm32f7xx_hal_ltdc.o)
                0x00000000080068c0                HAL_LTDC_SetAlpha
 .text.HAL_LTDC_GetState
                0x000000000800692c       0x1c /Users/domenicoperroni/Documents/stm32_workspace/stm32f746g-disco_hal_lib/Debug/libstm32f746g-disco_hal_lib.a(stm32f7xx_hal_ltdc.o)
                0x000000000800692c                HAL_LTDC_GetState
 .text.LTDC_SetConfig
                0x0000000008006948      0x354 /Users/domenicoperroni/Documents/stm32_workspace/stm32f746g-disco_hal_lib/Debug/libstm32f746g-disco_hal_lib.a(stm32f7xx_hal_ltdc.o)
 .text.HAL_SDRAM_Init
                0x0000000008006c9c       0x68 /Users/domenicoperroni/Documents/stm32_workspace/stm32f746g-disco_hal_lib/Debug/libstm32f746g-disco_hal_lib.a(stm32f7xx_hal_sdram.o)
                0x0000000008006c9c                HAL_SDRAM_Init
 .text.HAL_SDRAM_MspInit
                0x0000000008006d04       0x14 /Users/domenicoperroni/Documents/stm32_workspace/stm32f746g-disco_hal_lib/Debug/libstm32f746g-disco_hal_lib.a(stm32f7xx_hal_sdram.o)
                0x0000000008006d04                HAL_SDRAM_MspInit
 .text.HAL_SDRAM_SendCommand
                0x0000000008006d18       0x58 /Users/domenicoperroni/Documents/stm32_workspace/stm32f746g-disco_hal_lib/Debug/libstm32f746g-disco_hal_lib.a(stm32f7xx_hal_sdram.o)
                0x0000000008006d18                HAL_SDRAM_SendCommand
 .text.HAL_SDRAM_ProgramRefreshRate
                0x0000000008006d70       0x40 /Users/domenicoperroni/Documents/stm32_workspace/stm32f746g-disco_hal_lib/Debug/libstm32f746g-disco_hal_lib.a(stm32f7xx_hal_sdram.o)
                0x0000000008006d70                HAL_SDRAM_ProgramRefreshRate
 .text.FMC_SDRAM_Init
                0x0000000008006db0       0xe4 /Users/domenicoperroni/Documents/stm32_workspace/stm32f746g-disco_hal_lib/Debug/libstm32f746g-disco_hal_lib.a(stm32f7xx_ll_fmc.o)
                0x0000000008006db0                FMC_SDRAM_Init
 .text.FMC_SDRAM_Timing_Init
                0x0000000008006e94       0xfc /Users/domenicoperroni/Documents/stm32_workspace/stm32f746g-disco_hal_lib/Debug/libstm32f746g-disco_hal_lib.a(stm32f7xx_ll_fmc.o)
                0x0000000008006e94                FMC_SDRAM_Timing_Init
 .text.FMC_SDRAM_SendCommand
                0x0000000008006f90       0x78 /Users/domenicoperroni/Documents/stm32_workspace/stm32f746g-disco_hal_lib/Debug/libstm32f746g-disco_hal_lib.a(stm32f7xx_ll_fmc.o)
                0x0000000008006f90                FMC_SDRAM_SendCommand
 .text.FMC_SDRAM_ProgramRefreshRate
                0x0000000008007008       0x28 /Users/domenicoperroni/Documents/stm32_workspace/stm32f746g-disco_hal_lib/Debug/libstm32f746g-disco_hal_lib.a(stm32f7xx_ll_fmc.o)
                0x0000000008007008                FMC_SDRAM_ProgramRefreshRate
 .text.ft5336_Init
                0x0000000008007030       0x1c /Users/domenicoperroni/Documents/stm32_workspace/stm32f746g-disco_hal_lib/Debug/libstm32f746g-disco_hal_lib.a(ft5336.o)
                0x0000000008007030                ft5336_Init
 .text.ft5336_Reset
                0x000000000800704c       0x18 /Users/domenicoperroni/Documents/stm32_workspace/stm32f746g-disco_hal_lib/Debug/libstm32f746g-disco_hal_lib.a(ft5336.o)
                0x000000000800704c                ft5336_Reset
 .text.ft5336_ReadID
                0x0000000008007064       0x5c /Users/domenicoperroni/Documents/stm32_workspace/stm32f746g-disco_hal_lib/Debug/libstm32f746g-disco_hal_lib.a(ft5336.o)
                0x0000000008007064                ft5336_ReadID
 .text.ft5336_TS_Start
                0x00000000080070c0       0x24 /Users/domenicoperroni/Documents/stm32_workspace/stm32f746g-disco_hal_lib/Debug/libstm32f746g-disco_hal_lib.a(ft5336.o)
                0x00000000080070c0                ft5336_TS_Start
 .text.ft5336_TS_DetectTouch
                0x00000000080070e4       0x54 /Users/domenicoperroni/Documents/stm32_workspace/stm32f746g-disco_hal_lib/Debug/libstm32f746g-disco_hal_lib.a(ft5336.o)
                0x00000000080070e4                ft5336_TS_DetectTouch
 .text.ft5336_TS_GetXY
                0x0000000008007138      0x1e0 /Users/domenicoperroni/Documents/stm32_workspace/stm32f746g-disco_hal_lib/Debug/libstm32f746g-disco_hal_lib.a(ft5336.o)
                0x0000000008007138                ft5336_TS_GetXY
 .text.ft5336_TS_EnableIT
                0x0000000008007318       0x28 /Users/domenicoperroni/Documents/stm32_workspace/stm32f746g-disco_hal_lib/Debug/libstm32f746g-disco_hal_lib.a(ft5336.o)
                0x0000000008007318                ft5336_TS_EnableIT
 .text.ft5336_TS_DisableIT
                0x0000000008007340       0x28 /Users/domenicoperroni/Documents/stm32_workspace/stm32f746g-disco_hal_lib/Debug/libstm32f746g-disco_hal_lib.a(ft5336.o)
                0x0000000008007340                ft5336_TS_DisableIT
 .text.ft5336_TS_ITStatus
                0x0000000008007368       0x18 /Users/domenicoperroni/Documents/stm32_workspace/stm32f746g-disco_hal_lib/Debug/libstm32f746g-disco_hal_lib.a(ft5336.o)
                0x0000000008007368                ft5336_TS_ITStatus
 .text.ft5336_TS_ClearIT
                0x0000000008007380       0x18 /Users/domenicoperroni/Documents/stm32_workspace/stm32f746g-disco_hal_lib/Debug/libstm32f746g-disco_hal_lib.a(ft5336.o)
                0x0000000008007380                ft5336_TS_ClearIT
 .text.ft5336_TS_GetGestureID
                0x0000000008007398       0x34 /Users/domenicoperroni/Documents/stm32_workspace/stm32f746g-disco_hal_lib/Debug/libstm32f746g-disco_hal_lib.a(ft5336.o)
                0x0000000008007398                ft5336_TS_GetGestureID
 .text.ft5336_TS_GetTouchInfo
                0x00000000080073cc      0x160 /Users/domenicoperroni/Documents/stm32_workspace/stm32f746g-disco_hal_lib/Debug/libstm32f746g-disco_hal_lib.a(ft5336.o)
                0x00000000080073cc                ft5336_TS_GetTouchInfo
 .text.ft5336_Get_I2C_InitializedStatus
                0x000000000800752c       0x18 /Users/domenicoperroni/Documents/stm32_workspace/stm32f746g-disco_hal_lib/Debug/libstm32f746g-disco_hal_lib.a(ft5336.o)
 .text.ft5336_I2C_InitializeIfRequired
                0x0000000008007544       0x20 /Users/domenicoperroni/Documents/stm32_workspace/stm32f746g-disco_hal_lib/Debug/libstm32f746g-disco_hal_lib.a(ft5336.o)
 .text.ft5336_TS_Configure
                0x0000000008007564       0x1c /Users/domenicoperroni/Documents/stm32_workspace/stm32f746g-disco_hal_lib/Debug/libstm32f746g-disco_hal_lib.a(ft5336.o)
 .text.__libc_init_array
                0x0000000008007580       0x50 /Applications/Ac6/SystemWorkbench.app/Contents/Eclipse/plugins/fr.ac6.mcu.externaltools.arm-none.macos64_1.6.0.201601291255/tools/compiler/bin/../lib/gcc/arm-none-eabi/5.2.1/../../../../arm-none-eabi/lib/armv7e-m/fpu/fpv5-sp-d16/libc.a(lib_a-init.o)
                0x0000000008007580                __libc_init_array
 .text.startup.register_fini
                0x00000000080075d0       0x14 /Applications/Ac6/SystemWorkbench.app/Contents/Eclipse/plugins/fr.ac6.mcu.externaltools.arm-none.macos64_1.6.0.201601291255/tools/compiler/bin/../lib/gcc/arm-none-eabi/5.2.1/../../../../arm-none-eabi/lib/armv7e-m/fpu/fpv5-sp-d16/libc.a(lib_a-__call_atexit.o)
 .text.atexit   0x00000000080075e4        0xc /Applications/Ac6/SystemWorkbench.app/Contents/Eclipse/plugins/fr.ac6.mcu.externaltools.arm-none.macos64_1.6.0.201601291255/tools/compiler/bin/../lib/gcc/arm-none-eabi/5.2.1/../../../../arm-none-eabi/lib/armv7e-m/fpu/fpv5-sp-d16/libc.a(lib_a-atexit.o)
                0x00000000080075e4                atexit
 .text.__libc_fini_array
                0x00000000080075f0       0x28 /Applications/Ac6/SystemWorkbench.app/Contents/Eclipse/plugins/fr.ac6.mcu.externaltools.arm-none.macos64_1.6.0.201601291255/tools/compiler/bin/../lib/gcc/arm-none-eabi/5.2.1/../../../../arm-none-eabi/lib/armv7e-m/fpu/fpv5-sp-d16/libc.a(lib_a-fini.o)
                0x00000000080075f0                __libc_fini_array
 .text.__register_exitproc
                0x0000000008007618       0xa4 /Applications/Ac6/SystemWorkbench.app/Contents/Eclipse/plugins/fr.ac6.mcu.externaltools.arm-none.macos64_1.6.0.201601291255/tools/compiler/bin/../lib/gcc/arm-none-eabi/5.2.1/../../../../arm-none-eabi/lib/armv7e-m/fpu/fpv5-sp-d16/libc.a(lib_a-__atexit.o)
                0x0000000008007618                __register_exitproc
 *(.glue_7)
 .glue_7        0x00000000080076bc        0x0 linker stubs
 *(.glue_7t)
 .glue_7t       0x00000000080076bc        0x0 linker stubs
 *(.eh_frame)
 .eh_frame      0x00000000080076bc        0x0 /Applications/Ac6/SystemWorkbench.app/Contents/Eclipse/plugins/fr.ac6.mcu.externaltools.arm-none.macos64_1.6.0.201601291255/tools/compiler/bin/../lib/gcc/arm-none-eabi/5.2.1/armv7e-m/fpu/fpv5-sp-d16/crtbegin.o
 *(.init)
 .init          0x00000000080076bc        0x4 /Applications/Ac6/SystemWorkbench.app/Contents/Eclipse/plugins/fr.ac6.mcu.externaltools.arm-none.macos64_1.6.0.201601291255/tools/compiler/bin/../lib/gcc/arm-none-eabi/5.2.1/armv7e-m/fpu/fpv5-sp-d16/crti.o
                0x00000000080076bc                _init
 .init          0x00000000080076c0        0x8 /Applications/Ac6/SystemWorkbench.app/Contents/Eclipse/plugins/fr.ac6.mcu.externaltools.arm-none.macos64_1.6.0.201601291255/tools/compiler/bin/../lib/gcc/arm-none-eabi/5.2.1/armv7e-m/fpu/fpv5-sp-d16/crtn.o
 *(.fini)
 .fini          0x00000000080076c8        0x4 /Applications/Ac6/SystemWorkbench.app/Contents/Eclipse/plugins/fr.ac6.mcu.externaltools.arm-none.macos64_1.6.0.201601291255/tools/compiler/bin/../lib/gcc/arm-none-eabi/5.2.1/armv7e-m/fpu/fpv5-sp-d16/crti.o
                0x00000000080076c8                _fini
 .fini          0x00000000080076cc        0x8 /Applications/Ac6/SystemWorkbench.app/Contents/Eclipse/plugins/fr.ac6.mcu.externaltools.arm-none.macos64_1.6.0.201601291255/tools/compiler/bin/../lib/gcc/arm-none-eabi/5.2.1/armv7e-m/fpu/fpv5-sp-d16/crtn.o
                0x00000000080076d4                . = ALIGN (0x4)
                0x00000000080076d4                _etext = .

.vfp11_veneer   0x00000000080076d4        0x0
 .vfp11_veneer  0x00000000080076d4        0x0 linker stubs

.v4_bx          0x00000000080076d4        0x0
 .v4_bx         0x00000000080076d4        0x0 linker stubs

.iplt           0x00000000080076d4        0x0
 .iplt          0x00000000080076d4        0x0 /Applications/Ac6/SystemWorkbench.app/Contents/Eclipse/plugins/fr.ac6.mcu.externaltools.arm-none.macos64_1.6.0.201601291255/tools/compiler/bin/../lib/gcc/arm-none-eabi/5.2.1/armv7e-m/fpu/fpv5-sp-d16/crtbegin.o

.rodata         0x00000000080076d4    0x43980
                0x00000000080076d4                . = ALIGN (0x4)
 *(.rodata)
 .rodata        0x00000000080076d4       0x30 src/key_mng.o
 .rodata        0x0000000008007704    0x3fc18 src/main.o
                0x0000000008007704                RGB565_480x272
 .rodata        0x000000000804731c       0x18 src/scheduler.o
 .rodata        0x0000000008047334       0x10 /Users/domenicoperroni/Documents/stm32_workspace/stm32f746g-disco_hal_lib/Debug/libstm32f746g-disco_hal_lib.a(stm32f7xx_hal_rcc.o)
                0x0000000008047334                APBAHBPrescTable
 .rodata        0x0000000008047344       0x22 /Users/domenicoperroni/Documents/stm32_workspace/stm32f746g-disco_hal_lib/Debug/libstm32f746g-disco_hal_lib.a(stm32746g_discovery.o)
                0x0000000008047344                GPIO_PIN
                0x0000000008047348                BUTTON_PIN
                0x0000000008047350                BUTTON_IRQn
                0x0000000008047358                COM_TX_PIN
                0x000000000804735c                COM_RX_PIN
                0x0000000008047360                COM_TX_AF
                0x0000000008047364                COM_RX_AF
 *fill*         0x0000000008047366        0x2 
 .rodata        0x0000000008047368     0x3cdc /Users/domenicoperroni/Documents/stm32_workspace/stm32f746g-disco_hal_lib/Debug/libstm32f746g-disco_hal_lib.a(stm32746g_discovery_lcd.o)
                0x0000000008047368                Font24_Table
                0x0000000008048e20                Font20_Table
                0x0000000008049cf8                Font16_Table
                0x000000000804a8d8                Font12_Table
                0x000000000804ad4c                Font8_Table
 .rodata        0x000000000804b044        0x8 /Users/domenicoperroni/Documents/stm32_workspace/stm32f746g-disco_hal_lib/Debug/libstm32f746g-disco_hal_lib.a(stm32f7xx_hal_dma.o)
 *(.rodata*)
 .rodata.str1.4
                0x000000000804b04c        0x4 /Applications/Ac6/SystemWorkbench.app/Contents/Eclipse/plugins/fr.ac6.mcu.externaltools.arm-none.macos64_1.6.0.201601291255/tools/compiler/bin/../lib/gcc/arm-none-eabi/5.2.1/../../../../arm-none-eabi/lib/armv7e-m/fpu/fpv5-sp-d16/libc.a(lib_a-impure.o)
                                          0x2 (size before relaxing)
 .rodata._global_impure_ptr
                0x000000000804b050        0x4 /Applications/Ac6/SystemWorkbench.app/Contents/Eclipse/plugins/fr.ac6.mcu.externaltools.arm-none.macos64_1.6.0.201601291255/tools/compiler/bin/../lib/gcc/arm-none-eabi/5.2.1/../../../../arm-none-eabi/lib/armv7e-m/fpu/fpv5-sp-d16/libc.a(lib_a-impure.o)
                0x000000000804b050                _global_impure_ptr
                0x000000000804b054                . = ALIGN (0x4)

.rel.dyn        0x000000000804b054        0x0
 .rel.iplt      0x000000000804b054        0x0 /Applications/Ac6/SystemWorkbench.app/Contents/Eclipse/plugins/fr.ac6.mcu.externaltools.arm-none.macos64_1.6.0.201601291255/tools/compiler/bin/../lib/gcc/arm-none-eabi/5.2.1/armv7e-m/fpu/fpv5-sp-d16/crtbegin.o

.ARM.extab
 *(.ARM.extab* .gnu.linkonce.armextab.*)

.ARM            0x000000000804b054        0x0
                0x000000000804b054                __exidx_start = .
 *(.ARM.exidx*)
                0x000000000804b054                __exidx_end = .

.preinit_array  0x000000000804b054        0x0
                0x000000000804b054                PROVIDE (__preinit_array_start, .)
 *(.preinit_array*)
                0x000000000804b054                PROVIDE (__preinit_array_end, .)

.init_array     0x000000000804b054        0x8
                0x000000000804b054                PROVIDE (__init_array_start, .)
 *(SORT(.init_array.*))
 .init_array.00000
                0x000000000804b054        0x4 /Applications/Ac6/SystemWorkbench.app/Contents/Eclipse/plugins/fr.ac6.mcu.externaltools.arm-none.macos64_1.6.0.201601291255/tools/compiler/bin/../lib/gcc/arm-none-eabi/5.2.1/../../../../arm-none-eabi/lib/armv7e-m/fpu/fpv5-sp-d16/libc.a(lib_a-__call_atexit.o)
 *(.init_array*)
 .init_array    0x000000000804b058        0x4 /Applications/Ac6/SystemWorkbench.app/Contents/Eclipse/plugins/fr.ac6.mcu.externaltools.arm-none.macos64_1.6.0.201601291255/tools/compiler/bin/../lib/gcc/arm-none-eabi/5.2.1/armv7e-m/fpu/fpv5-sp-d16/crtbegin.o
                0x000000000804b05c                PROVIDE (__init_array_end, .)

.fini_array     0x000000000804b05c        0x4
                0x000000000804b05c                PROVIDE (__fini_array_start, .)
 *(SORT(.fini_array.*))
 *(.fini_array*)
 .fini_array    0x000000000804b05c        0x4 /Applications/Ac6/SystemWorkbench.app/Contents/Eclipse/plugins/fr.ac6.mcu.externaltools.arm-none.macos64_1.6.0.201601291255/tools/compiler/bin/../lib/gcc/arm-none-eabi/5.2.1/armv7e-m/fpu/fpv5-sp-d16/crtbegin.o
                0x000000000804b060                PROVIDE (__fini_array_end, .)
                0x000000000804b060                _sidata = LOADADDR (.data)

.data           0x0000000020000000      0x518 load address 0x000000000804b060
                0x0000000020000000                . = ALIGN (0x4)
                0x0000000020000000                _sdata = .
 *(.data)
 .data          0x0000000020000000       0x14 src/system_stm32f7xx.o
                0x0000000020000000                SystemCoreClock
                0x0000000020000004                AHBPrescTable
 .data          0x0000000020000014       0x70 src/usart.o
                0x0000000020000014                aTxBuffer
 .data          0x0000000020000084       0x18 /Users/domenicoperroni/Documents/stm32_workspace/stm32f746g-disco_hal_lib/Debug/libstm32f746g-disco_hal_lib.a(stm32746g_discovery.o)
                0x0000000020000084                BUTTON_PORT
                0x0000000020000090                COM_USART
                0x0000000020000094                COM_TX_PORT
                0x0000000020000098                COM_RX_PORT
 .data          0x000000002000009c       0x28 /Users/domenicoperroni/Documents/stm32_workspace/stm32f746g-disco_hal_lib/Debug/libstm32f746g-disco_hal_lib.a(stm32746g_discovery_lcd.o)
                0x000000002000009c                Font24
                0x00000000200000a4                Font20
                0x00000000200000ac                Font16
                0x00000000200000b4                Font12
                0x00000000200000bc                Font8
 .data          0x00000000200000c4        0x2 /Users/domenicoperroni/Documents/stm32_workspace/stm32f746g-disco_hal_lib/Debug/libstm32f746g-disco_hal_lib.a(stm32746g_discovery_sdram.o)
 *fill*         0x00000000200000c6        0x2 
 .data          0x00000000200000c8       0x28 /Users/domenicoperroni/Documents/stm32_workspace/stm32f746g-disco_hal_lib/Debug/libstm32f746g-disco_hal_lib.a(ft5336.o)
                0x00000000200000c8                ft5336_ts_drv
 *(.data*)
 .data.impure_data
                0x00000000200000f0      0x428 /Applications/Ac6/SystemWorkbench.app/Contents/Eclipse/plugins/fr.ac6.mcu.externaltools.arm-none.macos64_1.6.0.201601291255/tools/compiler/bin/../lib/gcc/arm-none-eabi/5.2.1/../../../../arm-none-eabi/lib/armv7e-m/fpu/fpv5-sp-d16/libc.a(lib_a-impure.o)
                0x0000000020000518                . = ALIGN (0x4)
                0x0000000020000518                _edata = .

.jcr            0x0000000020000518        0x0 load address 0x000000000804b578
 .jcr           0x0000000020000518        0x0 /Applications/Ac6/SystemWorkbench.app/Contents/Eclipse/plugins/fr.ac6.mcu.externaltools.arm-none.macos64_1.6.0.201601291255/tools/compiler/bin/../lib/gcc/arm-none-eabi/5.2.1/armv7e-m/fpu/fpv5-sp-d16/crtbegin.o

.tm_clone_table
                0x0000000020000518        0x0 load address 0x000000000804b578
 .tm_clone_table
                0x0000000020000518        0x0 /Applications/Ac6/SystemWorkbench.app/Contents/Eclipse/plugins/fr.ac6.mcu.externaltools.arm-none.macos64_1.6.0.201601291255/tools/compiler/bin/../lib/gcc/arm-none-eabi/5.2.1/armv7e-m/fpu/fpv5-sp-d16/crtbegin.o
 .tm_clone_table
                0x0000000020000518        0x0 /Applications/Ac6/SystemWorkbench.app/Contents/Eclipse/plugins/fr.ac6.mcu.externaltools.arm-none.macos64_1.6.0.201601291255/tools/compiler/bin/../lib/gcc/arm-none-eabi/5.2.1/armv7e-m/fpu/fpv5-sp-d16/crtend.o

.igot.plt       0x0000000020000518        0x0 load address 0x000000000804b578
 .igot.plt      0x0000000020000518        0x0 /Applications/Ac6/SystemWorkbench.app/Contents/Eclipse/plugins/fr.ac6.mcu.externaltools.arm-none.macos64_1.6.0.201601291255/tools/compiler/bin/../lib/gcc/arm-none-eabi/5.2.1/armv7e-m/fpu/fpv5-sp-d16/crtbegin.o
                0x0000000020000518                . = ALIGN (0x4)

.bss            0x0000000020000518      0x468 load address 0x000000000804b578
                0x0000000020000518                _sbss = .
                0x0000000020000518                __bss_start__ = _sbss
 *(.bss)
 .bss           0x0000000020000518       0x1c /Applications/Ac6/SystemWorkbench.app/Contents/Eclipse/plugins/fr.ac6.mcu.externaltools.arm-none.macos64_1.6.0.201601291255/tools/compiler/bin/../lib/gcc/arm-none-eabi/5.2.1/armv7e-m/fpu/fpv5-sp-d16/crtbegin.o
 .bss           0x0000000020000534        0x8 src/scheduler.o
 .bss           0x000000002000053c        0x4 /Users/domenicoperroni/Documents/stm32_workspace/stm32f746g-disco_hal_lib/Debug/libstm32f746g-disco_hal_lib.a(stm32f7xx_hal.o)
 .bss           0x0000000020000540       0x78 /Users/domenicoperroni/Documents/stm32_workspace/stm32f746g-disco_hal_lib/Debug/libstm32f746g-disco_hal_lib.a(stm32746g_discovery.o)
 .bss           0x00000000200005b8      0x188 /Users/domenicoperroni/Documents/stm32_workspace/stm32f746g-disco_hal_lib/Debug/libstm32f746g-disco_hal_lib.a(stm32746g_discovery_lcd.o)
 .bss           0x0000000020000740      0x110 /Users/domenicoperroni/Documents/stm32_workspace/stm32f746g-disco_hal_lib/Debug/libstm32f746g-disco_hal_lib.a(stm32746g_discovery_sdram.o)
 .bss           0x0000000020000850       0x34 /Users/domenicoperroni/Documents/stm32_workspace/stm32f746g-disco_hal_lib/Debug/libstm32f746g-disco_hal_lib.a(stm32746g_discovery_ts.o)
 .bss           0x0000000020000884        0x6 /Users/domenicoperroni/Documents/stm32_workspace/stm32f746g-disco_hal_lib/Debug/libstm32f746g-disco_hal_lib.a(ft5336.o)
 *(.bss*)
 *(COMMON)
 *fill*         0x000000002000088a        0x2 
 COMMON         0x000000002000088c        0xc src/key_mng.o
                0x000000002000088c                g_key_mng
 COMMON         0x0000000020000898        0x8 src/scheduler.o
                0x0000000020000898                g_task
 COMMON         0x00000000200008a0       0xdf src/usart.o
                0x00000000200008a0                UartHandle
                0x0000000020000910                aRxBuffer
                0x0000000020000980                . = ALIGN (0x4)
 *fill*         0x000000002000097f        0x1 
                0x0000000020000980                _ebss = .
                0x0000000020000980                __bss_end__ = _ebss

._user_heap_stack
                0x0000000020000980      0x600 load address 0x000000000804b578
                0x0000000020000980                . = ALIGN (0x8)
                0x0000000020000980                PROVIDE (end, .)
                [!provide]                        PROVIDE (_end, .)
                0x0000000020000b80                . = (. + _Min_Heap_Size)
 *fill*         0x0000000020000980      0x200 
                0x0000000020000f80                . = (. + _Min_Stack_Size)
 *fill*         0x0000000020000b80      0x400 
                0x0000000020000f80                . = ALIGN (0x8)

/DISCARD/
 libc.a(*)
 libm.a(*)
 libgcc.a(*)

.ARM.attributes
                0x0000000000000000       0x30
 *(.ARM.attributes)
 .ARM.attributes
                0x0000000000000000       0x22 /Applications/Ac6/SystemWorkbench.app/Contents/Eclipse/plugins/fr.ac6.mcu.externaltools.arm-none.macos64_1.6.0.201601291255/tools/compiler/bin/../lib/gcc/arm-none-eabi/5.2.1/armv7e-m/fpu/fpv5-sp-d16/crti.o
 .ARM.attributes
                0x0000000000000022       0x34 /Applications/Ac6/SystemWorkbench.app/Contents/Eclipse/plugins/fr.ac6.mcu.externaltools.arm-none.macos64_1.6.0.201601291255/tools/compiler/bin/../lib/gcc/arm-none-eabi/5.2.1/armv7e-m/fpu/fpv5-sp-d16/crtbegin.o
 .ARM.attributes
                0x0000000000000056       0x39 src/key_mng.o
 .ARM.attributes
                0x000000000000008f       0x39 src/main.o
 .ARM.attributes
                0x00000000000000c8       0x39 src/scheduler.o
 .ARM.attributes
                0x0000000000000101       0x39 src/stm32f7xx_hal_msp.o
 .ARM.attributes
                0x000000000000013a       0x39 src/stm32f7xx_it.o
 .ARM.attributes
                0x0000000000000173       0x39 src/system_stm32f7xx.o
 .ARM.attributes
                0x00000000000001ac       0x39 src/usart.o
 .ARM.attributes
                0x00000000000001e5       0x21 startup/startup_stm32f746xx.o
 .ARM.attributes
                0x0000000000000206       0x39 /Users/domenicoperroni/Documents/stm32_workspace/stm32f746g-disco_hal_lib/Debug/libstm32f746g-disco_hal_lib.a(stm32f7xx_hal.o)
 .ARM.attributes
                0x000000000000023f       0x39 /Users/domenicoperroni/Documents/stm32_workspace/stm32f746g-disco_hal_lib/Debug/libstm32f746g-disco_hal_lib.a(stm32f7xx_hal_cortex.o)
 .ARM.attributes
                0x0000000000000278       0x39 /Users/domenicoperroni/Documents/stm32_workspace/stm32f746g-disco_hal_lib/Debug/libstm32f746g-disco_hal_lib.a(stm32f7xx_hal_gpio.o)
 .ARM.attributes
                0x00000000000002b1       0x39 /Users/domenicoperroni/Documents/stm32_workspace/stm32f746g-disco_hal_lib/Debug/libstm32f746g-disco_hal_lib.a(stm32f7xx_hal_pwr_ex.o)
 .ARM.attributes
                0x00000000000002ea       0x39 /Users/domenicoperroni/Documents/stm32_workspace/stm32f746g-disco_hal_lib/Debug/libstm32f746g-disco_hal_lib.a(stm32f7xx_hal_rcc.o)
 .ARM.attributes
                0x0000000000000323       0x39 /Users/domenicoperroni/Documents/stm32_workspace/stm32f746g-disco_hal_lib/Debug/libstm32f746g-disco_hal_lib.a(stm32f7xx_hal_rcc_ex.o)
 .ARM.attributes
                0x000000000000035c       0x39 /Users/domenicoperroni/Documents/stm32_workspace/stm32f746g-disco_hal_lib/Debug/libstm32f746g-disco_hal_lib.a(stm32f7xx_hal_uart.o)
 .ARM.attributes
                0x0000000000000395       0x39 /Users/domenicoperroni/Documents/stm32_workspace/stm32f746g-disco_hal_lib/Debug/libstm32f746g-disco_hal_lib.a(stm32746g_discovery.o)
 .ARM.attributes
                0x00000000000003ce       0x39 /Users/domenicoperroni/Documents/stm32_workspace/stm32f746g-disco_hal_lib/Debug/libstm32f746g-disco_hal_lib.a(stm32746g_discovery_lcd.o)
 .ARM.attributes
                0x0000000000000407       0x39 /Users/domenicoperroni/Documents/stm32_workspace/stm32f746g-disco_hal_lib/Debug/libstm32f746g-disco_hal_lib.a(stm32746g_discovery_sdram.o)
 .ARM.attributes
                0x0000000000000440       0x39 /Users/domenicoperroni/Documents/stm32_workspace/stm32f746g-disco_hal_lib/Debug/libstm32f746g-disco_hal_lib.a(stm32746g_discovery_ts.o)
 .ARM.attributes
                0x0000000000000479       0x39 /Users/domenicoperroni/Documents/stm32_workspace/stm32f746g-disco_hal_lib/Debug/libstm32f746g-disco_hal_lib.a(stm32f7xx_hal_dma.o)
 .ARM.attributes
                0x00000000000004b2       0x39 /Users/domenicoperroni/Documents/stm32_workspace/stm32f746g-disco_hal_lib/Debug/libstm32f746g-disco_hal_lib.a(stm32f7xx_hal_dma2d.o)
 .ARM.attributes
                0x00000000000004eb       0x39 /Users/domenicoperroni/Documents/stm32_workspace/stm32f746g-disco_hal_lib/Debug/libstm32f746g-disco_hal_lib.a(stm32f7xx_hal_i2c.o)
 .ARM.attributes
                0x0000000000000524       0x39 /Users/domenicoperroni/Documents/stm32_workspace/stm32f746g-disco_hal_lib/Debug/libstm32f746g-disco_hal_lib.a(stm32f7xx_hal_ltdc.o)
 .ARM.attributes
                0x000000000000055d       0x39 /Users/domenicoperroni/Documents/stm32_workspace/stm32f746g-disco_hal_lib/Debug/libstm32f746g-disco_hal_lib.a(stm32f7xx_hal_sdram.o)
 .ARM.attributes
                0x0000000000000596       0x39 /Users/domenicoperroni/Documents/stm32_workspace/stm32f746g-disco_hal_lib/Debug/libstm32f746g-disco_hal_lib.a(stm32f7xx_ll_fmc.o)
 .ARM.attributes
                0x00000000000005cf       0x39 /Users/domenicoperroni/Documents/stm32_workspace/stm32f746g-disco_hal_lib/Debug/libstm32f746g-disco_hal_lib.a(ft5336.o)
 .ARM.attributes
                0x0000000000000608       0x34 /Applications/Ac6/SystemWorkbench.app/Contents/Eclipse/plugins/fr.ac6.mcu.externaltools.arm-none.macos64_1.6.0.201601291255/tools/compiler/bin/../lib/gcc/arm-none-eabi/5.2.1/../../../../arm-none-eabi/lib/armv7e-m/fpu/fpv5-sp-d16/libc.a(lib_a-impure.o)
 .ARM.attributes
                0x000000000000063c       0x34 /Applications/Ac6/SystemWorkbench.app/Contents/Eclipse/plugins/fr.ac6.mcu.externaltools.arm-none.macos64_1.6.0.201601291255/tools/compiler/bin/../lib/gcc/arm-none-eabi/5.2.1/../../../../arm-none-eabi/lib/armv7e-m/fpu/fpv5-sp-d16/libc.a(lib_a-init.o)
 .ARM.attributes
                0x0000000000000670       0x34 /Applications/Ac6/SystemWorkbench.app/Contents/Eclipse/plugins/fr.ac6.mcu.externaltools.arm-none.macos64_1.6.0.201601291255/tools/compiler/bin/../lib/gcc/arm-none-eabi/5.2.1/../../../../arm-none-eabi/lib/armv7e-m/fpu/fpv5-sp-d16/libc.a(lib_a-__call_atexit.o)
 .ARM.attributes
                0x00000000000006a4       0x34 /Applications/Ac6/SystemWorkbench.app/Contents/Eclipse/plugins/fr.ac6.mcu.externaltools.arm-none.macos64_1.6.0.201601291255/tools/compiler/bin/../lib/gcc/arm-none-eabi/5.2.1/../../../../arm-none-eabi/lib/armv7e-m/fpu/fpv5-sp-d16/libc.a(lib_a-atexit.o)
 .ARM.attributes
                0x00000000000006d8       0x34 /Applications/Ac6/SystemWorkbench.app/Contents/Eclipse/plugins/fr.ac6.mcu.externaltools.arm-none.macos64_1.6.0.201601291255/tools/compiler/bin/../lib/gcc/arm-none-eabi/5.2.1/../../../../arm-none-eabi/lib/armv7e-m/fpu/fpv5-sp-d16/libc.a(lib_a-fini.o)
 .ARM.attributes
                0x000000000000070c       0x34 /Applications/Ac6/SystemWorkbench.app/Contents/Eclipse/plugins/fr.ac6.mcu.externaltools.arm-none.macos64_1.6.0.201601291255/tools/compiler/bin/../lib/gcc/arm-none-eabi/5.2.1/../../../../arm-none-eabi/lib/armv7e-m/fpu/fpv5-sp-d16/libc.a(lib_a-__atexit.o)
 .ARM.attributes
                0x0000000000000740       0x34 /Applications/Ac6/SystemWorkbench.app/Contents/Eclipse/plugins/fr.ac6.mcu.externaltools.arm-none.macos64_1.6.0.201601291255/tools/compiler/bin/../lib/gcc/arm-none-eabi/5.2.1/armv7e-m/fpu/fpv5-sp-d16/crtend.o
 .ARM.attributes
                0x0000000000000774       0x22 /Applications/Ac6/SystemWorkbench.app/Contents/Eclipse/plugins/fr.ac6.mcu.externaltools.arm-none.macos64_1.6.0.201601291255/tools/compiler/bin/../lib/gcc/arm-none-eabi/5.2.1/armv7e-m/fpu/fpv5-sp-d16/crtn.o
OUTPUT(stm32f7_3.elf elf32-littlearm)

.debug_info     0x0000000000000000    0x128d7
 .debug_info    0x0000000000000000      0x3d6 src/key_mng.o
 .debug_info    0x00000000000003d6      0xb17 src/main.o
 .debug_info    0x0000000000000eed      0x1f0 src/scheduler.o
 .debug_info    0x00000000000010dd      0xddb src/stm32f7xx_hal_msp.o
 .debug_info    0x0000000000001eb8      0x145 src/stm32f7xx_it.o
 .debug_info    0x0000000000001ffd      0x6a9 src/system_stm32f7xx.o
 .debug_info    0x00000000000026a6      0xcd3 src/usart.o
 .debug_info    0x0000000000003379       0x87 startup/startup_stm32f746xx.o
 .debug_info    0x0000000000003400      0x8bb /Users/domenicoperroni/Documents/stm32_workspace/stm32f746g-disco_hal_lib/Debug/libstm32f746g-disco_hal_lib.a(stm32f7xx_hal.o)
 .debug_info    0x0000000000003cbb      0xf3d /Users/domenicoperroni/Documents/stm32_workspace/stm32f746g-disco_hal_lib/Debug/libstm32f746g-disco_hal_lib.a(stm32f7xx_hal_cortex.o)
 .debug_info    0x0000000000004bf8      0x736 /Users/domenicoperroni/Documents/stm32_workspace/stm32f746g-disco_hal_lib/Debug/libstm32f746g-disco_hal_lib.a(stm32f7xx_hal_gpio.o)
 .debug_info    0x000000000000532e      0x8fa /Users/domenicoperroni/Documents/stm32_workspace/stm32f746g-disco_hal_lib/Debug/libstm32f746g-disco_hal_lib.a(stm32f7xx_hal_pwr_ex.o)
 .debug_info    0x0000000000005c28      0xb51 /Users/domenicoperroni/Documents/stm32_workspace/stm32f746g-disco_hal_lib/Debug/libstm32f746g-disco_hal_lib.a(stm32f7xx_hal_rcc.o)
 .debug_info    0x0000000000006779     0x1021 /Users/domenicoperroni/Documents/stm32_workspace/stm32f746g-disco_hal_lib/Debug/libstm32f746g-disco_hal_lib.a(stm32f7xx_hal_rcc_ex.o)
 .debug_info    0x000000000000779a     0x114d /Users/domenicoperroni/Documents/stm32_workspace/stm32f746g-disco_hal_lib/Debug/libstm32f746g-disco_hal_lib.a(stm32f7xx_hal_uart.o)
 .debug_info    0x00000000000088e7     0x1880 /Users/domenicoperroni/Documents/stm32_workspace/stm32f746g-disco_hal_lib/Debug/libstm32f746g-disco_hal_lib.a(stm32746g_discovery.o)
 .debug_info    0x000000000000a167     0x201b /Users/domenicoperroni/Documents/stm32_workspace/stm32f746g-disco_hal_lib/Debug/libstm32f746g-disco_hal_lib.a(stm32746g_discovery_lcd.o)
 .debug_info    0x000000000000c182      0xe9b /Users/domenicoperroni/Documents/stm32_workspace/stm32f746g-disco_hal_lib/Debug/libstm32f746g-disco_hal_lib.a(stm32746g_discovery_sdram.o)
 .debug_info    0x000000000000d01d      0x906 /Users/domenicoperroni/Documents/stm32_workspace/stm32f746g-disco_hal_lib/Debug/libstm32f746g-disco_hal_lib.a(stm32746g_discovery_ts.o)
 .debug_info    0x000000000000d923      0x703 /Users/domenicoperroni/Documents/stm32_workspace/stm32f746g-disco_hal_lib/Debug/libstm32f746g-disco_hal_lib.a(stm32f7xx_hal_dma.o)
 .debug_info    0x000000000000e026      0xa40 /Users/domenicoperroni/Documents/stm32_workspace/stm32f746g-disco_hal_lib/Debug/libstm32f746g-disco_hal_lib.a(stm32f7xx_hal_dma2d.o)
 .debug_info    0x000000000000ea66     0x14be /Users/domenicoperroni/Documents/stm32_workspace/stm32f746g-disco_hal_lib/Debug/libstm32f746g-disco_hal_lib.a(stm32f7xx_hal_i2c.o)
 .debug_info    0x000000000000ff24      0xbde /Users/domenicoperroni/Documents/stm32_workspace/stm32f746g-disco_hal_lib/Debug/libstm32f746g-disco_hal_lib.a(stm32f7xx_hal_ltdc.o)
 .debug_info    0x0000000000010b02      0xc0e /Users/domenicoperroni/Documents/stm32_workspace/stm32f746g-disco_hal_lib/Debug/libstm32f746g-disco_hal_lib.a(stm32f7xx_hal_sdram.o)
 .debug_info    0x0000000000011710      0xc3a /Users/domenicoperroni/Documents/stm32_workspace/stm32f746g-disco_hal_lib/Debug/libstm32f746g-disco_hal_lib.a(stm32f7xx_ll_fmc.o)
 .debug_info    0x000000000001234a      0x58d /Users/domenicoperroni/Documents/stm32_workspace/stm32f746g-disco_hal_lib/Debug/libstm32f746g-disco_hal_lib.a(ft5336.o)

.debug_abbrev   0x0000000000000000     0x2d8b
 .debug_abbrev  0x0000000000000000      0x160 src/key_mng.o
 .debug_abbrev  0x0000000000000160      0x1e6 src/main.o
 .debug_abbrev  0x0000000000000346      0x13c src/scheduler.o
 .debug_abbrev  0x0000000000000482      0x174 src/stm32f7xx_hal_msp.o
 .debug_abbrev  0x00000000000005f6       0x82 src/stm32f7xx_it.o
 .debug_abbrev  0x0000000000000678      0x120 src/system_stm32f7xx.o
 .debug_abbrev  0x0000000000000798      0x1ec src/usart.o
 .debug_abbrev  0x0000000000000984       0x12 startup/startup_stm32f746xx.o
 .debug_abbrev  0x0000000000000996      0x19a /Users/domenicoperroni/Documents/stm32_workspace/stm32f746g-disco_hal_lib/Debug/libstm32f746g-disco_hal_lib.a(stm32f7xx_hal.o)
 .debug_abbrev  0x0000000000000b30      0x2cc /Users/domenicoperroni/Documents/stm32_workspace/stm32f746g-disco_hal_lib/Debug/libstm32f746g-disco_hal_lib.a(stm32f7xx_hal_cortex.o)
 .debug_abbrev  0x0000000000000dfc      0x1af /Users/domenicoperroni/Documents/stm32_workspace/stm32f746g-disco_hal_lib/Debug/libstm32f746g-disco_hal_lib.a(stm32f7xx_hal_gpio.o)
 .debug_abbrev  0x0000000000000fab      0x1a9 /Users/domenicoperroni/Documents/stm32_workspace/stm32f746g-disco_hal_lib/Debug/libstm32f746g-disco_hal_lib.a(stm32f7xx_hal_pwr_ex.o)
 .debug_abbrev  0x0000000000001154      0x299 /Users/domenicoperroni/Documents/stm32_workspace/stm32f746g-disco_hal_lib/Debug/libstm32f746g-disco_hal_lib.a(stm32f7xx_hal_rcc.o)
 .debug_abbrev  0x00000000000013ed      0x1e3 /Users/domenicoperroni/Documents/stm32_workspace/stm32f746g-disco_hal_lib/Debug/libstm32f746g-disco_hal_lib.a(stm32f7xx_hal_rcc_ex.o)
 .debug_abbrev  0x00000000000015d0      0x1fe /Users/domenicoperroni/Documents/stm32_workspace/stm32f746g-disco_hal_lib/Debug/libstm32f746g-disco_hal_lib.a(stm32f7xx_hal_uart.o)
 .debug_abbrev  0x00000000000017ce      0x269 /Users/domenicoperroni/Documents/stm32_workspace/stm32f746g-disco_hal_lib/Debug/libstm32f746g-disco_hal_lib.a(stm32746g_discovery.o)
 .debug_abbrev  0x0000000000001a37      0x2b2 /Users/domenicoperroni/Documents/stm32_workspace/stm32f746g-disco_hal_lib/Debug/libstm32f746g-disco_hal_lib.a(stm32746g_discovery_lcd.o)
 .debug_abbrev  0x0000000000001ce9      0x1eb /Users/domenicoperroni/Documents/stm32_workspace/stm32f746g-disco_hal_lib/Debug/libstm32f746g-disco_hal_lib.a(stm32746g_discovery_sdram.o)
 .debug_abbrev  0x0000000000001ed4      0x1f7 /Users/domenicoperroni/Documents/stm32_workspace/stm32f746g-disco_hal_lib/Debug/libstm32f746g-disco_hal_lib.a(stm32746g_discovery_ts.o)
 .debug_abbrev  0x00000000000020cb      0x209 /Users/domenicoperroni/Documents/stm32_workspace/stm32f746g-disco_hal_lib/Debug/libstm32f746g-disco_hal_lib.a(stm32f7xx_hal_dma.o)
 .debug_abbrev  0x00000000000022d4      0x1fb /Users/domenicoperroni/Documents/stm32_workspace/stm32f746g-disco_hal_lib/Debug/libstm32f746g-disco_hal_lib.a(stm32f7xx_hal_dma2d.o)
 .debug_abbrev  0x00000000000024cf      0x1ca /Users/domenicoperroni/Documents/stm32_workspace/stm32f746g-disco_hal_lib/Debug/libstm32f746g-disco_hal_lib.a(stm32f7xx_hal_i2c.o)
 .debug_abbrev  0x0000000000002699      0x1fa /Users/domenicoperroni/Documents/stm32_workspace/stm32f746g-disco_hal_lib/Debug/libstm32f746g-disco_hal_lib.a(stm32f7xx_hal_ltdc.o)
 .debug_abbrev  0x0000000000002893      0x1dd /Users/domenicoperroni/Documents/stm32_workspace/stm32f746g-disco_hal_lib/Debug/libstm32f746g-disco_hal_lib.a(stm32f7xx_hal_sdram.o)
 .debug_abbrev  0x0000000000002a70      0x156 /Users/domenicoperroni/Documents/stm32_workspace/stm32f746g-disco_hal_lib/Debug/libstm32f746g-disco_hal_lib.a(stm32f7xx_ll_fmc.o)
 .debug_abbrev  0x0000000000002bc6      0x1c5 /Users/domenicoperroni/Documents/stm32_workspace/stm32f746g-disco_hal_lib/Debug/libstm32f746g-disco_hal_lib.a(ft5336.o)

.debug_aranges  0x0000000000000000     0x1040
 .debug_aranges
                0x0000000000000000       0x30 src/key_mng.o
 .debug_aranges
                0x0000000000000030       0x50 src/main.o
 .debug_aranges
                0x0000000000000080       0x40 src/scheduler.o
 .debug_aranges
                0x00000000000000c0       0x38 src/stm32f7xx_hal_msp.o
 .debug_aranges
                0x00000000000000f8       0x60 src/stm32f7xx_it.o
 .debug_aranges
                0x0000000000000158       0x28 src/system_stm32f7xx.o
 .debug_aranges
                0x0000000000000180       0x48 src/usart.o
 .debug_aranges
                0x00000000000001c8       0x28 startup/startup_stm32f746xx.o
 .debug_aranges
                0x00000000000001f0       0xd0 /Users/domenicoperroni/Documents/stm32_workspace/stm32f746g-disco_hal_lib/Debug/libstm32f746g-disco_hal_lib.a(stm32f7xx_hal.o)
 .debug_aranges
                0x00000000000002c0      0x108 /Users/domenicoperroni/Documents/stm32_workspace/stm32f746g-disco_hal_lib/Debug/libstm32f746g-disco_hal_lib.a(stm32f7xx_hal_cortex.o)
 .debug_aranges
                0x00000000000003c8       0x58 /Users/domenicoperroni/Documents/stm32_workspace/stm32f746g-disco_hal_lib/Debug/libstm32f746g-disco_hal_lib.a(stm32f7xx_hal_gpio.o)
 .debug_aranges
                0x0000000000000420       0x80 /Users/domenicoperroni/Documents/stm32_workspace/stm32f746g-disco_hal_lib/Debug/libstm32f746g-disco_hal_lib.a(stm32f7xx_hal_pwr_ex.o)
 .debug_aranges
                0x00000000000004a0       0x88 /Users/domenicoperroni/Documents/stm32_workspace/stm32f746g-disco_hal_lib/Debug/libstm32f746g-disco_hal_lib.a(stm32f7xx_hal_rcc.o)
 .debug_aranges
                0x0000000000000528       0x30 /Users/domenicoperroni/Documents/stm32_workspace/stm32f746g-disco_hal_lib/Debug/libstm32f746g-disco_hal_lib.a(stm32f7xx_hal_rcc_ex.o)
 .debug_aranges
                0x0000000000000558      0x160 /Users/domenicoperroni/Documents/stm32_workspace/stm32f746g-disco_hal_lib/Debug/libstm32f746g-disco_hal_lib.a(stm32f7xx_hal_uart.o)
 .debug_aranges
                0x00000000000006b8      0x128 /Users/domenicoperroni/Documents/stm32_workspace/stm32f746g-disco_hal_lib/Debug/libstm32f746g-disco_hal_lib.a(stm32746g_discovery.o)
 .debug_aranges
                0x00000000000007e0      0x1a0 /Users/domenicoperroni/Documents/stm32_workspace/stm32f746g-disco_hal_lib/Debug/libstm32f746g-disco_hal_lib.a(stm32746g_discovery_lcd.o)
 .debug_aranges
                0x0000000000000980       0x70 /Users/domenicoperroni/Documents/stm32_workspace/stm32f746g-disco_hal_lib/Debug/libstm32f746g-disco_hal_lib.a(stm32746g_discovery_sdram.o)
 .debug_aranges
                0x00000000000009f0       0x58 /Users/domenicoperroni/Documents/stm32_workspace/stm32f746g-disco_hal_lib/Debug/libstm32f746g-disco_hal_lib.a(stm32746g_discovery_ts.o)
 .debug_aranges
                0x0000000000000a48       0x70 /Users/domenicoperroni/Documents/stm32_workspace/stm32f746g-disco_hal_lib/Debug/libstm32f746g-disco_hal_lib.a(stm32f7xx_hal_dma.o)
 .debug_aranges
                0x0000000000000ab8       0xc0 /Users/domenicoperroni/Documents/stm32_workspace/stm32f746g-disco_hal_lib/Debug/libstm32f746g-disco_hal_lib.a(stm32f7xx_hal_dma2d.o)
 .debug_aranges
                0x0000000000000b78      0x1c0 /Users/domenicoperroni/Documents/stm32_workspace/stm32f746g-disco_hal_lib/Debug/libstm32f746g-disco_hal_lib.a(stm32f7xx_hal_i2c.o)
 .debug_aranges
                0x0000000000000d38       0xe0 /Users/domenicoperroni/Documents/stm32_workspace/stm32f746g-disco_hal_lib/Debug/libstm32f746g-disco_hal_lib.a(stm32f7xx_hal_ltdc.o)
 .debug_aranges
                0x0000000000000e18       0xd0 /Users/domenicoperroni/Documents/stm32_workspace/stm32f746g-disco_hal_lib/Debug/libstm32f746g-disco_hal_lib.a(stm32f7xx_hal_sdram.o)
 .debug_aranges
                0x0000000000000ee8       0xc8 /Users/domenicoperroni/Documents/stm32_workspace/stm32f746g-disco_hal_lib/Debug/libstm32f746g-disco_hal_lib.a(stm32f7xx_ll_fmc.o)
 .debug_aranges
                0x0000000000000fb0       0x90 /Users/domenicoperroni/Documents/stm32_workspace/stm32f746g-disco_hal_lib/Debug/libstm32f746g-disco_hal_lib.a(ft5336.o)

.debug_ranges   0x0000000000000000      0xea8
 .debug_ranges  0x0000000000000000       0x20 src/key_mng.o
 .debug_ranges  0x0000000000000020       0x40 src/main.o
 .debug_ranges  0x0000000000000060       0x30 src/scheduler.o
 .debug_ranges  0x0000000000000090       0x28 src/stm32f7xx_hal_msp.o
 .debug_ranges  0x00000000000000b8       0x50 src/stm32f7xx_it.o
 .debug_ranges  0x0000000000000108       0x18 src/system_stm32f7xx.o
 .debug_ranges  0x0000000000000120       0x38 src/usart.o
 .debug_ranges  0x0000000000000158       0x20 startup/startup_stm32f746xx.o
 .debug_ranges  0x0000000000000178       0xc0 /Users/domenicoperroni/Documents/stm32_workspace/stm32f746g-disco_hal_lib/Debug/libstm32f746g-disco_hal_lib.a(stm32f7xx_hal.o)
 .debug_ranges  0x0000000000000238       0xf8 /Users/domenicoperroni/Documents/stm32_workspace/stm32f746g-disco_hal_lib/Debug/libstm32f746g-disco_hal_lib.a(stm32f7xx_hal_cortex.o)
 .debug_ranges  0x0000000000000330       0x48 /Users/domenicoperroni/Documents/stm32_workspace/stm32f746g-disco_hal_lib/Debug/libstm32f746g-disco_hal_lib.a(stm32f7xx_hal_gpio.o)
 .debug_ranges  0x0000000000000378       0x70 /Users/domenicoperroni/Documents/stm32_workspace/stm32f746g-disco_hal_lib/Debug/libstm32f746g-disco_hal_lib.a(stm32f7xx_hal_pwr_ex.o)
 .debug_ranges  0x00000000000003e8       0x78 /Users/domenicoperroni/Documents/stm32_workspace/stm32f746g-disco_hal_lib/Debug/libstm32f746g-disco_hal_lib.a(stm32f7xx_hal_rcc.o)
 .debug_ranges  0x0000000000000460       0x20 /Users/domenicoperroni/Documents/stm32_workspace/stm32f746g-disco_hal_lib/Debug/libstm32f746g-disco_hal_lib.a(stm32f7xx_hal_rcc_ex.o)
 .debug_ranges  0x0000000000000480      0x150 /Users/domenicoperroni/Documents/stm32_workspace/stm32f746g-disco_hal_lib/Debug/libstm32f746g-disco_hal_lib.a(stm32f7xx_hal_uart.o)
 .debug_ranges  0x00000000000005d0      0x118 /Users/domenicoperroni/Documents/stm32_workspace/stm32f746g-disco_hal_lib/Debug/libstm32f746g-disco_hal_lib.a(stm32746g_discovery.o)
 .debug_ranges  0x00000000000006e8      0x190 /Users/domenicoperroni/Documents/stm32_workspace/stm32f746g-disco_hal_lib/Debug/libstm32f746g-disco_hal_lib.a(stm32746g_discovery_lcd.o)
 .debug_ranges  0x0000000000000878       0x60 /Users/domenicoperroni/Documents/stm32_workspace/stm32f746g-disco_hal_lib/Debug/libstm32f746g-disco_hal_lib.a(stm32746g_discovery_sdram.o)
 .debug_ranges  0x00000000000008d8       0x48 /Users/domenicoperroni/Documents/stm32_workspace/stm32f746g-disco_hal_lib/Debug/libstm32f746g-disco_hal_lib.a(stm32746g_discovery_ts.o)
 .debug_ranges  0x0000000000000920       0x60 /Users/domenicoperroni/Documents/stm32_workspace/stm32f746g-disco_hal_lib/Debug/libstm32f746g-disco_hal_lib.a(stm32f7xx_hal_dma.o)
 .debug_ranges  0x0000000000000980       0xb0 /Users/domenicoperroni/Documents/stm32_workspace/stm32f746g-disco_hal_lib/Debug/libstm32f746g-disco_hal_lib.a(stm32f7xx_hal_dma2d.o)
 .debug_ranges  0x0000000000000a30      0x1b0 /Users/domenicoperroni/Documents/stm32_workspace/stm32f746g-disco_hal_lib/Debug/libstm32f746g-disco_hal_lib.a(stm32f7xx_hal_i2c.o)
 .debug_ranges  0x0000000000000be0       0xd0 /Users/domenicoperroni/Documents/stm32_workspace/stm32f746g-disco_hal_lib/Debug/libstm32f746g-disco_hal_lib.a(stm32f7xx_hal_ltdc.o)
 .debug_ranges  0x0000000000000cb0       0xc0 /Users/domenicoperroni/Documents/stm32_workspace/stm32f746g-disco_hal_lib/Debug/libstm32f746g-disco_hal_lib.a(stm32f7xx_hal_sdram.o)
 .debug_ranges  0x0000000000000d70       0xb8 /Users/domenicoperroni/Documents/stm32_workspace/stm32f746g-disco_hal_lib/Debug/libstm32f746g-disco_hal_lib.a(stm32f7xx_ll_fmc.o)
 .debug_ranges  0x0000000000000e28       0x80 /Users/domenicoperroni/Documents/stm32_workspace/stm32f746g-disco_hal_lib/Debug/libstm32f746g-disco_hal_lib.a(ft5336.o)

.debug_macro    0x0000000000000000    0x22404
 .debug_macro   0x0000000000000000      0x52f src/key_mng.o
 .debug_macro   0x000000000000052f      0x8aa src/key_mng.o
 .debug_macro   0x0000000000000dd9      0x237 src/key_mng.o
 .debug_macro   0x0000000000001010       0x28 src/key_mng.o
 .debug_macro   0x0000000000001038       0x3b src/key_mng.o
 .debug_macro   0x0000000000001073       0x22 src/key_mng.o
 .debug_macro   0x0000000000001095       0x44 src/key_mng.o
 .debug_macro   0x00000000000010d9       0xfd src/key_mng.o
 .debug_macro   0x00000000000011d6       0x22 src/key_mng.o
 .debug_macro   0x00000000000011f8      0x1df src/key_mng.o
 .debug_macro   0x00000000000013d7       0x35 src/key_mng.o
 .debug_macro   0x000000000000140c       0x50 src/key_mng.o
 .debug_macro   0x000000000000145c     0x1114 src/key_mng.o
 .debug_macro   0x0000000000002570     0xa75c src/key_mng.o
 .debug_macro   0x000000000000cccc       0x43 src/key_mng.o
 .debug_macro   0x000000000000cd0f     0x32ff src/key_mng.o
 .debug_macro   0x000000000001000e       0x58 src/key_mng.o
 .debug_macro   0x0000000000010066       0x35 src/key_mng.o
 .debug_macro   0x000000000001009b       0x9c src/key_mng.o
 .debug_macro   0x0000000000010137       0x16 src/key_mng.o
 .debug_macro   0x000000000001014d       0x97 src/key_mng.o
 .debug_macro   0x00000000000101e4      0x329 src/key_mng.o
 .debug_macro   0x000000000001050d       0xfd src/key_mng.o
 .debug_macro   0x000000000001060a       0x10 src/key_mng.o
 .debug_macro   0x000000000001061a       0x52 src/key_mng.o
 .debug_macro   0x000000000001066c       0x16 src/key_mng.o
 .debug_macro   0x0000000000010682       0x43 src/key_mng.o
 .debug_macro   0x00000000000106c5      0x187 src/key_mng.o
 .debug_macro   0x000000000001084c       0x10 src/key_mng.o
 .debug_macro   0x000000000001085c       0x22 src/key_mng.o
 .debug_macro   0x000000000001087e       0x3a src/key_mng.o
 .debug_macro   0x00000000000108b8       0x10 src/key_mng.o
 .debug_macro   0x00000000000108c8       0x40 src/key_mng.o
 .debug_macro   0x0000000000010908       0x65 src/key_mng.o
 .debug_macro   0x000000000001096d       0x16 src/key_mng.o
 .debug_macro   0x0000000000010983      0x197 src/key_mng.o
 .debug_macro   0x0000000000010b1a       0x57 src/key_mng.o
 .debug_macro   0x0000000000010b71      0x5c9 src/key_mng.o
 .debug_macro   0x000000000001113a     0x18a6 src/key_mng.o
 .debug_macro   0x00000000000129e0       0xdd src/key_mng.o
 .debug_macro   0x0000000000012abd      0x11e src/key_mng.o
 .debug_macro   0x0000000000012bdb      0x1f3 src/key_mng.o
 .debug_macro   0x0000000000012dce       0x27 src/key_mng.o
 .debug_macro   0x0000000000012df5      0x272 src/key_mng.o
 .debug_macro   0x0000000000013067       0x5f src/key_mng.o
 .debug_macro   0x00000000000130c6      0x23a src/key_mng.o
 .debug_macro   0x0000000000013300      0x38a src/key_mng.o
 .debug_macro   0x000000000001368a      0x161 src/key_mng.o
 .debug_macro   0x00000000000137eb       0xf9 src/key_mng.o
 .debug_macro   0x00000000000138e4      0x36e src/key_mng.o
 .debug_macro   0x0000000000013c52      0x272 src/key_mng.o
 .debug_macro   0x0000000000013ec4       0xab src/key_mng.o
 .debug_macro   0x0000000000013f6f       0x4c src/key_mng.o
 .debug_macro   0x0000000000013fbb       0x2e src/key_mng.o
 .debug_macro   0x0000000000013fe9      0x1f3 src/key_mng.o
 .debug_macro   0x00000000000141dc       0xe6 src/key_mng.o
 .debug_macro   0x00000000000142c2       0xa1 src/key_mng.o
 .debug_macro   0x0000000000014363       0x3c src/key_mng.o
 .debug_macro   0x000000000001439f       0x6c src/key_mng.o
 .debug_macro   0x000000000001440b      0x1aa src/key_mng.o
 .debug_macro   0x00000000000145b5      0xd92 src/key_mng.o
 .debug_macro   0x0000000000015347      0x111 src/key_mng.o
 .debug_macro   0x0000000000015458      0x293 src/key_mng.o
 .debug_macro   0x00000000000156eb       0x12 src/key_mng.o
 .debug_macro   0x00000000000156fd      0x516 src/key_mng.o
 .debug_macro   0x0000000000015c13       0x88 src/key_mng.o
 .debug_macro   0x0000000000015c9b       0xce src/key_mng.o
 .debug_macro   0x0000000000015d69       0x10 src/key_mng.o
 .debug_macro   0x0000000000015d79      0x1d0 src/key_mng.o
 .debug_macro   0x0000000000015f49       0x22 src/key_mng.o
 .debug_macro   0x0000000000015f6b       0x66 src/key_mng.o
 .debug_macro   0x0000000000015fd1      0x1b5 src/key_mng.o
 .debug_macro   0x0000000000016186       0xab src/key_mng.o
 .debug_macro   0x0000000000016231      0x22c src/key_mng.o
 .debug_macro   0x000000000001645d      0x240 src/key_mng.o
 .debug_macro   0x000000000001669d      0x133 src/key_mng.o
 .debug_macro   0x00000000000167d0      0x10c src/key_mng.o
 .debug_macro   0x00000000000168dc       0x3c src/key_mng.o
 .debug_macro   0x0000000000016918      0x2db src/key_mng.o
 .debug_macro   0x0000000000016bf3       0x7b src/key_mng.o
 .debug_macro   0x0000000000016c6e      0x313 src/key_mng.o
 .debug_macro   0x0000000000016f81      0x4dc src/key_mng.o
 .debug_macro   0x000000000001745d       0xd6 src/key_mng.o
 .debug_macro   0x0000000000017533      0x398 src/key_mng.o
 .debug_macro   0x00000000000178cb       0xd6 src/key_mng.o
 .debug_macro   0x00000000000179a1      0x398 src/key_mng.o
 .debug_macro   0x0000000000017d39      0x22b src/key_mng.o
 .debug_macro   0x0000000000017f64      0x1ed src/key_mng.o
 .debug_macro   0x0000000000018151      0x2e2 src/key_mng.o
 .debug_macro   0x0000000000018433      0x677 src/key_mng.o
 .debug_macro   0x0000000000018aaa      0x24f src/key_mng.o
 .debug_macro   0x0000000000018cf9      0x138 src/key_mng.o
 .debug_macro   0x0000000000018e31      0x4e8 src/key_mng.o
 .debug_macro   0x0000000000019319       0x47 src/key_mng.o
 .debug_macro   0x0000000000019360      0x1df src/key_mng.o
 .debug_macro   0x000000000001953f       0x29 src/key_mng.o
 .debug_macro   0x0000000000019568       0x58 src/key_mng.o
 .debug_macro   0x00000000000195c0      0x1c3 src/key_mng.o
 .debug_macro   0x0000000000019783       0x30 src/key_mng.o
 .debug_macro   0x00000000000197b3       0x58 src/key_mng.o
 .debug_macro   0x000000000001980b      0x2cd src/key_mng.o
 .debug_macro   0x0000000000019ad8       0x10 src/key_mng.o
 .debug_macro   0x0000000000019ae8       0xa5 src/key_mng.o
 .debug_macro   0x0000000000019b8d       0x8d src/key_mng.o
 .debug_macro   0x0000000000019c1a      0x1df src/key_mng.o
 .debug_macro   0x0000000000019df9      0x119 src/key_mng.o
 .debug_macro   0x0000000000019f12       0x75 src/key_mng.o
 .debug_macro   0x0000000000019f87      0x130 src/key_mng.o
 .debug_macro   0x000000000001a0b7      0x26a src/key_mng.o
 .debug_macro   0x000000000001a321       0x10 src/key_mng.o
 .debug_macro   0x000000000001a331      0x39f src/key_mng.o
 .debug_macro   0x000000000001a6d0       0x2e src/key_mng.o
 .debug_macro   0x000000000001a6fe       0x10 src/key_mng.o
 .debug_macro   0x000000000001a70e      0x569 src/main.o
 .debug_macro   0x000000000001ac77       0x40 src/main.o
 .debug_macro   0x000000000001acb7       0xa0 src/main.o
 .debug_macro   0x000000000001ad57       0x10 src/main.o
 .debug_macro   0x000000000001ad67      0x11e src/main.o
 .debug_macro   0x000000000001ae85       0x64 src/main.o
 .debug_macro   0x000000000001aee9       0x2a src/scheduler.o
 .debug_macro   0x000000000001af13      0x52e src/stm32f7xx_hal_msp.o
 .debug_macro   0x000000000001b441      0x533 src/stm32f7xx_it.o
 .debug_macro   0x000000000001b974      0x2f8 src/system_stm32f7xx.o
 .debug_macro   0x000000000001bc6c      0x189 src/system_stm32f7xx.o
 .debug_macro   0x000000000001bdf5      0x500 src/usart.o
 .debug_macro   0x000000000001c2f5      0x508 /Users/domenicoperroni/Documents/stm32_workspace/stm32f746g-disco_hal_lib/Debug/libstm32f746g-disco_hal_lib.a(stm32f7xx_hal.o)
 .debug_macro   0x000000000001c7fd      0x8a4 /Users/domenicoperroni/Documents/stm32_workspace/stm32f746g-disco_hal_lib/Debug/libstm32f746g-disco_hal_lib.a(stm32f7xx_hal.o)
 .debug_macro   0x000000000001d0a1      0x4e4 /Users/domenicoperroni/Documents/stm32_workspace/stm32f746g-disco_hal_lib/Debug/libstm32f746g-disco_hal_lib.a(stm32f7xx_hal_cortex.o)
 .debug_macro   0x000000000001d585      0x51c /Users/domenicoperroni/Documents/stm32_workspace/stm32f746g-disco_hal_lib/Debug/libstm32f746g-disco_hal_lib.a(stm32f7xx_hal_gpio.o)
 .debug_macro   0x000000000001daa1      0x4fc /Users/domenicoperroni/Documents/stm32_workspace/stm32f746g-disco_hal_lib/Debug/libstm32f746g-disco_hal_lib.a(stm32f7xx_hal_pwr_ex.o)
 .debug_macro   0x000000000001df9d      0x508 /Users/domenicoperroni/Documents/stm32_workspace/stm32f746g-disco_hal_lib/Debug/libstm32f746g-disco_hal_lib.a(stm32f7xx_hal_rcc.o)
 .debug_macro   0x000000000001e4a5      0x4f0 /Users/domenicoperroni/Documents/stm32_workspace/stm32f746g-disco_hal_lib/Debug/libstm32f746g-disco_hal_lib.a(stm32f7xx_hal_rcc_ex.o)
 .debug_macro   0x000000000001e995      0x4ec /Users/domenicoperroni/Documents/stm32_workspace/stm32f746g-disco_hal_lib/Debug/libstm32f746g-disco_hal_lib.a(stm32f7xx_hal_uart.o)
 .debug_macro   0x000000000001ee81      0x511 /Users/domenicoperroni/Documents/stm32_workspace/stm32f746g-disco_hal_lib/Debug/libstm32f746g-disco_hal_lib.a(stm32746g_discovery.o)