Archive member included to satisfy reference by file (symbol)

/Users/domenicoperroni/Documents/stm32_workspace/stm32f746g-disco_hal_lib/Debug/libstm32f746g-disco_hal_lib.a(stm32f7xx_hal.o)
                              src/main.o (HAL_Init)
/Users/domenicoperroni/Documents/stm32_workspace/stm32f746g-disco_hal_lib/Debug/libstm32f746g-disco_hal_lib.a(stm32f7xx_hal_cortex.o)
                              /Users/domenicoperroni/Documents/stm32_workspace/stm32f746g-disco_hal_lib/Debug/libstm32f746g-disco_hal_lib.a(stm32f7xx_hal.o) (HAL_NVIC_SetPriorityGrouping)
/Users/domenicoperroni/Documents/stm32_workspace/stm32f746g-disco_hal_lib/Debug/libstm32f746g-disco_hal_lib.a(stm32f7xx_hal_gpio.o)
                              src/stm32f7xx_hal_msp.o (HAL_GPIO_Init)
/Users/domenicoperroni/Documents/stm32_workspace/stm32f746g-disco_hal_lib/Debug/libstm32f746g-disco_hal_lib.a(stm32f7xx_hal_pwr_ex.o)
                              src/main.o (HAL_PWREx_EnableOverDrive)
/Users/domenicoperroni/Documents/stm32_workspace/stm32f746g-disco_hal_lib/Debug/libstm32f746g-disco_hal_lib.a(stm32f7xx_hal_rcc.o)
                              src/main.o (HAL_RCC_OscConfig)
/Users/domenicoperroni/Documents/stm32_workspace/stm32f746g-disco_hal_lib/Debug/libstm32f746g-disco_hal_lib.a(stm32f7xx_hal_rcc_ex.o)
                              src/display_screen.o (HAL_RCCEx_PeriphCLKConfig)
/Users/domenicoperroni/Documents/stm32_workspace/stm32f746g-disco_hal_lib/Debug/libstm32f746g-disco_hal_lib.a(stm32f7xx_hal_uart.o)
                              src/usart.o (HAL_UART_Init)
/Users/domenicoperroni/Documents/stm32_workspace/stm32f746g-disco_hal_lib/Debug/libstm32f746g-disco_hal_lib.a(stm32746g_discovery.o)
                              src/usart.o (BSP_LED_On)
/Users/domenicoperroni/Documents/stm32_workspace/stm32f746g-disco_hal_lib/Debug/libstm32f746g-disco_hal_lib.a(stm32746g_discovery_lcd.o)
                              src/display_screen.o (BSP_LCD_Init)
/Users/domenicoperroni/Documents/stm32_workspace/stm32f746g-disco_hal_lib/Debug/libstm32f746g-disco_hal_lib.a(stm32746g_discovery_sdram.o)
                              /Users/domenicoperroni/Documents/stm32_workspace/stm32f746g-disco_hal_lib/Debug/libstm32f746g-disco_hal_lib.a(stm32746g_discovery_lcd.o) (BSP_SDRAM_Init)
/Users/domenicoperroni/Documents/stm32_workspace/stm32f746g-disco_hal_lib/Debug/libstm32f746g-disco_hal_lib.a(stm32746g_discovery_ts.o)
                              src/display_screen.o (BSP_TS_Init)
/Users/domenicoperroni/Documents/stm32_workspace/stm32f746g-disco_hal_lib/Debug/libstm32f746g-disco_hal_lib.a(stm32f7xx_hal_dma.o)
                              /Users/domenicoperroni/Documents/stm32_workspace/stm32f746g-disco_hal_lib/Debug/libstm32f746g-disco_hal_lib.a(stm32746g_discovery_sdram.o) (HAL_DMA_Init)
/Users/domenicoperroni/Documents/stm32_workspace/stm32f746g-disco_hal_lib/Debug/libstm32f746g-disco_hal_lib.a(stm32f7xx_hal_dma2d.o)
                              /Users/domenicoperroni/Documents/stm32_workspace/stm32f746g-disco_hal_lib/Debug/libstm32f746g-disco_hal_lib.a(stm32746g_discovery_lcd.o) (HAL_DMA2D_Init)
/Users/domenicoperroni/Documents/stm32_workspace/stm32f746g-disco_hal_lib/Debug/libstm32f746g-disco_hal_lib.a(stm32f7xx_hal_i2c.o)
                              /Users/domenicoperroni/Documents/stm32_workspace/stm32f746g-disco_hal_lib/Debug/libstm32f746g-disco_hal_lib.a(stm32746g_discovery.o) (HAL_I2C_Init)
/Users/domenicoperroni/Documents/stm32_workspace/stm32f746g-disco_hal_lib/Debug/libstm32f746g-disco_hal_lib.a(stm32f7xx_hal_ltdc.o)
                              /Users/domenicoperroni/Documents/stm32_workspace/stm32f746g-disco_hal_lib/Debug/libstm32f746g-disco_hal_lib.a(stm32746g_discovery_lcd.o) (HAL_LTDC_Init)
/Users/domenicoperroni/Documents/stm32_workspace/stm32f746g-disco_hal_lib/Debug/libstm32f746g-disco_hal_lib.a(stm32f7xx_hal_sdram.o)
                              /Users/domenicoperroni/Documents/stm32_workspace/stm32f746g-disco_hal_lib/Debug/libstm32f746g-disco_hal_lib.a(stm32746g_discovery_sdram.o) (HAL_SDRAM_Init)
/Users/domenicoperroni/Documents/stm32_workspace/stm32f746g-disco_hal_lib/Debug/libstm32f746g-disco_hal_lib.a(stm32f7xx_ll_fmc.o)
                              /Users/domenicoperroni/Documents/stm32_workspace/stm32f746g-disco_hal_lib/Debug/libstm32f746g-disco_hal_lib.a(stm32f7xx_hal_sdram.o) (FMC_SDRAM_Init)
/Users/domenicoperroni/Documents/stm32_workspace/stm32f746g-disco_hal_lib/Debug/libstm32f746g-disco_hal_lib.a(ft5336.o)
                              /Users/domenicoperroni/Documents/stm32_workspace/stm32f746g-disco_hal_lib/Debug/libstm32f746g-disco_hal_lib.a(stm32746g_discovery_ts.o) (ft5336_ts_drv)
/Applications/Ac6/SystemWorkbench.app/Contents/Eclipse/plugins/fr.ac6.mcu.externaltools.arm-none.macos64_1.6.0.201601291255/tools/compiler/bin/../lib/gcc/arm-none-eabi/5.2.1/../../../../arm-none-eabi/lib/armv7e-m/fpu/fpv5-sp-d16/libc.a(lib_a-errno.o)
                              src/syscalls.o (__errno)
[...]
Memory Configuration

Name             Origin             Length             Attributes
FLASH            0x0000000008000000 0x0000000000100000 xr
RAM              0x0000000020000000 0x0000000000050000 xrw
*default*        0x0000000000000000 0xffffffffffffffff

Linker script and memory map

LOAD /Applications/Ac6/SystemWorkbench.app/Contents/Eclipse/plugins/fr.ac6.mcu.externaltools.arm-none.macos64_1.6.0.201601291255/tools/compiler/bin/../lib/gcc/arm-none-eabi/5.2.1/armv7e-m/fpu/fpv5-sp-d16/crti.o
LOAD /Applications/Ac6/SystemWorkbench.app/Contents/Eclipse/plugins/fr.ac6.mcu.externaltools.arm-none.macos64_1.6.0.201601291255/tools/compiler/bin/../lib/gcc/arm-none-eabi/5.2.1/armv7e-m/fpu/fpv5-sp-d16/crtbegin.o
LOAD /Applications/Ac6/SystemWorkbench.app/Contents/Eclipse/plugins/fr.ac6.mcu.externaltools.arm-none.macos64_1.6.0.201601291255/tools/compiler/bin/../lib/gcc/arm-none-eabi/5.2.1/../../../../arm-none-eabi/lib/armv7e-m/fpu/fpv5-sp-d16/crt0.o
LOAD /Applications/Ac6/SystemWorkbench.app/Contents/Eclipse/plugins/fr.ac6.mcu.externaltools.arm-none.macos64_1.6.0.201601291255/tools/compiler/bin/../lib/gcc/arm-none-eabi/5.2.1/../../../../arm-none-eabi/lib/armv7e-m/fpu/fpv5-sp-d16/libm.a
LOAD src/display_screen.o
LOAD src/key_mng.o
LOAD src/main.o
LOAD src/scheduler.o
LOAD src/stm32f7xx_hal_msp.o
LOAD src/stm32f7xx_it.o
LOAD src/syscalls.o
LOAD src/system_stm32f7xx.o
LOAD src/timer.o
LOAD src/usart.o
LOAD startup/startup_stm32f746xx.o
LOAD /Users/domenicoperroni/Documents/stm32_workspace/stm32f746g-disco_hal_lib/Debug/libstm32f746g-disco_hal_lib.a
START GROUP
LOAD /Applications/Ac6/SystemWorkbench.app/Contents/Eclipse/plugins/fr.ac6.mcu.externaltools.arm-none.macos64_1.6.0.201601291255/tools/compiler/bin/../lib/gcc/arm-none-eabi/5.2.1/armv7e-m/fpu/fpv5-sp-d16/libgcc.a
LOAD /Applications/Ac6/SystemWorkbench.app/Contents/Eclipse/plugins/fr.ac6.mcu.externaltools.arm-none.macos64_1.6.0.201601291255/tools/compiler/bin/../lib/gcc/arm-none-eabi/5.2.1/../../../../arm-none-eabi/lib/armv7e-m/fpu/fpv5-sp-d16/libc.a
END GROUP
LOAD /Applications/Ac6/SystemWorkbench.app/Contents/Eclipse/plugins/fr.ac6.mcu.externaltools.arm-none.macos64_1.6.0.201601291255/tools/compiler/bin/../lib/gcc/arm-none-eabi/5.2.1/armv7e-m/fpu/fpv5-sp-d16/crtend.o
LOAD /Applications/Ac6/SystemWorkbench.app/Contents/Eclipse/plugins/fr.ac6.mcu.externaltools.arm-none.macos64_1.6.0.201601291255/tools/compiler/bin/../lib/gcc/arm-none-eabi/5.2.1/armv7e-m/fpu/fpv5-sp-d16/crtn.o
                0x0000000020050000                _estack = 0x20050000
                0x0000000000000200                _Min_Heap_Size = 0x200
                0x0000000000000400                _Min_Stack_Size = 0x400

.isr_vector     0x0000000008000000      0x1c8
                0x0000000008000000                . = ALIGN (0x4)
 *(.isr_vector)
 .isr_vector    0x0000000008000000      0x1c8 startup/startup_stm32f746xx.o
                0x0000000008000000                g_pfnVectors
                0x00000000080001c8                . = ALIGN (0x4)

.text           0x00000000080001c8     0x6f5c
                0x00000000080001c8                . = ALIGN (0x4)
 *(.text)
 .text          0x00000000080001c8       0xa4 /Applications/Ac6/SystemWorkbench.app/Contents/Eclipse/plugins/fr.ac6.mcu.externaltools.arm-none.macos64_1.6.0.201601291255/tools/compiler/bin/../lib/gcc/arm-none-eabi/5.2.1/armv7e-m/fpu/fpv5-sp-d16/crtbegin.o
 *(.text*)
 .text.DisplayScreen_initPeripheralClock
                0x000000000800026c       0x28 src/display_screen.o
 .text.DisplayScreen_LCDConfig
                0x0000000008000294       0x30 src/display_screen.o
 .text.DisplayScreen_init
                0x00000000080002c4       0xac src/display_screen.o
                0x00000000080002c4                DisplayScreen_init
 .text.KeyMng_GetKeyStatus
                0x0000000008000370       0xfc src/key_mng.o
 .text.KeyMng_HandleNewTouch
                0x000000000800046c       0x50 src/key_mng.o
 .text.KeyMng_HandleSts
                0x00000000080004bc       0x98 src/key_mng.o
 .text.KeyMng_Init
                0x0000000008000554       0x50 src/key_mng.o
                0x0000000008000554                KeyMng_Init
 .text.KeyMng_Periodical
                0x00000000080005a4       0x44 src/key_mng.o
                0x00000000080005a4                KeyMng_Periodical
 .text.SCB_EnableICache
                0x00000000080005e8       0x38 src/main.o
 .text.SCB_EnableDCache
                0x0000000008000620       0x80 src/main.o
 .text.main     0x00000000080006a0       0x2c src/main.o
                0x00000000080006a0                main
 .text.SystemClock_Config
                0x00000000080006cc       0x9c src/main.o
 .text.Error_Handler
                0x0000000008000768       0x10 src/main.o
                0x0000000008000768                Error_Handler
 .text.CPU_CACHE_Enable
                0x0000000008000778       0x10 src/main.o
 .text.Scheduler_Init
                0x0000000008000788       0x20 src/scheduler.o
                0x0000000008000788                Scheduler_Init
 .text.Scheduler_Periodical
                0x00000000080007a8       0x5c src/scheduler.o
                0x00000000080007a8                Scheduler_Periodical
 .text.Scheduler_Task1
                0x0000000008000804       0x1c src/scheduler.o
 .text.Scheduler_Task2
                0x0000000008000820       0x1c src/scheduler.o
 .text.Scheduler_Task3
                0x000000000800083c       0x28 src/scheduler.o
 .text.HAL_LTDC_MspInit
                0x0000000008000864      0x198 src/stm32f7xx_hal_msp.o
                0x0000000008000864                HAL_LTDC_MspInit
 .text.HAL_UART_MspInit
                0x00000000080009fc       0xa8 src/stm32f7xx_hal_msp.o
                0x00000000080009fc                HAL_UART_MspInit
 .text.HAL_UART_MspDeInit
                0x0000000008000aa4       0x48 src/stm32f7xx_hal_msp.o
                0x0000000008000aa4                HAL_UART_MspDeInit
 .text.NMI_Handler
                0x0000000008000aec       0x10 src/stm32f7xx_it.o
                0x0000000008000aec                NMI_Handler
 .text.HardFault_Handler
                0x0000000008000afc        0x8 src/stm32f7xx_it.o
                0x0000000008000afc                HardFault_Handler
 .text.MemManage_Handler
                0x0000000008000b04        0x8 src/stm32f7xx_it.o
                0x0000000008000b04                MemManage_Handler
 .text.BusFault_Handler
                0x0000000008000b0c        0x8 src/stm32f7xx_it.o
                0x0000000008000b0c                BusFault_Handler
 .text.UsageFault_Handler
                0x0000000008000b14        0x8 src/stm32f7xx_it.o
                0x0000000008000b14                UsageFault_Handler
 .text.SVC_Handler
                0x0000000008000b1c       0x10 src/stm32f7xx_it.o
                0x0000000008000b1c                SVC_Handler
 .text.DebugMon_Handler
                0x0000000008000b2c       0x10 src/stm32f7xx_it.o
                0x0000000008000b2c                DebugMon_Handler
 .text.PendSV_Handler
                0x0000000008000b3c       0x10 src/stm32f7xx_it.o
                0x0000000008000b3c                PendSV_Handler
 .text.SysTick_Handler
                0x0000000008000b4c        0xc src/stm32f7xx_it.o
                0x0000000008000b4c                SysTick_Handler
 .text.SystemInit
                0x0000000008000b58       0x6c src/system_stm32f7xx.o
                0x0000000008000b58                SystemInit
 .text.Tmr_Init
                0x0000000008000bc4       0x4c src/timer.o
                0x0000000008000bc4                Tmr_Init
 .text.Tmr_Update
                0x0000000008000c10       0x34 src/timer.o
                0x0000000008000c10                Tmr_Update
 .text.Tmr_Reset
                0x0000000008000c44       0x1c src/timer.o
                0x0000000008000c44                Tmr_Reset
 .text.HAL_MPU_Disable
                0x0000000008000c60       0x30 src/usart.o
 .text.HAL_MPU_Enable
                0x0000000008000c90       0x34 src/usart.o
 .text.UsartMng_Config
                0x0000000008000cc4       0xb8 src/usart.o
                0x0000000008000cc4                UsartMng_Config
 .text.MPU_Config
                0x0000000008000d7c       0x50 src/usart.o
                0x0000000008000d7c                MPU_Config
 .text.Buffercmp
                0x0000000008000dcc       0x44 src/usart.o
 .text.sendUartMex
                0x0000000008000e10       0x30 src/usart.o
                0x0000000008000e10                sendUartMex
 .text.Reset_Handler
                0x0000000008000e40       0x50 startup/startup_stm32f746xx.o
                0x0000000008000e40                Reset_Handler
 .text.Default_Handler
                0x0000000008000e90        0x2 startup/startup_stm32f746xx.o
                0x0000000008000e90                DMA1_Stream3_IRQHandler
                0x0000000008000e90                EXTI2_IRQHandler
                0x0000000008000e90                TIM8_CC_IRQHandler
                0x0000000008000e90                UART8_IRQHandler
                0x0000000008000e90                SPI4_IRQHandler
                0x0000000008000e90                TIM1_CC_IRQHandler
                0x0000000008000e90                DMA2_Stream5_IRQHandler
                0x0000000008000e90                DMA1_Stream5_IRQHandler
                0x0000000008000e90                PVD_IRQHandler
                0x0000000008000e90                TAMP_STAMP_IRQHandler
                0x0000000008000e90                CAN2_RX1_IRQHandler
                0x0000000008000e90                EXTI3_IRQHandler
                0x0000000008000e90                TIM8_TRG_COM_TIM14_IRQHandler
                0x0000000008000e90                TIM1_UP_TIM10_IRQHandler
                0x0000000008000e90                TIM8_UP_TIM13_IRQHandler
                0x0000000008000e90                I2C3_ER_IRQHandler
                0x0000000008000e90                EXTI0_IRQHandler
                0x0000000008000e90                I2C2_EV_IRQHandler
                0x0000000008000e90                DMA1_Stream2_IRQHandler
                0x0000000008000e90                CAN1_RX0_IRQHandler
                0x0000000008000e90                FPU_IRQHandler
                0x0000000008000e90                OTG_HS_WKUP_IRQHandler
                0x0000000008000e90                LTDC_ER_IRQHandler
                0x0000000008000e90                CAN2_SCE_IRQHandler
                0x0000000008000e90                DMA2_Stream2_IRQHandler
                0x0000000008000e90                SPI1_IRQHandler
                0x0000000008000e90                TIM6_DAC_IRQHandler
                0x0000000008000e90                TIM1_BRK_TIM9_IRQHandler
                0x0000000008000e90                DCMI_IRQHandler
                0x0000000008000e90                CAN2_RX0_IRQHandler
                0x0000000008000e90                DMA2_Stream3_IRQHandler
                0x0000000008000e90                SAI2_IRQHandler
                0x0000000008000e90                USART6_IRQHandler
                0x0000000008000e90                USART3_IRQHandler
                0x0000000008000e90                CAN1_RX1_IRQHandler
                0x0000000008000e90                UART5_IRQHandler
                0x0000000008000e90                DMA2_Stream0_IRQHandler
                0x0000000008000e90                TIM4_IRQHandler
                0x0000000008000e90                QUADSPI_IRQHandler
                0x0000000008000e90                I2C1_EV_IRQHandler
                0x0000000008000e90                DMA1_Stream6_IRQHandler
                0x0000000008000e90                DMA1_Stream1_IRQHandler
                0x0000000008000e90                UART4_IRQHandler
                0x0000000008000e90                TIM3_IRQHandler
                0x0000000008000e90                RCC_IRQHandler
                0x0000000008000e90                TIM8_BRK_TIM12_IRQHandler
                0x0000000008000e90                Default_Handler
                0x0000000008000e90                CEC_IRQHandler
                0x0000000008000e90                EXTI15_10_IRQHandler
                0x0000000008000e90                ADC_IRQHandler
                0x0000000008000e90                DMA1_Stream7_IRQHandler
                0x0000000008000e90                SPI5_IRQHandler
                0x0000000008000e90                TIM7_IRQHandler
                0x0000000008000e90                SDMMC1_IRQHandler
                0x0000000008000e90                CAN2_TX_IRQHandler
                0x0000000008000e90                TIM5_IRQHandler
                0x0000000008000e90                DMA2_Stream7_IRQHandler
                0x0000000008000e90                I2C3_EV_IRQHandler
                0x0000000008000e90                EXTI9_5_IRQHandler
                0x0000000008000e90                RTC_WKUP_IRQHandler
                0x0000000008000e90                LTDC_IRQHandler
                0x0000000008000e90                ETH_WKUP_IRQHandler
                0x0000000008000e90                SPDIF_RX_IRQHandler
                0x0000000008000e90                SPI2_IRQHandler
                0x0000000008000e90                OTG_HS_EP1_IN_IRQHandler
                0x0000000008000e90                DMA1_Stream0_IRQHandler
                0x0000000008000e90                CAN1_TX_IRQHandler
                0x0000000008000e90                EXTI4_IRQHandler
                0x0000000008000e90                RNG_IRQHandler
                0x0000000008000e90                ETH_IRQHandler
                0x0000000008000e90                OTG_HS_EP1_OUT_IRQHandler
                0x0000000008000e90                WWDG_IRQHandler
                0x0000000008000e90                SPI6_IRQHandler
                0x0000000008000e90                I2C4_EV_IRQHandler
                0x0000000008000e90                TIM2_IRQHandler
                0x0000000008000e90                OTG_FS_WKUP_IRQHandler
                0x0000000008000e90                TIM1_TRG_COM_TIM11_IRQHandler
                0x0000000008000e90                OTG_HS_IRQHandler
                0x0000000008000e90                DMA2D_IRQHandler
                0x0000000008000e90                EXTI1_IRQHandler
                0x0000000008000e90                UART7_IRQHandler
                0x0000000008000e90                USART2_IRQHandler
                0x0000000008000e90                I2C2_ER_IRQHandler
                0x0000000008000e90                DMA2_Stream1_IRQHandler
                0x0000000008000e90                CAN1_SCE_IRQHandler
                0x0000000008000e90                FLASH_IRQHandler
                0x0000000008000e90                DMA2_Stream4_IRQHandler
                0x0000000008000e90                USART1_IRQHandler
                0x0000000008000e90                OTG_FS_IRQHandler
                0x0000000008000e90                SPI3_IRQHandler
                0x0000000008000e90                DMA1_Stream4_IRQHandler
                0x0000000008000e90                I2C1_ER_IRQHandler
                0x0000000008000e90                FMC_IRQHandler
                0x0000000008000e90                LPTIM1_IRQHandler
                0x0000000008000e90                I2C4_ER_IRQHandler
                0x0000000008000e90                DMA2_Stream6_IRQHandler
                0x0000000008000e90                SAI1_IRQHandler
                0x0000000008000e90                RTC_Alarm_IRQHandler
 *fill*         0x0000000008000e92        0x2 
 .text.HAL_Init
                0x0000000008000e94       0x2c /Users/domenicoperroni/Documents/stm32_workspace/stm32f746g-disco_hal_lib/Debug/libstm32f746g-disco_hal_lib.a(stm32f7xx_hal.o)
                0x0000000008000e94                HAL_Init
 .text.HAL_MspInit
                0x0000000008000ec0       0x10 /Users/domenicoperroni/Documents/stm32_workspace/stm32f746g-disco_hal_lib/Debug/libstm32f746g-disco_hal_lib.a(stm32f7xx_hal.o)
                0x0000000008000ec0                HAL_MspInit
 .text.HAL_InitTick
                0x0000000008000ed0       0x38 /Users/domenicoperroni/Documents/stm32_workspace/stm32f746g-disco_hal_lib/Debug/libstm32f746g-disco_hal_lib.a(stm32f7xx_hal.o)
                0x0000000008000ed0                HAL_InitTick
 .text.HAL_IncTick
                0x0000000008000f08       0x1c /Users/domenicoperroni/Documents/stm32_workspace/stm32f746g-disco_hal_lib/Debug/libstm32f746g-disco_hal_lib.a(stm32f7xx_hal.o)
                0x0000000008000f08                HAL_IncTick
 .text.HAL_GetTick
                0x0000000008000f24       0x18 /Users/domenicoperroni/Documents/stm32_workspace/stm32f746g-disco_hal_lib/Debug/libstm32f746g-disco_hal_lib.a(stm32f7xx_hal.o)
                0x0000000008000f24                HAL_GetTick
 .text.HAL_Delay
                0x0000000008000f3c       0x2c /Users/domenicoperroni/Documents/stm32_workspace/stm32f746g-disco_hal_lib/Debug/libstm32f746g-disco_hal_lib.a(stm32f7xx_hal.o)
                0x0000000008000f3c                HAL_Delay
 .text.NVIC_SetPriorityGrouping
                0x0000000008000f68       0x48 /Users/domenicoperroni/Documents/stm32_workspace/stm32f746g-disco_hal_lib/Debug/libstm32f746g-disco_hal_lib.a(stm32f7xx_hal_cortex.o)
 .text.NVIC_GetPriorityGrouping
                0x0000000008000fb0       0x1c /Users/domenicoperroni/Documents/stm32_workspace/stm32f746g-disco_hal_lib/Debug/libstm32f746g-disco_hal_lib.a(stm32f7xx_hal_cortex.o)
 .text.NVIC_EnableIRQ
                0x0000000008000fcc       0x34 /Users/domenicoperroni/Documents/stm32_workspace/stm32f746g-disco_hal_lib/Debug/libstm32f746g-disco_hal_lib.a(stm32f7xx_hal_cortex.o)
 .text.NVIC_SetPriority
                0x0000000008001000       0x54 /Users/domenicoperroni/Documents/stm32_workspace/stm32f746g-disco_hal_lib/Debug/libstm32f746g-disco_hal_lib.a(stm32f7xx_hal_cortex.o)
 .text.NVIC_EncodePriority
                0x0000000008001054       0x64 /Users/domenicoperroni/Documents/stm32_workspace/stm32f746g-disco_hal_lib/Debug/libstm32f746g-disco_hal_lib.a(stm32f7xx_hal_cortex.o)
 .text.SysTick_Config
                0x00000000080010b8       0x44 /Users/domenicoperroni/Documents/stm32_workspace/stm32f746g-disco_hal_lib/Debug/libstm32f746g-disco_hal_lib.a(stm32f7xx_hal_cortex.o)
 .text.HAL_NVIC_SetPriorityGrouping
                0x00000000080010fc       0x18 /Users/domenicoperroni/Documents/stm32_workspace/stm32f746g-disco_hal_lib/Debug/libstm32f746g-disco_hal_lib.a(stm32f7xx_hal_cortex.o)
                0x00000000080010fc                HAL_NVIC_SetPriorityGrouping
 .text.HAL_NVIC_SetPriority
                0x0000000008001114       0x38 /Users/domenicoperroni/Documents/stm32_workspace/stm32f746g-disco_hal_lib/Debug/libstm32f746g-disco_hal_lib.a(stm32f7xx_hal_cortex.o)
                0x0000000008001114                HAL_NVIC_SetPriority
 .text.HAL_NVIC_EnableIRQ
                0x000000000800114c       0x1c /Users/domenicoperroni/Documents/stm32_workspace/stm32f746g-disco_hal_lib/Debug/libstm32f746g-disco_hal_lib.a(stm32f7xx_hal_cortex.o)
                0x000000000800114c                HAL_NVIC_EnableIRQ
 .text.HAL_SYSTICK_Config
                0x0000000008001168       0x18 /Users/domenicoperroni/Documents/stm32_workspace/stm32f746g-disco_hal_lib/Debug/libstm32f746g-disco_hal_lib.a(stm32f7xx_hal_cortex.o)
                0x0000000008001168                HAL_SYSTICK_Config
 .text.HAL_MPU_ConfigRegion
                0x0000000008001180       0x88 /Users/domenicoperroni/Documents/stm32_workspace/stm32f746g-disco_hal_lib/Debug/libstm32f746g-disco_hal_lib.a(stm32f7xx_hal_cortex.o)
                0x0000000008001180                HAL_MPU_ConfigRegion
 .text.HAL_GPIO_Init
                0x0000000008001208      0x358 /Users/domenicoperroni/Documents/stm32_workspace/stm32f746g-disco_hal_lib/Debug/libstm32f746g-disco_hal_lib.a(stm32f7xx_hal_gpio.o)
                0x0000000008001208                HAL_GPIO_Init
 .text.HAL_GPIO_DeInit
                0x0000000008001560      0x218 /Users/domenicoperroni/Documents/stm32_workspace/stm32f746g-disco_hal_lib/Debug/libstm32f746g-disco_hal_lib.a(stm32f7xx_hal_gpio.o)
                0x0000000008001560                HAL_GPIO_DeInit
 .text.HAL_GPIO_WritePin
                0x0000000008001778       0x34 /Users/domenicoperroni/Documents/stm32_workspace/stm32f746g-disco_hal_lib/Debug/libstm32f746g-disco_hal_lib.a(stm32f7xx_hal_gpio.o)
                0x0000000008001778                HAL_GPIO_WritePin
 .text.HAL_PWREx_EnableOverDrive
                0x00000000080017ac       0xa0 /Users/domenicoperroni/Documents/stm32_workspace/stm32f746g-disco_hal_lib/Debug/libstm32f746g-disco_hal_lib.a(stm32f7xx_hal_pwr_ex.o)
                0x00000000080017ac                HAL_PWREx_EnableOverDrive
 .text.HAL_RCC_OscConfig
                0x000000000800184c      0x5ac /Users/domenicoperroni/Documents/stm32_workspace/stm32f746g-disco_hal_lib/Debug/libstm32f746g-disco_hal_lib.a(stm32f7xx_hal_rcc.o)
                0x000000000800184c                HAL_RCC_OscConfig
 .text.HAL_RCC_ClockConfig
                0x0000000008001df8      0x2c4 /Users/domenicoperroni/Documents/stm32_workspace/stm32f746g-disco_hal_lib/Debug/libstm32f746g-disco_hal_lib.a(stm32f7xx_hal_rcc.o)
                0x0000000008001df8                HAL_RCC_ClockConfig
 .text.HAL_RCC_GetSysClockFreq
                0x00000000080020bc       0xfc /Users/domenicoperroni/Documents/stm32_workspace/stm32f746g-disco_hal_lib/Debug/libstm32f746g-disco_hal_lib.a(stm32f7xx_hal_rcc.o)
                0x00000000080020bc                HAL_RCC_GetSysClockFreq
 .text.HAL_RCC_GetHCLKFreq
                0x00000000080021b8       0x50 /Users/domenicoperroni/Documents/stm32_workspace/stm32f746g-disco_hal_lib/Debug/libstm32f746g-disco_hal_lib.a(stm32f7xx_hal_rcc.o)
                0x00000000080021b8                HAL_RCC_GetHCLKFreq
 .text.HAL_RCC_GetPCLK1Freq
                0x0000000008002208       0x44 /Users/domenicoperroni/Documents/stm32_workspace/stm32f746g-disco_hal_lib/Debug/libstm32f746g-disco_hal_lib.a(stm32f7xx_hal_rcc.o)
                0x0000000008002208                HAL_RCC_GetPCLK1Freq
 .text.HAL_RCC_GetPCLK2Freq
                0x000000000800224c       0x44 /Users/domenicoperroni/Documents/stm32_workspace/stm32f746g-disco_hal_lib/Debug/libstm32f746g-disco_hal_lib.a(stm32f7xx_hal_rcc.o)
                0x000000000800224c                HAL_RCC_GetPCLK2Freq
 .text.HAL_RCCEx_PeriphCLKConfig
                0x0000000008002290      0xe04 /Users/domenicoperroni/Documents/stm32_workspace/stm32f746g-disco_hal_lib/Debug/libstm32f746g-disco_hal_lib.a(stm32f7xx_hal_rcc_ex.o)
                0x0000000008002290                HAL_RCCEx_PeriphCLKConfig
 .text.HAL_UART_Init
                0x0000000008003094       0xa4 /Users/domenicoperroni/Documents/stm32_workspace/stm32f746g-disco_hal_lib/Debug/libstm32f746g-disco_hal_lib.a(stm32f7xx_hal_uart.o)
                0x0000000008003094                HAL_UART_Init
 .text.HAL_UART_DeInit
                0x0000000008003138       0x68 /Users/domenicoperroni/Documents/stm32_workspace/stm32f746g-disco_hal_lib/Debug/libstm32f746g-disco_hal_lib.a(stm32f7xx_hal_uart.o)
                0x0000000008003138                HAL_UART_DeInit
 .text.HAL_UART_Transmit
                0x00000000080031a0      0x13c /Users/domenicoperroni/Documents/stm32_workspace/stm32f746g-disco_hal_lib/Debug/libstm32f746g-disco_hal_lib.a(stm32f7xx_hal_uart.o)
                0x00000000080031a0                HAL_UART_Transmit
 .text.HAL_UART_Receive
                0x00000000080032dc      0x1ac /Users/domenicoperroni/Documents/stm32_workspace/stm32f746g-disco_hal_lib/Debug/libstm32f746g-disco_hal_lib.a(stm32f7xx_hal_uart.o)
                0x00000000080032dc                HAL_UART_Receive
 .text.UART_WaitOnFlagUntilTimeout
                0x0000000008003488      0x130 /Users/domenicoperroni/Documents/stm32_workspace/stm32f746g-disco_hal_lib/Debug/libstm32f746g-disco_hal_lib.a(stm32f7xx_hal_uart.o)
                0x0000000008003488                UART_WaitOnFlagUntilTimeout
 .text.UART_SetConfig
                0x00000000080035b8      0x494 /Users/domenicoperroni/Documents/stm32_workspace/stm32f746g-disco_hal_lib/Debug/libstm32f746g-disco_hal_lib.a(stm32f7xx_hal_uart.o)
                0x00000000080035b8                UART_SetConfig
 .text.UART_AdvFeatureConfig
                0x0000000008003a4c      0x144 /Users/domenicoperroni/Documents/stm32_workspace/stm32f746g-disco_hal_lib/Debug/libstm32f746g-disco_hal_lib.a(stm32f7xx_hal_uart.o)
                0x0000000008003a4c                UART_AdvFeatureConfig
 .text.UART_CheckIdleState
                0x0000000008003b90       0x78 /Users/domenicoperroni/Documents/stm32_workspace/stm32f746g-disco_hal_lib/Debug/libstm32f746g-disco_hal_lib.a(stm32f7xx_hal_uart.o)
                0x0000000008003b90                UART_CheckIdleState
 .text.BSP_LED_On
                0x0000000008003c08       0x30 /Users/domenicoperroni/Documents/stm32_workspace/stm32f746g-disco_hal_lib/Debug/libstm32f746g-disco_hal_lib.a(stm32746g_discovery.o)
                0x0000000008003c08                BSP_LED_On
 .text.BSP_LED_Off
                0x0000000008003c38       0x30 /Users/domenicoperroni/Documents/stm32_workspace/stm32f746g-disco_hal_lib/Debug/libstm32f746g-disco_hal_lib.a(stm32746g_discovery.o)
                0x0000000008003c38                BSP_LED_Off
 .text.BSP_PB_Init
                0x0000000008003c68      0x128 /Users/domenicoperroni/Documents/stm32_workspace/stm32f746g-disco_hal_lib/Debug/libstm32f746g-disco_hal_lib.a(stm32746g_discovery.o)
                0x0000000008003c68                BSP_PB_Init
 .text.I2Cx_MspInit
                0x0000000008003d90      0x170 /Users/domenicoperroni/Documents/stm32_workspace/stm32f746g-disco_hal_lib/Debug/libstm32f746g-disco_hal_lib.a(stm32746g_discovery.o)
 .text.I2Cx_Init
                0x0000000008003f00       0x78 /Users/domenicoperroni/Documents/stm32_workspace/stm32f746g-disco_hal_lib/Debug/libstm32f746g-disco_hal_lib.a(stm32746g_discovery.o)
 .text.I2Cx_ReadMultiple
                0x0000000008003f78       0x5c /Users/domenicoperroni/Documents/stm32_workspace/stm32f746g-disco_hal_lib/Debug/libstm32f746g-disco_hal_lib.a(stm32746g_discovery.o)
 .text.I2Cx_WriteMultiple
                0x0000000008003fd4       0x5c /Users/domenicoperroni/Documents/stm32_workspace/stm32f746g-disco_hal_lib/Debug/libstm32f746g-disco_hal_lib.a(stm32746g_discovery.o)
 .text.I2Cx_Error
                0x0000000008004030       0x20 /Users/domenicoperroni/Documents/stm32_workspace/stm32f746g-disco_hal_lib/Debug/libstm32f746g-disco_hal_lib.a(stm32746g_discovery.o)
 .text.TS_IO_Init
                0x0000000008004050       0x14 /Users/domenicoperroni/Documents/stm32_workspace/stm32f746g-disco_hal_lib/Debug/libstm32f746g-disco_hal_lib.a(stm32746g_discovery.o)
                0x0000000008004050                TS_IO_Init
 .text.TS_IO_Write
                0x0000000008004064       0x34 /Users/domenicoperroni/Documents/stm32_workspace/stm32f746g-disco_hal_lib/Debug/libstm32f746g-disco_hal_lib.a(stm32746g_discovery.o)
                0x0000000008004064                TS_IO_Write
 .text.TS_IO_Read
                0x0000000008004098       0x3c /Users/domenicoperroni/Documents/stm32_workspace/stm32f746g-disco_hal_lib/Debug/libstm32f746g-disco_hal_lib.a(stm32746g_discovery.o)
                0x0000000008004098                TS_IO_Read
 .text.TS_IO_Delay
                0x00000000080040d4       0x18 /Users/domenicoperroni/Documents/stm32_workspace/stm32f746g-disco_hal_lib/Debug/libstm32f746g-disco_hal_lib.a(stm32746g_discovery.o)
                0x00000000080040d4                TS_IO_Delay
 .text.BSP_LCD_Init
                0x00000000080040ec       0xe0 /Users/domenicoperroni/Documents/stm32_workspace/stm32f746g-disco_hal_lib/Debug/libstm32f746g-disco_hal_lib.a(stm32746g_discovery_lcd.o)
                0x00000000080040ec                BSP_LCD_Init
 .text.BSP_LCD_GetXSize
                0x00000000080041cc       0x28 /Users/domenicoperroni/Documents/stm32_workspace/stm32f746g-disco_hal_lib/Debug/libstm32f746g-disco_hal_lib.a(stm32746g_discovery_lcd.o)
                0x00000000080041cc                BSP_LCD_GetXSize
 .text.BSP_LCD_GetYSize
                0x00000000080041f4       0x28 /Users/domenicoperroni/Documents/stm32_workspace/stm32f746g-disco_hal_lib/Debug/libstm32f746g-disco_hal_lib.a(stm32746g_discovery_lcd.o)
                0x00000000080041f4                BSP_LCD_GetYSize
 .text.BSP_LCD_LayerDefaultInit
                0x000000000800421c       0xc0 /Users/domenicoperroni/Documents/stm32_workspace/stm32f746g-disco_hal_lib/Debug/libstm32f746g-disco_hal_lib.a(stm32746g_discovery_lcd.o)
                0x000000000800421c                BSP_LCD_LayerDefaultInit
 .text.BSP_LCD_SelectLayer
                0x00000000080042dc       0x20 /Users/domenicoperroni/Documents/stm32_workspace/stm32f746g-disco_hal_lib/Debug/libstm32f746g-disco_hal_lib.a(stm32746g_discovery_lcd.o)
                0x00000000080042dc                BSP_LCD_SelectLayer
 .text.BSP_LCD_SetTransparency
                0x00000000080042fc       0x24 /Users/domenicoperroni/Documents/stm32_workspace/stm32f746g-disco_hal_lib/Debug/libstm32f746g-disco_hal_lib.a(stm32746g_discovery_lcd.o)
                0x00000000080042fc                BSP_LCD_SetTransparency
 .text.BSP_LCD_SetTextColor
                0x0000000008004320       0x30 /Users/domenicoperroni/Documents/stm32_workspace/stm32f746g-disco_hal_lib/Debug/libstm32f746g-disco_hal_lib.a(stm32746g_discovery_lcd.o)
                0x0000000008004320                BSP_LCD_SetTextColor
 .text.BSP_LCD_SetFont
                0x0000000008004350       0x34 /Users/domenicoperroni/Documents/stm32_workspace/stm32f746g-disco_hal_lib/Debug/libstm32f746g-disco_hal_lib.a(stm32746g_discovery_lcd.o)
                0x0000000008004350                BSP_LCD_SetFont
 .text.BSP_LCD_Clear
                0x0000000008004384       0x50 /Users/domenicoperroni/Documents/stm32_workspace/stm32f746g-disco_hal_lib/Debug/libstm32f746g-disco_hal_lib.a(stm32746g_discovery_lcd.o)
                0x0000000008004384                BSP_LCD_Clear
 .text.BSP_LCD_FillRect
                0x00000000080043d4       0xf4 /Users/domenicoperroni/Documents/stm32_workspace/stm32f746g-disco_hal_lib/Debug/libstm32f746g-disco_hal_lib.a(stm32746g_discovery_lcd.o)
                0x00000000080043d4                BSP_LCD_FillRect
 .text.BSP_LCD_DisplayOn
                0x00000000080044c8       0x3c /Users/domenicoperroni/Documents/stm32_workspace/stm32f746g-disco_hal_lib/Debug/libstm32f746g-disco_hal_lib.a(stm32746g_discovery_lcd.o)
                0x00000000080044c8                BSP_LCD_DisplayOn
 .text.BSP_LCD_MspInit
                0x0000000008004504      0x1d8 /Users/domenicoperroni/Documents/stm32_workspace/stm32f746g-disco_hal_lib/Debug/libstm32f746g-disco_hal_lib.a(stm32746g_discovery_lcd.o)
                0x0000000008004504                BSP_LCD_MspInit
 .text.BSP_LCD_ClockConfig
                0x00000000080046dc       0x38 /Users/domenicoperroni/Documents/stm32_workspace/stm32f746g-disco_hal_lib/Debug/libstm32f746g-disco_hal_lib.a(stm32746g_discovery_lcd.o)
                0x00000000080046dc                BSP_LCD_ClockConfig
 .text.LL_FillBuffer
                0x0000000008004714       0x98 /Users/domenicoperroni/Documents/stm32_workspace/stm32f746g-disco_hal_lib/Debug/libstm32f746g-disco_hal_lib.a(stm32746g_discovery_lcd.o)
 .text.BSP_SDRAM_Init
                0x00000000080047ac       0xbc /Users/domenicoperroni/Documents/stm32_workspace/stm32f746g-disco_hal_lib/Debug/libstm32f746g-disco_hal_lib.a(stm32746g_discovery_sdram.o)
                0x00000000080047ac                BSP_SDRAM_Init
 .text.BSP_SDRAM_Initialization_sequence
                0x0000000008004868       0xc0 /Users/domenicoperroni/Documents/stm32_workspace/stm32f746g-disco_hal_lib/Debug/libstm32f746g-disco_hal_lib.a(stm32746g_discovery_sdram.o)
                0x0000000008004868                BSP_SDRAM_Initialization_sequence
 .text.BSP_SDRAM_MspInit
                0x0000000008004928      0x210 /Users/domenicoperroni/Documents/stm32_workspace/stm32f746g-disco_hal_lib/Debug/libstm32f746g-disco_hal_lib.a(stm32746g_discovery_sdram.o)
                0x0000000008004928                BSP_SDRAM_MspInit
 .text.BSP_TS_Init
                0x0000000008004b38       0x80 /Users/domenicoperroni/Documents/stm32_workspace/stm32f746g-disco_hal_lib/Debug/libstm32f746g-disco_hal_lib.a(stm32746g_discovery_ts.o)
                0x0000000008004b38                BSP_TS_Init
 .text.BSP_TS_GetState
                0x0000000008004bb8      0x3ac /Users/domenicoperroni/Documents/stm32_workspace/stm32f746g-disco_hal_lib/Debug/libstm32f746g-disco_hal_lib.a(stm32746g_discovery_ts.o)
                0x0000000008004bb8                BSP_TS_GetState
 .text.BSP_TS_Get_GestureId
                0x0000000008004f64       0x94 /Users/domenicoperroni/Documents/stm32_workspace/stm32f746g-disco_hal_lib/Debug/libstm32f746g-disco_hal_lib.a(stm32746g_discovery_ts.o)
                0x0000000008004f64                BSP_TS_Get_GestureId
 .text.HAL_DMA_Init
                0x0000000008004ff8       0xd8 /Users/domenicoperroni/Documents/stm32_workspace/stm32f746g-disco_hal_lib/Debug/libstm32f746g-disco_hal_lib.a(stm32f7xx_hal_dma.o)
                0x0000000008004ff8                HAL_DMA_Init
 .text.HAL_DMA_DeInit
                0x00000000080050d0       0x9c /Users/domenicoperroni/Documents/stm32_workspace/stm32f746g-disco_hal_lib/Debug/libstm32f746g-disco_hal_lib.a(stm32f7xx_hal_dma.o)
                0x00000000080050d0                HAL_DMA_DeInit
 .text.DMA_CalcBaseAndBitshift
                0x000000000800516c       0x6c /Users/domenicoperroni/Documents/stm32_workspace/stm32f746g-disco_hal_lib/Debug/libstm32f746g-disco_hal_lib.a(stm32f7xx_hal_dma.o)
 .text.HAL_DMA2D_Init
                0x00000000080051d8       0xbc /Users/domenicoperroni/Documents/stm32_workspace/stm32f746g-disco_hal_lib/Debug/libstm32f746g-disco_hal_lib.a(stm32f7xx_hal_dma2d.o)
                0x00000000080051d8                HAL_DMA2D_Init
 .text.HAL_DMA2D_MspInit
                0x0000000008005294       0x14 /Users/domenicoperroni/Documents/stm32_workspace/stm32f746g-disco_hal_lib/Debug/libstm32f746g-disco_hal_lib.a(stm32f7xx_hal_dma2d.o)
                0x0000000008005294                HAL_DMA2D_MspInit
 .text.HAL_DMA2D_Start
                0x00000000080052a8       0x68 /Users/domenicoperroni/Documents/stm32_workspace/stm32f746g-disco_hal_lib/Debug/libstm32f746g-disco_hal_lib.a(stm32f7xx_hal_dma2d.o)
                0x00000000080052a8                HAL_DMA2D_Start
 .text.HAL_DMA2D_PollForTransfer
                0x0000000008005310      0x160 /Users/domenicoperroni/Documents/stm32_workspace/stm32f746g-disco_hal_lib/Debug/libstm32f746g-disco_hal_lib.a(stm32f7xx_hal_dma2d.o)
                0x0000000008005310                HAL_DMA2D_PollForTransfer
 .text.HAL_DMA2D_ConfigLayer
                0x0000000008005470      0x1b8 /Users/domenicoperroni/Documents/stm32_workspace/stm32f746g-disco_hal_lib/Debug/libstm32f746g-disco_hal_lib.a(stm32f7xx_hal_dma2d.o)
                0x0000000008005470                HAL_DMA2D_ConfigLayer
 .text.DMA2D_SetConfig
                0x0000000008005628      0x144 /Users/domenicoperroni/Documents/stm32_workspace/stm32f746g-disco_hal_lib/Debug/libstm32f746g-disco_hal_lib.a(stm32f7xx_hal_dma2d.o)
 .text.HAL_I2C_Init
                0x000000000800576c      0x108 /Users/domenicoperroni/Documents/stm32_workspace/stm32f746g-disco_hal_lib/Debug/libstm32f746g-disco_hal_lib.a(stm32f7xx_hal_i2c.o)
                0x000000000800576c                HAL_I2C_Init
 .text.HAL_I2C_DeInit
                0x0000000008005874       0x50 /Users/domenicoperroni/Documents/stm32_workspace/stm32f746g-disco_hal_lib/Debug/libstm32f746g-disco_hal_lib.a(stm32f7xx_hal_i2c.o)
                0x0000000008005874                HAL_I2C_DeInit
 .text.HAL_I2C_MspInit
                0x00000000080058c4       0x14 /Users/domenicoperroni/Documents/stm32_workspace/stm32f746g-disco_hal_lib/Debug/libstm32f746g-disco_hal_lib.a(stm32f7xx_hal_i2c.o)
                0x00000000080058c4                HAL_I2C_MspInit
 .text.HAL_I2C_MspDeInit
                0x00000000080058d8       0x14 /Users/domenicoperroni/Documents/stm32_workspace/stm32f746g-disco_hal_lib/Debug/libstm32f746g-disco_hal_lib.a(stm32f7xx_hal_i2c.o)
                0x00000000080058d8                HAL_I2C_MspDeInit
 .text.HAL_I2C_Mem_Write
                0x00000000080058ec      0x1d0 /Users/domenicoperroni/Documents/stm32_workspace/stm32f746g-disco_hal_lib/Debug/libstm32f746g-disco_hal_lib.a(stm32f7xx_hal_i2c.o)
                0x00000000080058ec                HAL_I2C_Mem_Write
 .text.HAL_I2C_Mem_Read
                0x0000000008005abc      0x1cc /Users/domenicoperroni/Documents/stm32_workspace/stm32f746g-disco_hal_lib/Debug/libstm32f746g-disco_hal_lib.a(stm32f7xx_hal_i2c.o)
                0x0000000008005abc                HAL_I2C_Mem_Read
 .text.HAL_I2C_GetState
                0x0000000008005c88       0x1c /Users/domenicoperroni/Documents/stm32_workspace/stm32f746g-disco_hal_lib/Debug/libstm32f746g-disco_hal_lib.a(stm32f7xx_hal_i2c.o)
                0x0000000008005c88                HAL_I2C_GetState
 .text.I2C_RequestMemoryWrite
                0x0000000008005ca4       0xb8 /Users/domenicoperroni/Documents/stm32_workspace/stm32f746g-disco_hal_lib/Debug/libstm32f746g-disco_hal_lib.a(stm32f7xx_hal_i2c.o)
 .text.I2C_RequestMemoryRead
                0x0000000008005d5c       0xb4 /Users/domenicoperroni/Documents/stm32_workspace/stm32f746g-disco_hal_lib/Debug/libstm32f746g-disco_hal_lib.a(stm32f7xx_hal_i2c.o)
 .text.I2C_WaitOnFlagUntilTimeout
                0x0000000008005e10       0xb8 /Users/domenicoperroni/Documents/stm32_workspace/stm32f746g-disco_hal_lib/Debug/libstm32f746g-disco_hal_lib.a(stm32f7xx_hal_i2c.o)
 .text.I2C_WaitOnTXISFlagUntilTimeout
                0x0000000008005ec8       0x7c /Users/domenicoperroni/Documents/stm32_workspace/stm32f746g-disco_hal_lib/Debug/libstm32f746g-disco_hal_lib.a(stm32f7xx_hal_i2c.o)
 .text.I2C_WaitOnSTOPFlagUntilTimeout
                0x0000000008005f44       0x78 /Users/domenicoperroni/Documents/stm32_workspace/stm32f746g-disco_hal_lib/Debug/libstm32f746g-disco_hal_lib.a(stm32f7xx_hal_i2c.o)
 .text.I2C_IsAcknowledgeFailed
                0x0000000008005fbc       0xc4 /Users/domenicoperroni/Documents/stm32_workspace/stm32f746g-disco_hal_lib/Debug/libstm32f746g-disco_hal_lib.a(stm32f7xx_hal_i2c.o)
 .text.I2C_TransferConfig
                0x0000000008006080       0x5c /Users/domenicoperroni/Documents/stm32_workspace/stm32f746g-disco_hal_lib/Debug/libstm32f746g-disco_hal_lib.a(stm32f7xx_hal_i2c.o)
 .text.HAL_LTDC_Init
                0x00000000080060dc      0x1b8 /Users/domenicoperroni/Documents/stm32_workspace/stm32f746g-disco_hal_lib/Debug/libstm32f746g-disco_hal_lib.a(stm32f7xx_hal_ltdc.o)
                0x00000000080060dc                HAL_LTDC_Init
 .text.HAL_LTDC_ConfigLayer
                0x0000000008006294       0x7c /Users/domenicoperroni/Documents/stm32_workspace/stm32f746g-disco_hal_lib/Debug/libstm32f746g-disco_hal_lib.a(stm32f7xx_hal_ltdc.o)
                0x0000000008006294                HAL_LTDC_ConfigLayer
 .text.HAL_LTDC_SetAlpha
                0x0000000008006310       0x6c /Users/domenicoperroni/Documents/stm32_workspace/stm32f746g-disco_hal_lib/Debug/libstm32f746g-disco_hal_lib.a(stm32f7xx_hal_ltdc.o)
                0x0000000008006310                HAL_LTDC_SetAlpha
 .text.HAL_LTDC_GetState
                0x000000000800637c       0x1c /Users/domenicoperroni/Documents/stm32_workspace/stm32f746g-disco_hal_lib/Debug/libstm32f746g-disco_hal_lib.a(stm32f7xx_hal_ltdc.o)
                0x000000000800637c                HAL_LTDC_GetState
 .text.LTDC_SetConfig
                0x0000000008006398      0x354 /Users/domenicoperroni/Documents/stm32_workspace/stm32f746g-disco_hal_lib/Debug/libstm32f746g-disco_hal_lib.a(stm32f7xx_hal_ltdc.o)
 .text.HAL_SDRAM_Init
                0x00000000080066ec       0x68 /Users/domenicoperroni/Documents/stm32_workspace/stm32f746g-disco_hal_lib/Debug/libstm32f746g-disco_hal_lib.a(stm32f7xx_hal_sdram.o)
                0x00000000080066ec                HAL_SDRAM_Init
 .text.HAL_SDRAM_MspInit
                0x0000000008006754       0x14 /Users/domenicoperroni/Documents/stm32_workspace/stm32f746g-disco_hal_lib/Debug/libstm32f746g-disco_hal_lib.a(stm32f7xx_hal_sdram.o)
                0x0000000008006754                HAL_SDRAM_MspInit
 .text.HAL_SDRAM_SendCommand
                0x0000000008006768       0x58 /Users/domenicoperroni/Documents/stm32_workspace/stm32f746g-disco_hal_lib/Debug/libstm32f746g-disco_hal_lib.a(stm32f7xx_hal_sdram.o)
                0x0000000008006768                HAL_SDRAM_SendCommand
 .text.HAL_SDRAM_ProgramRefreshRate
                0x00000000080067c0       0x40 /Users/domenicoperroni/Documents/stm32_workspace/stm32f746g-disco_hal_lib/Debug/libstm32f746g-disco_hal_lib.a(stm32f7xx_hal_sdram.o)
                0x00000000080067c0                HAL_SDRAM_ProgramRefreshRate
 .text.FMC_SDRAM_Init
                0x0000000008006800       0xe4 /Users/domenicoperroni/Documents/stm32_workspace/stm32f746g-disco_hal_lib/Debug/libstm32f746g-disco_hal_lib.a(stm32f7xx_ll_fmc.o)
                0x0000000008006800                FMC_SDRAM_Init
 .text.FMC_SDRAM_Timing_Init
                0x00000000080068e4       0xfc /Users/domenicoperroni/Documents/stm32_workspace/stm32f746g-disco_hal_lib/Debug/libstm32f746g-disco_hal_lib.a(stm32f7xx_ll_fmc.o)
                0x00000000080068e4                FMC_SDRAM_Timing_Init
 .text.FMC_SDRAM_SendCommand
                0x00000000080069e0       0x78 /Users/domenicoperroni/Documents/stm32_workspace/stm32f746g-disco_hal_lib/Debug/libstm32f746g-disco_hal_lib.a(stm32f7xx_ll_fmc.o)
                0x00000000080069e0                FMC_SDRAM_SendCommand
 .text.FMC_SDRAM_ProgramRefreshRate
                0x0000000008006a58       0x28 /Users/domenicoperroni/Documents/stm32_workspace/stm32f746g-disco_hal_lib/Debug/libstm32f746g-disco_hal_lib.a(stm32f7xx_ll_fmc.o)
                0x0000000008006a58                FMC_SDRAM_ProgramRefreshRate
 .text.ft5336_Init
                0x0000000008006a80       0x1c /Users/domenicoperroni/Documents/stm32_workspace/stm32f746g-disco_hal_lib/Debug/libstm32f746g-disco_hal_lib.a(ft5336.o)
                0x0000000008006a80                ft5336_Init
 .text.ft5336_Reset
                0x0000000008006a9c       0x18 /Users/domenicoperroni/Documents/stm32_workspace/stm32f746g-disco_hal_lib/Debug/libstm32f746g-disco_hal_lib.a(ft5336.o)
                0x0000000008006a9c                ft5336_Reset
 .text.ft5336_ReadID
                0x0000000008006ab4       0x5c /Users/domenicoperroni/Documents/stm32_workspace/stm32f746g-disco_hal_lib/Debug/libstm32f746g-disco_hal_lib.a(ft5336.o)
                0x0000000008006ab4                ft5336_ReadID
 .text.ft5336_TS_Start
                0x0000000008006b10       0x24 /Users/domenicoperroni/Documents/stm32_workspace/stm32f746g-disco_hal_lib/Debug/libstm32f746g-disco_hal_lib.a(ft5336.o)
                0x0000000008006b10                ft5336_TS_Start
 .text.ft5336_TS_DetectTouch
                0x0000000008006b34       0x54 /Users/domenicoperroni/Documents/stm32_workspace/stm32f746g-disco_hal_lib/Debug/libstm32f746g-disco_hal_lib.a(ft5336.o)
                0x0000000008006b34                ft5336_TS_DetectTouch
 .text.ft5336_TS_GetXY
                0x0000000008006b88      0x1e0 /Users/domenicoperroni/Documents/stm32_workspace/stm32f746g-disco_hal_lib/Debug/libstm32f746g-disco_hal_lib.a(ft5336.o)
                0x0000000008006b88                ft5336_TS_GetXY
 .text.ft5336_TS_EnableIT
                0x0000000008006d68       0x28 /Users/domenicoperroni/Documents/stm32_workspace/stm32f746g-disco_hal_lib/Debug/libstm32f746g-disco_hal_lib.a(ft5336.o)
                0x0000000008006d68                ft5336_TS_EnableIT
 .text.ft5336_TS_DisableIT
                0x0000000008006d90       0x28 /Users/domenicoperroni/Documents/stm32_workspace/stm32f746g-disco_hal_lib/Debug/libstm32f746g-disco_hal_lib.a(ft5336.o)
                0x0000000008006d90                ft5336_TS_DisableIT
 .text.ft5336_TS_ITStatus
                0x0000000008006db8       0x18 /Users/domenicoperroni/Documents/stm32_workspace/stm32f746g-disco_hal_lib/Debug/libstm32f746g-disco_hal_lib.a(ft5336.o)
                0x0000000008006db8                ft5336_TS_ITStatus
 .text.ft5336_TS_ClearIT
                0x0000000008006dd0       0x18 /Users/domenicoperroni/Documents/stm32_workspace/stm32f746g-disco_hal_lib/Debug/libstm32f746g-disco_hal_lib.a(ft5336.o)
                0x0000000008006dd0                ft5336_TS_ClearIT
 .text.ft5336_TS_GetGestureID
                0x0000000008006de8       0x34 /Users/domenicoperroni/Documents/stm32_workspace/stm32f746g-disco_hal_lib/Debug/libstm32f746g-disco_hal_lib.a(ft5336.o)
                0x0000000008006de8                ft5336_TS_GetGestureID
 .text.ft5336_TS_GetTouchInfo
                0x0000000008006e1c      0x160 /Users/domenicoperroni/Documents/stm32_workspace/stm32f746g-disco_hal_lib/Debug/libstm32f746g-disco_hal_lib.a(ft5336.o)
                0x0000000008006e1c                ft5336_TS_GetTouchInfo
 .text.ft5336_Get_I2C_InitializedStatus
                0x0000000008006f7c       0x18 /Users/domenicoperroni/Documents/stm32_workspace/stm32f746g-disco_hal_lib/Debug/libstm32f746g-disco_hal_lib.a(ft5336.o)
 .text.ft5336_I2C_InitializeIfRequired
                0x0000000008006f94       0x20 /Users/domenicoperroni/Documents/stm32_workspace/stm32f746g-disco_hal_lib/Debug/libstm32f746g-disco_hal_lib.a(ft5336.o)
 .text.ft5336_TS_Configure
                0x0000000008006fb4       0x1c /Users/domenicoperroni/Documents/stm32_workspace/stm32f746g-disco_hal_lib/Debug/libstm32f746g-disco_hal_lib.a(ft5336.o)
 .text.__libc_init_array
                0x0000000008006fd0       0x50 /Applications/Ac6/SystemWorkbench.app/Contents/Eclipse/plugins/fr.ac6.mcu.externaltools.arm-none.macos64_1.6.0.201601291255/tools/compiler/bin/../lib/gcc/arm-none-eabi/5.2.1/../../../../arm-none-eabi/lib/armv7e-m/fpu/fpv5-sp-d16/libc.a(lib_a-init.o)
                0x0000000008006fd0                __libc_init_array
 .text.startup.register_fini
                0x0000000008007020       0x14 /Applications/Ac6/SystemWorkbench.app/Contents/Eclipse/plugins/fr.ac6.mcu.externaltools.arm-none.macos64_1.6.0.201601291255/tools/compiler/bin/../lib/gcc/arm-none-eabi/5.2.1/../../../../arm-none-eabi/lib/armv7e-m/fpu/fpv5-sp-d16/libc.a(lib_a-__call_atexit.o)
 .text.atexit   0x0000000008007034        0xc /Applications/Ac6/SystemWorkbench.app/Contents/Eclipse/plugins/fr.ac6.mcu.externaltools.arm-none.macos64_1.6.0.201601291255/tools/compiler/bin/../lib/gcc/arm-none-eabi/5.2.1/../../../../arm-none-eabi/lib/armv7e-m/fpu/fpv5-sp-d16/libc.a(lib_a-atexit.o)
                0x0000000008007034                atexit
 .text.__libc_fini_array
                0x0000000008007040       0x28 /Applications/Ac6/SystemWorkbench.app/Contents/Eclipse/plugins/fr.ac6.mcu.externaltools.arm-none.macos64_1.6.0.201601291255/tools/compiler/bin/../lib/gcc/arm-none-eabi/5.2.1/../../../../arm-none-eabi/lib/armv7e-m/fpu/fpv5-sp-d16/libc.a(lib_a-fini.o)
                0x0000000008007040                __libc_fini_array
 .text.__register_exitproc
                0x0000000008007068       0xa4 /Applications/Ac6/SystemWorkbench.app/Contents/Eclipse/plugins/fr.ac6.mcu.externaltools.arm-none.macos64_1.6.0.201601291255/tools/compiler/bin/../lib/gcc/arm-none-eabi/5.2.1/../../../../arm-none-eabi/lib/armv7e-m/fpu/fpv5-sp-d16/libc.a(lib_a-__atexit.o)
                0x0000000008007068                __register_exitproc
 *(.glue_7)
 .glue_7        0x000000000800710c        0x0 linker stubs
 *(.glue_7t)
 .glue_7t       0x000000000800710c        0x0 linker stubs
 *(.eh_frame)
 .eh_frame      0x000000000800710c        0x0 /Applications/Ac6/SystemWorkbench.app/Contents/Eclipse/plugins/fr.ac6.mcu.externaltools.arm-none.macos64_1.6.0.201601291255/tools/compiler/bin/../lib/gcc/arm-none-eabi/5.2.1/armv7e-m/fpu/fpv5-sp-d16/crtbegin.o
 *(.init)
 .init          0x000000000800710c        0x4 /Applications/Ac6/SystemWorkbench.app/Contents/Eclipse/plugins/fr.ac6.mcu.externaltools.arm-none.macos64_1.6.0.201601291255/tools/compiler/bin/../lib/gcc/arm-none-eabi/5.2.1/armv7e-m/fpu/fpv5-sp-d16/crti.o
                0x000000000800710c                _init
 .init          0x0000000008007110        0x8 /Applications/Ac6/SystemWorkbench.app/Contents/Eclipse/plugins/fr.ac6.mcu.externaltools.arm-none.macos64_1.6.0.201601291255/tools/compiler/bin/../lib/gcc/arm-none-eabi/5.2.1/armv7e-m/fpu/fpv5-sp-d16/crtn.o
 *(.fini)
 .fini          0x0000000008007118        0x4 /Applications/Ac6/SystemWorkbench.app/Contents/Eclipse/plugins/fr.ac6.mcu.externaltools.arm-none.macos64_1.6.0.201601291255/tools/compiler/bin/../lib/gcc/arm-none-eabi/5.2.1/armv7e-m/fpu/fpv5-sp-d16/crti.o
                0x0000000008007118                _fini
 .fini          0x000000000800711c        0x8 /Applications/Ac6/SystemWorkbench.app/Contents/Eclipse/plugins/fr.ac6.mcu.externaltools.arm-none.macos64_1.6.0.201601291255/tools/compiler/bin/../lib/gcc/arm-none-eabi/5.2.1/armv7e-m/fpu/fpv5-sp-d16/crtn.o
                0x0000000008007124                . = ALIGN (0x4)
                0x0000000008007124                _etext = .

.vfp11_veneer   0x0000000008007124        0x0
 .vfp11_veneer  0x0000000008007124        0x0 linker stubs

.v4_bx          0x0000000008007124        0x0
 .v4_bx         0x0000000008007124        0x0 linker stubs

.iplt           0x0000000008007124        0x0
 .iplt          0x0000000008007124        0x0 /Applications/Ac6/SystemWorkbench.app/Contents/Eclipse/plugins/fr.ac6.mcu.externaltools.arm-none.macos64_1.6.0.201601291255/tools/compiler/bin/../lib/gcc/arm-none-eabi/5.2.1/armv7e-m/fpu/fpv5-sp-d16/crtbegin.o

.rodata         0x0000000008007124     0x3d68
                0x0000000008007124                . = ALIGN (0x4)
 *(.rodata)
 .rodata        0x0000000008007124       0x30 src/key_mng.o
 .rodata        0x0000000008007154       0x18 src/scheduler.o
 .rodata        0x000000000800716c       0x10 /Users/domenicoperroni/Documents/stm32_workspace/stm32f746g-disco_hal_lib/Debug/libstm32f746g-disco_hal_lib.a(stm32f7xx_hal_rcc.o)
                0x000000000800716c                APBAHBPrescTable
 .rodata        0x000000000800717c       0x22 /Users/domenicoperroni/Documents/stm32_workspace/stm32f746g-disco_hal_lib/Debug/libstm32f746g-disco_hal_lib.a(stm32746g_discovery.o)
                0x000000000800717c                GPIO_PIN
                0x0000000008007180                BUTTON_PIN
                0x0000000008007188                BUTTON_IRQn
                0x0000000008007190                COM_TX_PIN
                0x0000000008007194                COM_RX_PIN
                0x0000000008007198                COM_TX_AF
                0x000000000800719c                COM_RX_AF
 *fill*         0x000000000800719e        0x2 
 .rodata        0x00000000080071a0     0x3cdc /Users/domenicoperroni/Documents/stm32_workspace/stm32f746g-disco_hal_lib/Debug/libstm32f746g-disco_hal_lib.a(stm32746g_discovery_lcd.o)
                0x00000000080071a0                Font24_Table
                0x0000000008008c58                Font20_Table
                0x0000000008009b30                Font16_Table
                0x000000000800a710                Font12_Table
                0x000000000800ab84                Font8_Table
 .rodata        0x000000000800ae7c        0x8 /Users/domenicoperroni/Documents/stm32_workspace/stm32f746g-disco_hal_lib/Debug/libstm32f746g-disco_hal_lib.a(stm32f7xx_hal_dma.o)
 *(.rodata*)
 .rodata.str1.4
                0x000000000800ae84        0x4 /Applications/Ac6/SystemWorkbench.app/Contents/Eclipse/plugins/fr.ac6.mcu.externaltools.arm-none.macos64_1.6.0.201601291255/tools/compiler/bin/../lib/gcc/arm-none-eabi/5.2.1/../../../../arm-none-eabi/lib/armv7e-m/fpu/fpv5-sp-d16/libc.a(lib_a-impure.o)
                                          0x2 (size before relaxing)
 .rodata._global_impure_ptr
                0x000000000800ae88        0x4 /Applications/Ac6/SystemWorkbench.app/Contents/Eclipse/plugins/fr.ac6.mcu.externaltools.arm-none.macos64_1.6.0.201601291255/tools/compiler/bin/../lib/gcc/arm-none-eabi/5.2.1/../../../../arm-none-eabi/lib/armv7e-m/fpu/fpv5-sp-d16/libc.a(lib_a-impure.o)
                0x000000000800ae88                _global_impure_ptr
                0x000000000800ae8c                . = ALIGN (0x4)

.rel.dyn        0x000000000800ae8c        0x0
 .rel.iplt      0x000000000800ae8c        0x0 /Applications/Ac6/SystemWorkbench.app/Contents/Eclipse/plugins/fr.ac6.mcu.externaltools.arm-none.macos64_1.6.0.201601291255/tools/compiler/bin/../lib/gcc/arm-none-eabi/5.2.1/armv7e-m/fpu/fpv5-sp-d16/crtbegin.o

.ARM.extab
 *(.ARM.extab* .gnu.linkonce.armextab.*)

.ARM            0x000000000800ae8c        0x0
                0x000000000800ae8c                __exidx_start = .
 *(.ARM.exidx*)
                0x000000000800ae8c                __exidx_end = .

.preinit_array  0x000000000800ae8c        0x0
                0x000000000800ae8c                PROVIDE (__preinit_array_start, .)
 *(.preinit_array*)
                0x000000000800ae8c                PROVIDE (__preinit_array_end, .)

.init_array     0x000000000800ae8c        0x8
                0x000000000800ae8c                PROVIDE (__init_array_start, .)
 *(SORT(.init_array.*))
 .init_array.00000
                0x000000000800ae8c        0x4 /Applications/Ac6/SystemWorkbench.app/Contents/Eclipse/plugins/fr.ac6.mcu.externaltools.arm-none.macos64_1.6.0.201601291255/tools/compiler/bin/../lib/gcc/arm-none-eabi/5.2.1/../../../../arm-none-eabi/lib/armv7e-m/fpu/fpv5-sp-d16/libc.a(lib_a-__call_atexit.o)
 *(.init_array*)
 .init_array    0x000000000800ae90        0x4 /Applications/Ac6/SystemWorkbench.app/Contents/Eclipse/plugins/fr.ac6.mcu.externaltools.arm-none.macos64_1.6.0.201601291255/tools/compiler/bin/../lib/gcc/arm-none-eabi/5.2.1/armv7e-m/fpu/fpv5-sp-d16/crtbegin.o
                0x000000000800ae94                PROVIDE (__init_array_end, .)

.fini_array     0x000000000800ae94        0x4
                0x000000000800ae94                PROVIDE (__fini_array_start, .)
 *(SORT(.fini_array.*))
 *(.fini_array*)
 .fini_array    0x000000000800ae94        0x4 /Applications/Ac6/SystemWorkbench.app/Contents/Eclipse/plugins/fr.ac6.mcu.externaltools.arm-none.macos64_1.6.0.201601291255/tools/compiler/bin/../lib/gcc/arm-none-eabi/5.2.1/armv7e-m/fpu/fpv5-sp-d16/crtbegin.o
                0x000000000800ae98                PROVIDE (__fini_array_end, .)
                0x000000000800ae98                _sidata = LOADADDR (.data)

.data           0x0000000020000000      0x518 load address 0x000000000800ae98
                0x0000000020000000                . = ALIGN (0x4)
                0x0000000020000000                _sdata = .
 *(.data)
 .data          0x0000000020000000       0x14 src/system_stm32f7xx.o
                0x0000000020000000                SystemCoreClock
                0x0000000020000004                AHBPrescTable
 .data          0x0000000020000014       0x70 src/usart.o
                0x0000000020000014                aTxBuffer
 .data          0x0000000020000084       0x18 /Users/domenicoperroni/Documents/stm32_workspace/stm32f746g-disco_hal_lib/Debug/libstm32f746g-disco_hal_lib.a(stm32746g_discovery.o)
                0x0000000020000084                BUTTON_PORT
                0x0000000020000090                COM_USART
                0x0000000020000094                COM_TX_PORT
                0x0000000020000098                COM_RX_PORT
 .data          0x000000002000009c       0x28 /Users/domenicoperroni/Documents/stm32_workspace/stm32f746g-disco_hal_lib/Debug/libstm32f746g-disco_hal_lib.a(stm32746g_discovery_lcd.o)
                0x000000002000009c                Font24
                0x00000000200000a4                Font20
                0x00000000200000ac                Font16
                0x00000000200000b4                Font12
                0x00000000200000bc                Font8
 .data          0x00000000200000c4        0x2 /Users/domenicoperroni/Documents/stm32_workspace/stm32f746g-disco_hal_lib/Debug/libstm32f746g-disco_hal_lib.a(stm32746g_discovery_sdram.o)
 *fill*         0x00000000200000c6        0x2 
 .data          0x00000000200000c8       0x28 /Users/domenicoperroni/Documents/stm32_workspace/stm32f746g-disco_hal_lib/Debug/libstm32f746g-disco_hal_lib.a(ft5336.o)
                0x00000000200000c8                ft5336_ts_drv
 *(.data*)
 .data.impure_data
                0x00000000200000f0      0x428 /Applications/Ac6/SystemWorkbench.app/Contents/Eclipse/plugins/fr.ac6.mcu.externaltools.arm-none.macos64_1.6.0.201601291255/tools/compiler/bin/../lib/gcc/arm-none-eabi/5.2.1/../../../../arm-none-eabi/lib/armv7e-m/fpu/fpv5-sp-d16/libc.a(lib_a-impure.o)
                0x0000000020000518                . = ALIGN (0x4)
                0x0000000020000518                _edata = .

.jcr            0x0000000020000518        0x0 load address 0x000000000800b3b0
 .jcr           0x0000000020000518        0x0 /Applications/Ac6/SystemWorkbench.app/Contents/Eclipse/plugins/fr.ac6.mcu.externaltools.arm-none.macos64_1.6.0.201601291255/tools/compiler/bin/../lib/gcc/arm-none-eabi/5.2.1/armv7e-m/fpu/fpv5-sp-d16/crtbegin.o

.tm_clone_table
                0x0000000020000518        0x0 load address 0x000000000800b3b0
 .tm_clone_table
                0x0000000020000518        0x0 /Applications/Ac6/SystemWorkbench.app/Contents/Eclipse/plugins/fr.ac6.mcu.externaltools.arm-none.macos64_1.6.0.201601291255/tools/compiler/bin/../lib/gcc/arm-none-eabi/5.2.1/armv7e-m/fpu/fpv5-sp-d16/crtbegin.o
 .tm_clone_table
                0x0000000020000518        0x0 /Applications/Ac6/SystemWorkbench.app/Contents/Eclipse/plugins/fr.ac6.mcu.externaltools.arm-none.macos64_1.6.0.201601291255/tools/compiler/bin/../lib/gcc/arm-none-eabi/5.2.1/armv7e-m/fpu/fpv5-sp-d16/crtend.o

.igot.plt       0x0000000020000518        0x0 load address 0x000000000800b3b0
 .igot.plt      0x0000000020000518        0x0 /Applications/Ac6/SystemWorkbench.app/Contents/Eclipse/plugins/fr.ac6.mcu.externaltools.arm-none.macos64_1.6.0.201601291255/tools/compiler/bin/../lib/gcc/arm-none-eabi/5.2.1/armv7e-m/fpu/fpv5-sp-d16/crtbegin.o
                0x0000000020000518                . = ALIGN (0x4)

.bss            0x0000000020000518      0x494 load address 0x000000000800b3b0
                0x0000000020000518                _sbss = .
                0x0000000020000518                __bss_start__ = _sbss
 *(.bss)
 .bss           0x0000000020000518       0x1c /Applications/Ac6/SystemWorkbench.app/Contents/Eclipse/plugins/fr.ac6.mcu.externaltools.arm-none.macos64_1.6.0.201601291255/tools/compiler/bin/../lib/gcc/arm-none-eabi/5.2.1/armv7e-m/fpu/fpv5-sp-d16/crtbegin.o
 .bss           0x0000000020000534        0x8 src/scheduler.o
 .bss           0x000000002000053c        0x4 /Users/domenicoperroni/Documents/stm32_workspace/stm32f746g-disco_hal_lib/Debug/libstm32f746g-disco_hal_lib.a(stm32f7xx_hal.o)
 .bss           0x0000000020000540       0x78 /Users/domenicoperroni/Documents/stm32_workspace/stm32f746g-disco_hal_lib/Debug/libstm32f746g-disco_hal_lib.a(stm32746g_discovery.o)
 .bss           0x00000000200005b8      0x188 /Users/domenicoperroni/Documents/stm32_workspace/stm32f746g-disco_hal_lib/Debug/libstm32f746g-disco_hal_lib.a(stm32746g_discovery_lcd.o)
 .bss           0x0000000020000740      0x110 /Users/domenicoperroni/Documents/stm32_workspace/stm32f746g-disco_hal_lib/Debug/libstm32f746g-disco_hal_lib.a(stm32746g_discovery_sdram.o)
 .bss           0x0000000020000850       0x34 /Users/domenicoperroni/Documents/stm32_workspace/stm32f746g-disco_hal_lib/Debug/libstm32f746g-disco_hal_lib.a(stm32746g_discovery_ts.o)
 .bss           0x0000000020000884        0x6 /Users/domenicoperroni/Documents/stm32_workspace/stm32f746g-disco_hal_lib/Debug/libstm32f746g-disco_hal_lib.a(ft5336.o)
 *(.bss*)
 *(COMMON)
 *fill*         0x000000002000088a        0x2 
 COMMON         0x000000002000088c       0x38 src/key_mng.o
                0x000000002000088c                g_key_mng
 COMMON         0x00000000200008c4        0x8 src/scheduler.o
                0x00000000200008c4                g_task
 COMMON         0x00000000200008cc       0xdf src/usart.o
                0x00000000200008cc                UartHandle
                0x000000002000093c                aRxBuffer
                0x00000000200009ac                . = ALIGN (0x4)
 *fill*         0x00000000200009ab        0x1 
                0x00000000200009ac                _ebss = .
                0x00000000200009ac                __bss_end__ = _ebss

._user_heap_stack
                0x00000000200009ac      0x604 load address 0x000000000800b3b0
                0x00000000200009b0                . = ALIGN (0x8)
 *fill*         0x00000000200009ac        0x4 
                0x00000000200009b0                PROVIDE (end, .)
                [!provide]                        PROVIDE (_end, .)
                0x0000000020000bb0                . = (. + _Min_Heap_Size)
 *fill*         0x00000000200009b0      0x200 
                0x0000000020000fb0                . = (. + _Min_Stack_Size)
 *fill*         0x0000000020000bb0      0x400 
                0x0000000020000fb0                . = ALIGN (0x8)

/DISCARD/
 libc.a(*)
 libm.a(*)
 libgcc.a(*)

.ARM.attributes
                0x0000000000000000       0x30
 *(.ARM.attributes)
 .ARM.attributes
                0x0000000000000000       0x22 /Applications/Ac6/SystemWorkbench.app/Contents/Eclipse/plugins/fr.ac6.mcu.externaltools.arm-none.macos64_1.6.0.201601291255/tools/compiler/bin/../lib/gcc/arm-none-eabi/5.2.1/armv7e-m/fpu/fpv5-sp-d16/crti.o
 .ARM.attributes
                0x0000000000000022       0x34 /Applications/Ac6/SystemWorkbench.app/Contents/Eclipse/plugins/fr.ac6.mcu.externaltools.arm-none.macos64_1.6.0.201601291255/tools/compiler/bin/../lib/gcc/arm-none-eabi/5.2.1/armv7e-m/fpu/fpv5-sp-d16/crtbegin.o
 .ARM.attributes
                0x0000000000000056       0x39 src/display_screen.o
 .ARM.attributes
                0x000000000000008f       0x39 src/key_mng.o
 .ARM.attributes
                0x00000000000000c8       0x39 src/main.o
 .ARM.attributes
                0x0000000000000101       0x39 src/scheduler.o
 .ARM.attributes
                0x000000000000013a       0x39 src/stm32f7xx_hal_msp.o
 .ARM.attributes
                0x0000000000000173       0x39 src/stm32f7xx_it.o
 .ARM.attributes
                0x00000000000001ac       0x39 src/system_stm32f7xx.o
 .ARM.attributes
                0x00000000000001e5       0x39 src/timer.o
 .ARM.attributes
                0x000000000000021e       0x39 src/usart.o
 .ARM.attributes
                0x0000000000000257       0x21 startup/startup_stm32f746xx.o
 .ARM.attributes
                0x0000000000000278       0x39 /Users/domenicoperroni/Documents/stm32_workspace/stm32f746g-disco_hal_lib/Debug/libstm32f746g-disco_hal_lib.a(stm32f7xx_hal.o)
 .ARM.attributes
                0x00000000000002b1       0x39 /Users/domenicoperroni/Documents/stm32_workspace/stm32f746g-disco_hal_lib/Debug/libstm32f746g-disco_hal_lib.a(stm32f7xx_hal_cortex.o)
 .ARM.attributes
                0x00000000000002ea       0x39 /Users/domenicoperroni/Documents/stm32_workspace/stm32f746g-disco_hal_lib/Debug/libstm32f746g-disco_hal_lib.a(stm32f7xx_hal_gpio.o)
 .ARM.attributes
                0x0000000000000323       0x39 /Users/domenicoperroni/Documents/stm32_workspace/stm32f746g-disco_hal_lib/Debug/libstm32f746g-disco_hal_lib.a(stm32f7xx_hal_pwr_ex.o)
 .ARM.attributes
                0x000000000000035c       0x39 /Users/domenicoperroni/Documents/stm32_workspace/stm32f746g-disco_hal_lib/Debug/libstm32f746g-disco_hal_lib.a(stm32f7xx_hal_rcc.o)
 .ARM.attributes
                0x0000000000000395       0x39 /Users/domenicoperroni/Documents/stm32_workspace/stm32f746g-disco_hal_lib/Debug/libstm32f746g-disco_hal_lib.a(stm32f7xx_hal_rcc_ex.o)
 .ARM.attributes
                0x00000000000003ce       0x39 /Users/domenicoperroni/Documents/stm32_workspace/stm32f746g-disco_hal_lib/Debug/libstm32f746g-disco_hal_lib.a(stm32f7xx_hal_uart.o)
 .ARM.attributes
                0x0000000000000407       0x39 /Users/domenicoperroni/Documents/stm32_workspace/stm32f746g-disco_hal_lib/Debug/libstm32f746g-disco_hal_lib.a(stm32746g_discovery.o)
 .ARM.attributes
                0x0000000000000440       0x39 /Users/domenicoperroni/Documents/stm32_workspace/stm32f746g-disco_hal_lib/Debug/libstm32f746g-disco_hal_lib.a(stm32746g_discovery_lcd.o)
 .ARM.attributes
                0x0000000000000479       0x39 /Users/domenicoperroni/Documents/stm32_workspace/stm32f746g-disco_hal_lib/Debug/libstm32f746g-disco_hal_lib.a(stm32746g_discovery_sdram.o)
 .ARM.attributes
                0x00000000000004b2       0x39 /Users/domenicoperroni/Documents/stm32_workspace/stm32f746g-disco_hal_lib/Debug/libstm32f746g-disco_hal_lib.a(stm32746g_discovery_ts.o)
 .ARM.attributes
                0x00000000000004eb       0x39 /Users/domenicoperroni/Documents/stm32_workspace/stm32f746g-disco_hal_lib/Debug/libstm32f746g-disco_hal_lib.a(stm32f7xx_hal_dma.o)
 .ARM.attributes
                0x0000000000000524       0x39 /Users/domenicoperroni/Documents/stm32_workspace/stm32f746g-disco_hal_lib/Debug/libstm32f746g-disco_hal_lib.a(stm32f7xx_hal_dma2d.o)
 .ARM.attributes
                0x000000000000055d       0x39 /Users/domenicoperroni/Documents/stm32_workspace/stm32f746g-disco_hal_lib/Debug/libstm32f746g-disco_hal_lib.a(stm32f7xx_hal_i2c.o)
 .ARM.attributes
                0x0000000000000596       0x39 /Users/domenicoperroni/Documents/stm32_workspace/stm32f746g-disco_hal_lib/Debug/libstm32f746g-disco_hal_lib.a(stm32f7xx_hal_ltdc.o)
 .ARM.attributes
                0x00000000000005cf       0x39 /Users/domenicoperroni/Documents/stm32_workspace/stm32f746g-disco_hal_lib/Debug/libstm32f746g-disco_hal_lib.a(stm32f7xx_hal_sdram.o)
 .ARM.attributes
                0x0000000000000608       0x39 /Users/domenicoperroni/Documents/stm32_workspace/stm32f746g-disco_hal_lib/Debug/libstm32f746g-disco_hal_lib.a(stm32f7xx_ll_fmc.o)
 .ARM.attributes
                0x0000000000000641       0x39 /Users/domenicoperroni/Documents/stm32_workspace/stm32f746g-disco_hal_lib/Debug/libstm32f746g-disco_hal_lib.a(ft5336.o)
 .ARM.attributes
                0x000000000000067a       0x34 /Applications/Ac6/SystemWorkbench.app/Contents/Eclipse/plugins/fr.ac6.mcu.externaltools.arm-none.macos64_1.6.0.201601291255/tools/compiler/bin/../lib/gcc/arm-none-eabi/5.2.1/../../../../arm-none-eabi/lib/armv7e-m/fpu/fpv5-sp-d16/libc.a(lib_a-impure.o)
 .ARM.attributes
                0x00000000000006ae       0x34 /Applications/Ac6/SystemWorkbench.app/Contents/Eclipse/plugins/fr.ac6.mcu.externaltools.arm-none.macos64_1.6.0.201601291255/tools/compiler/bin/../lib/gcc/arm-none-eabi/5.2.1/../../../../arm-none-eabi/lib/armv7e-m/fpu/fpv5-sp-d16/libc.a(lib_a-init.o)
 .ARM.attributes
                0x00000000000006e2       0x34 /Applications/Ac6/SystemWorkbench.app/Contents/Eclipse/plugins/fr.ac6.mcu.externaltools.arm-none.macos64_1.6.0.201601291255/tools/compiler/bin/../lib/gcc/arm-none-eabi/5.2.1/../../../../arm-none-eabi/lib/armv7e-m/fpu/fpv5-sp-d16/libc.a(lib_a-__call_atexit.o)
 .ARM.attributes
                0x0000000000000716       0x34 /Applications/Ac6/SystemWorkbench.app/Contents/Eclipse/plugins/fr.ac6.mcu.externaltools.arm-none.macos64_1.6.0.201601291255/tools/compiler/bin/../lib/gcc/arm-none-eabi/5.2.1/../../../../arm-none-eabi/lib/armv7e-m/fpu/fpv5-sp-d16/libc.a(lib_a-atexit.o)
 .ARM.attributes
                0x000000000000074a       0x34 /Applications/Ac6/SystemWorkbench.app/Contents/Eclipse/plugins/fr.ac6.mcu.externaltools.arm-none.macos64_1.6.0.201601291255/tools/compiler/bin/../lib/gcc/arm-none-eabi/5.2.1/../../../../arm-none-eabi/lib/armv7e-m/fpu/fpv5-sp-d16/libc.a(lib_a-fini.o)
 .ARM.attributes
                0x000000000000077e       0x34 /Applications/Ac6/SystemWorkbench.app/Contents/Eclipse/plugins/fr.ac6.mcu.externaltools.arm-none.macos64_1.6.0.201601291255/tools/compiler/bin/../lib/gcc/arm-none-eabi/5.2.1/../../../../arm-none-eabi/lib/armv7e-m/fpu/fpv5-sp-d16/libc.a(lib_a-__atexit.o)
 .ARM.attributes
                0x00000000000007b2       0x34 /Applications/Ac6/SystemWorkbench.app/Contents/Eclipse/plugins/fr.ac6.mcu.externaltools.arm-none.macos64_1.6.0.201601291255/tools/compiler/bin/../lib/gcc/arm-none-eabi/5.2.1/armv7e-m/fpu/fpv5-sp-d16/crtend.o
 .ARM.attributes
                0x00000000000007e6       0x22 /Applications/Ac6/SystemWorkbench.app/Contents/Eclipse/plugins/fr.ac6.mcu.externaltools.arm-none.macos64_1.6.0.201601291255/tools/compiler/bin/../lib/gcc/arm-none-eabi/5.2.1/armv7e-m/fpu/fpv5-sp-d16/crtn.o
OUTPUT(stm32f7_3.elf elf32-littlearm)

.debug_info     0x0000000000000000    0x12b5a
 .debug_info    0x0000000000000000      0x344 src/display_screen.o
 .debug_info    0x0000000000000344      0x536 src/key_mng.o
 .debug_info    0x000000000000087a      0x715 src/main.o
 .debug_info    0x0000000000000f8f      0x1f0 src/scheduler.o
 .debug_info    0x000000000000117f      0xddb src/stm32f7xx_hal_msp.o
 .debug_info    0x0000000000001f5a      0x145 src/stm32f7xx_it.o
 .debug_info    0x000000000000209f      0x6a9 src/system_stm32f7xx.o
 .debug_info    0x0000000000002748      0x192 src/timer.o
 .debug_info    0x00000000000028da      0xd22 src/usart.o
 .debug_info    0x00000000000035fc       0x87 startup/startup_stm32f746xx.o
 .debug_info    0x0000000000003683      0x8bb /Users/domenicoperroni/Documents/stm32_workspace/stm32f746g-disco_hal_lib/Debug/libstm32f746g-disco_hal_lib.a(stm32f7xx_hal.o)
 .debug_info    0x0000000000003f3e      0xf3d /Users/domenicoperroni/Documents/stm32_workspace/stm32f746g-disco_hal_lib/Debug/libstm32f746g-disco_hal_lib.a(stm32f7xx_hal_cortex.o)
 .debug_info    0x0000000000004e7b      0x736 /Users/domenicoperroni/Documents/stm32_workspace/stm32f746g-disco_hal_lib/Debug/libstm32f746g-disco_hal_lib.a(stm32f7xx_hal_gpio.o)
 .debug_info    0x00000000000055b1      0x8fa /Users/domenicoperroni/Documents/stm32_workspace/stm32f746g-disco_hal_lib/Debug/libstm32f746g-disco_hal_lib.a(stm32f7xx_hal_pwr_ex.o)
 .debug_info    0x0000000000005eab      0xb51 /Users/domenicoperroni/Documents/stm32_workspace/stm32f746g-disco_hal_lib/Debug/libstm32f746g-disco_hal_lib.a(stm32f7xx_hal_rcc.o)
 .debug_info    0x00000000000069fc     0x1021 /Users/domenicoperroni/Documents/stm32_workspace/stm32f746g-disco_hal_lib/Debug/libstm32f746g-disco_hal_lib.a(stm32f7xx_hal_rcc_ex.o)
 .debug_info    0x0000000000007a1d     0x114d /Users/domenicoperroni/Documents/stm32_workspace/stm32f746g-disco_hal_lib/Debug/libstm32f746g-disco_hal_lib.a(stm32f7xx_hal_uart.o)
 .debug_info    0x0000000000008b6a     0x1880 /Users/domenicoperroni/Documents/stm32_workspace/stm32f746g-disco_hal_lib/Debug/libstm32f746g-disco_hal_lib.a(stm32746g_discovery.o)
 .debug_info    0x000000000000a3ea     0x201b /Users/domenicoperroni/Documents/stm32_workspace/stm32f746g-disco_hal_lib/Debug/libstm32f746g-disco_hal_lib.a(stm32746g_discovery_lcd.o)
 .debug_info    0x000000000000c405      0xe9b /Users/domenicoperroni/Documents/stm32_workspace/stm32f746g-disco_hal_lib/Debug/libstm32f746g-disco_hal_lib.a(stm32746g_discovery_sdram.o)
 .debug_info    0x000000000000d2a0      0x906 /Users/domenicoperroni/Documents/stm32_workspace/stm32f746g-disco_hal_lib/Debug/libstm32f746g-disco_hal_lib.a(stm32746g_discovery_ts.o)
 .debug_info    0x000000000000dba6      0x703 /Users/domenicoperroni/Documents/stm32_workspace/stm32f746g-disco_hal_lib/Debug/libstm32f746g-disco_hal_lib.a(stm32f7xx_hal_dma.o)
 .debug_info    0x000000000000e2a9      0xa40 /Users/domenicoperroni/Documents/stm32_workspace/stm32f746g-disco_hal_lib/Debug/libstm32f746g-disco_hal_lib.a(stm32f7xx_hal_dma2d.o)
 .debug_info    0x000000000000ece9     0x14be /Users/domenicoperroni/Documents/stm32_workspace/stm32f746g-disco_hal_lib/Debug/libstm32f746g-disco_hal_lib.a(stm32f7xx_hal_i2c.o)
 .debug_info    0x00000000000101a7      0xbde /Users/domenicoperroni/Documents/stm32_workspace/stm32f746g-disco_hal_lib/Debug/libstm32f746g-disco_hal_lib.a(stm32f7xx_hal_ltdc.o)
 .debug_info    0x0000000000010d85      0xc0e /Users/domenicoperroni/Documents/stm32_workspace/stm32f746g-disco_hal_lib/Debug/libstm32f746g-disco_hal_lib.a(stm32f7xx_hal_sdram.o)
 .debug_info    0x0000000000011993      0xc3a /Users/domenicoperroni/Documents/stm32_workspace/stm32f746g-disco_hal_lib/Debug/libstm32f746g-disco_hal_lib.a(stm32f7xx_ll_fmc.o)
 .debug_info    0x00000000000125cd      0x58d /Users/domenicoperroni/Documents/stm32_workspace/stm32f746g-disco_hal_lib/Debug/libstm32f746g-disco_hal_lib.a(ft5336.o)

.debug_abbrev   0x0000000000000000     0x2f3f
 .debug_abbrev  0x0000000000000000       0xc5 src/display_screen.o
 .debug_abbrev  0x00000000000000c5      0x164 src/key_mng.o
 .debug_abbrev  0x0000000000000229      0x1dd src/main.o
 .debug_abbrev  0x0000000000000406      0x13c src/scheduler.o
 .debug_abbrev  0x0000000000000542      0x174 src/stm32f7xx_hal_msp.o
 .debug_abbrev  0x00000000000006b6       0x82 src/stm32f7xx_it.o
 .debug_abbrev  0x0000000000000738      0x120 src/system_stm32f7xx.o
 .debug_abbrev  0x0000000000000858       0xf4 src/timer.o
 .debug_abbrev  0x000000000000094c      0x1ec src/usart.o
 .debug_abbrev  0x0000000000000b38       0x12 startup/startup_stm32f746xx.o
 .debug_abbrev  0x0000000000000b4a      0x19a /Users/domenicoperroni/Documents/stm32_workspace/stm32f746g-disco_hal_lib/Debug/libstm32f746g-disco_hal_lib.a(stm32f7xx_hal.o)
 .debug_abbrev  0x0000000000000ce4      0x2cc /Users/domenicoperroni/Documents/stm32_workspace/stm32f746g-disco_hal_lib/Debug/libstm32f746g-disco_hal_lib.a(stm32f7xx_hal_cortex.o)
 .debug_abbrev  0x0000000000000fb0      0x1af /Users/domenicoperroni/Documents/stm32_workspace/stm32f746g-disco_hal_lib/Debug/libstm32f746g-disco_hal_lib.a(stm32f7xx_hal_gpio.o)
 .debug_abbrev  0x000000000000115f      0x1a9 /Users/domenicoperroni/Documents/stm32_workspace/stm32f746g-disco_hal_lib/Debug/libstm32f746g-disco_hal_lib.a(stm32f7xx_hal_pwr_ex.o)
 .debug_abbrev  0x0000000000001308      0x299 /Users/domenicoperroni/Documents/stm32_workspace/stm32f746g-disco_hal_lib/Debug/libstm32f746g-disco_hal_lib.a(stm32f7xx_hal_rcc.o)
 .debug_abbrev  0x00000000000015a1      0x1e3 /Users/domenicoperroni/Documents/stm32_workspace/stm32f746g-disco_hal_lib/Debug/libstm32f746g-disco_hal_lib.a(stm32f7xx_hal_rcc_ex.o)
 .debug_abbrev  0x0000000000001784      0x1fe /Users/domenicoperroni/Documents/stm32_workspace/stm32f746g-disco_hal_lib/Debug/libstm32f746g-disco_hal_lib.a(stm32f7xx_hal_uart.o)
 .debug_abbrev  0x0000000000001982      0x269 /Users/domenicoperroni/Documents/stm32_workspace/stm32f746g-disco_hal_lib/Debug/libstm32f746g-disco_hal_lib.a(stm32746g_discovery.o)
 .debug_abbrev  0x0000000000001beb      0x2b2 /Users/domenicoperroni/Documents/stm32_workspace/stm32f746g-disco_hal_lib/Debug/libstm32f746g-disco_hal_lib.a(stm32746g_discovery_lcd.o)
 .debug_abbrev  0x0000000000001e9d      0x1eb /Users/domenicoperroni/Documents/stm32_workspace/stm32f746g-disco_hal_lib/Debug/libstm32f746g-disco_hal_lib.a(stm32746g_discovery_sdram.o)
 .debug_abbrev  0x0000000000002088      0x1f7 /Users/domenicoperroni/Documents/stm32_workspace/stm32f746g-disco_hal_lib/Debug/libstm32f746g-disco_hal_lib.a(stm32746g_discovery_ts.o)
 .debug_abbrev  0x000000000000227f      0x209 /Users/domenicoperroni/Documents/stm32_workspace/stm32f746g-disco_hal_lib/Debug/libstm32f746g-disco_hal_lib.a(stm32f7xx_hal_dma.o)
 .debug_abbrev  0x0000000000002488      0x1fb /Users/domenicoperroni/Documents/stm32_workspace/stm32f746g-disco_hal_lib/Debug/libstm32f746g-disco_hal_lib.a(stm32f7xx_hal_dma2d.o)
 .debug_abbrev  0x0000000000002683      0x1ca /Users/domenicoperroni/Documents/stm32_workspace/stm32f746g-disco_hal_lib/Debug/libstm32f746g-disco_hal_lib.a(stm32f7xx_hal_i2c.o)
 .debug_abbrev  0x000000000000284d      0x1fa /Users/domenicoperroni/Documents/stm32_workspace/stm32f746g-disco_hal_lib/Debug/libstm32f746g-disco_hal_lib.a(stm32f7xx_hal_ltdc.o)
 .debug_abbrev  0x0000000000002a47      0x1dd /Users/domenicoperroni/Documents/stm32_workspace/stm32f746g-disco_hal_lib/Debug/libstm32f746g-disco_hal_lib.a(stm32f7xx_hal_sdram.o)
 .debug_abbrev  0x0000000000002c24      0x156 /Users/domenicoperroni/Documents/stm32_workspace/stm32f746g-disco_hal_lib/Debug/libstm32f746g-disco_hal_lib.a(stm32f7xx_ll_fmc.o)
 .debug_abbrev  0x0000000000002d7a      0x1c5 /Users/domenicoperroni/Documents/stm32_workspace/stm32f746g-disco_hal_lib/Debug/libstm32f746g-disco_hal_lib.a(ft5336.o)

.debug_aranges  0x0000000000000000     0x10c0
 .debug_aranges
                0x0000000000000000       0x30 src/display_screen.o
 .debug_aranges
                0x0000000000000030       0x40 src/key_mng.o
 .debug_aranges
                0x0000000000000070       0x48 src/main.o
 .debug_aranges
                0x00000000000000b8       0x40 src/scheduler.o
 .debug_aranges
                0x00000000000000f8       0x38 src/stm32f7xx_hal_msp.o
 .debug_aranges
                0x0000000000000130       0x60 src/stm32f7xx_it.o
 .debug_aranges
                0x0000000000000190       0x28 src/system_stm32f7xx.o
 .debug_aranges
                0x00000000000001b8       0x40 src/timer.o
 .debug_aranges
                0x00000000000001f8       0x50 src/usart.o
 .debug_aranges
                0x0000000000000248       0x28 startup/startup_stm32f746xx.o
 .debug_aranges
                0x0000000000000270       0xd0 /Users/domenicoperroni/Documents/stm32_workspace/stm32f746g-disco_hal_lib/Debug/libstm32f746g-disco_hal_lib.a(stm32f7xx_hal.o)
 .debug_aranges
                0x0000000000000340      0x108 /Users/domenicoperroni/Documents/stm32_workspace/stm32f746g-disco_hal_lib/Debug/libstm32f746g-disco_hal_lib.a(stm32f7xx_hal_cortex.o)
 .debug_aranges
                0x0000000000000448       0x58 /Users/domenicoperroni/Documents/stm32_workspace/stm32f746g-disco_hal_lib/Debug/libstm32f746g-disco_hal_lib.a(stm32f7xx_hal_gpio.o)
 .debug_aranges
                0x00000000000004a0       0x80 /Users/domenicoperroni/Documents/stm32_workspace/stm32f746g-disco_hal_lib/Debug/libstm32f746g-disco_hal_lib.a(stm32f7xx_hal_pwr_ex.o)
 .debug_aranges
                0x0000000000000520       0x88 /Users/domenicoperroni/Documents/stm32_workspace/stm32f746g-disco_hal_lib/Debug/libstm32f746g-disco_hal_lib.a(stm32f7xx_hal_rcc.o)
 .debug_aranges
                0x00000000000005a8       0x30 /Users/domenicoperroni/Documents/stm32_workspace/stm32f746g-disco_hal_lib/Debug/libstm32f746g-disco_hal_lib.a(stm32f7xx_hal_rcc_ex.o)
 .debug_aranges
                0x00000000000005d8      0x160 /Users/domenicoperroni/Documents/stm32_workspace/stm32f746g-disco_hal_lib/Debug/libstm32f746g-disco_hal_lib.a(stm32f7xx_hal_uart.o)
 .debug_aranges
                0x0000000000000738      0x128 /Users/domenicoperroni/Documents/stm32_workspace/stm32f746g-disco_hal_lib/Debug/libstm32f746g-disco_hal_lib.a(stm32746g_discovery.o)
 .debug_aranges
                0x0000000000000860      0x1a0 /Users/domenicoperroni/Documents/stm32_workspace/stm32f746g-disco_hal_lib/Debug/libstm32f746g-disco_hal_lib.a(stm32746g_discovery_lcd.o)
 .debug_aranges
                0x0000000000000a00       0x70 /Users/domenicoperroni/Documents/stm32_workspace/stm32f746g-disco_hal_lib/Debug/libstm32f746g-disco_hal_lib.a(stm32746g_discovery_sdram.o)
 .debug_aranges
                0x0000000000000a70       0x58 /Users/domenicoperroni/Documents/stm32_workspace/stm32f746g-disco_hal_lib/Debug/libstm32f746g-disco_hal_lib.a(stm32746g_discovery_ts.o)
 .debug_aranges
                0x0000000000000ac8       0x70 /Users/domenicoperroni/Documents/stm32_workspace/stm32f746g-disco_hal_lib/Debug/libstm32f746g-disco_hal_lib.a(stm32f7xx_hal_dma.o)
 .debug_aranges
                0x0000000000000b38       0xc0 /Users/domenicoperroni/Documents/stm32_workspace/stm32f746g-disco_hal_lib/Debug/libstm32f746g-disco_hal_lib.a(stm32f7xx_hal_dma2d.o)
 .debug_aranges
                0x0000000000000bf8      0x1c0 /Users/domenicoperroni/Documents/stm32_workspace/stm32f746g-disco_hal_lib/Debug/libstm32f746g-disco_hal_lib.a(stm32f7xx_hal_i2c.o)
 .debug_aranges
                0x0000000000000db8       0xe0 /Users/domenicoperroni/Documents/stm32_workspace/stm32f746g-disco_hal_lib/Debug/libstm32f746g-disco_hal_lib.a(stm32f7xx_hal_ltdc.o)
 .debug_aranges
                0x0000000000000e98       0xd0 /Users/domenicoperroni/Documents/stm32_workspace/stm32f746g-disco_hal_lib/Debug/libstm32f746g-disco_hal_lib.a(stm32f7xx_hal_sdram.o)
 .debug_aranges
                0x0000000000000f68       0xc8 /Users/domenicoperroni/Documents/stm32_workspace/stm32f746g-disco_hal_lib/Debug/libstm32f746g-disco_hal_lib.a(stm32f7xx_ll_fmc.o)
 .debug_aranges
                0x0000000000001030       0x90 /Users/domenicoperroni/Documents/stm32_workspace/stm32f746g-disco_hal_lib/Debug/libstm32f746g-disco_hal_lib.a(ft5336.o)

.debug_ranges   0x0000000000000000      0xf08
 .debug_ranges  0x0000000000000000       0x20 src/display_screen.o
 .debug_ranges  0x0000000000000020       0x30 src/key_mng.o
 .debug_ranges  0x0000000000000050       0x38 src/main.o
 .debug_ranges  0x0000000000000088       0x30 src/scheduler.o
 .debug_ranges  0x00000000000000b8       0x28 src/stm32f7xx_hal_msp.o
 .debug_ranges  0x00000000000000e0       0x50 src/stm32f7xx_it.o
 .debug_ranges  0x0000000000000130       0x18 src/system_stm32f7xx.o
 .debug_ranges  0x0000000000000148       0x30 src/timer.o
 .debug_ranges  0x0000000000000178       0x40 src/usart.o
 .debug_ranges  0x00000000000001b8       0x20 startup/startup_stm32f746xx.o
 .debug_ranges  0x00000000000001d8       0xc0 /Users/domenicoperroni/Documents/stm32_workspace/stm32f746g-disco_hal_lib/Debug/libstm32f746g-disco_hal_lib.a(stm32f7xx_hal.o)
 .debug_ranges  0x0000000000000298       0xf8 /Users/domenicoperroni/Documents/stm32_workspace/stm32f746g-disco_hal_lib/Debug/libstm32f746g-disco_hal_lib.a(stm32f7xx_hal_cortex.o)
 .debug_ranges  0x0000000000000390       0x48 /Users/domenicoperroni/Documents/stm32_workspace/stm32f746g-disco_hal_lib/Debug/libstm32f746g-disco_hal_lib.a(stm32f7xx_hal_gpio.o)
 .debug_ranges  0x00000000000003d8       0x70 /Users/domenicoperroni/Documents/stm32_workspace/stm32f746g-disco_hal_lib/Debug/libstm32f746g-disco_hal_lib.a(stm32f7xx_hal_pwr_ex.o)
 .debug_ranges  0x0000000000000448       0x78 /Users/domenicoperroni/Documents/stm32_workspace/stm32f746g-disco_hal_lib/Debug/libstm32f746g-disco_hal_lib.a(stm32f7xx_hal_rcc.o)
 .debug_ranges  0x00000000000004c0       0x20 /Users/domenicoperroni/Documents/stm32_workspace/stm32f746g-disco_hal_lib/Debug/libstm32f746g-disco_hal_lib.a(stm32f7xx_hal_rcc_ex.o)
 .debug_ranges  0x00000000000004e0      0x150 /Users/domenicoperroni/Documents/stm32_workspace/stm32f746g-disco_hal_lib/Debug/libstm32f746g-disco_hal_lib.a(stm32f7xx_hal_uart.o)
 .debug_ranges  0x0000000000000630      0x118 /Users/domenicoperroni/Documents/stm32_workspace/stm32f746g-disco_hal_lib/Debug/libstm32f746g-disco_hal_lib.a(stm32746g_discovery.o)
 .debug_ranges  0x0000000000000748      0x190 /Users/domenicoperroni/Documents/stm32_workspace/stm32f746g-disco_hal_lib/Debug/libstm32f746g-disco_hal_lib.a(stm32746g_discovery_lcd.o)
 .debug_ranges  0x00000000000008d8       0x60 /Users/domenicoperroni/Documents/stm32_workspace/stm32f746g-disco_hal_lib/Debug/libstm32f746g-disco_hal_lib.a(stm32746g_discovery_sdram.o)
 .debug_ranges  0x0000000000000938       0x48 /Users/domenicoperroni/Documents/stm32_workspace/stm32f746g-disco_hal_lib/Debug/libstm32f746g-disco_hal_lib.a(stm32746g_discovery_ts.o)
 .debug_ranges  0x0000000000000980       0x60 /Users/domenicoperroni/Documents/stm32_workspace/stm32f746g-disco_hal_lib/Debug/libstm32f746g-disco_hal_lib.a(stm32f7xx_hal_dma.o)
 .debug_ranges  0x00000000000009e0       0xb0 /Users/domenicoperroni/Documents/stm32_workspace/stm32f746g-disco_hal_lib/Debug/libstm32f746g-disco_hal_lib.a(stm32f7xx_hal_dma2d.o)
 .debug_ranges  0x0000000000000a90      0x1b0 /Users/domenicoperroni/Documents/stm32_workspace/stm32f746g-disco_hal_lib/Debug/libstm32f746g-disco_hal_lib.a(stm32f7xx_hal_i2c.o)
 .debug_ranges  0x0000000000000c40       0xd0 /Users/domenicoperroni/Documents/stm32_workspace/stm32f746g-disco_hal_lib/Debug/libstm32f746g-disco_hal_lib.a(stm32f7xx_hal_ltdc.o)
 .debug_ranges  0x0000000000000d10       0xc0 /Users/domenicoperroni/Documents/stm32_workspace/stm32f746g-disco_hal_lib/Debug/libstm32f746g-disco_hal_lib.a(stm32f7xx_hal_sdram.o)
 .debug_ranges  0x0000000000000dd0       0xb8 /Users/domenicoperroni/Documents/stm32_workspace/stm32f746g-disco_hal_lib/Debug/libstm32f746g-disco_hal_lib.a(stm32f7xx_ll_fmc.o)
 .debug_ranges  0x0000000000000e88       0x80 /Users/domenicoperroni/Documents/stm32_workspace/stm32f746g-disco_hal_lib/Debug/libstm32f746g-disco_hal_lib.a(ft5336.o)

.debug_macro    0x0000000000000000    0x22983
 .debug_macro   0x0000000000000000      0x55b src/display_screen.o
 .debug_macro   0x000000000000055b      0x8aa src/display_screen.o
 .debug_macro   0x0000000000000e05       0x16 src/display_screen.o
 .debug_macro   0x0000000000000e1b      0x237 src/display_screen.o
 .debug_macro   0x0000000000001052       0x28 src/display_screen.o
 .debug_macro   0x000000000000107a       0x3b src/display_screen.o
 .debug_macro   0x00000000000010b5       0x22 src/display_screen.o
 .debug_macro   0x00000000000010d7       0x44 src/display_screen.o
 .debug_macro   0x000000000000111b       0xfd src/display_screen.o
 .debug_macro   0x0000000000001218       0x22 src/display_screen.o
 .debug_macro   0x000000000000123a      0x1df src/display_screen.o
 .debug_macro   0x0000000000001419       0x35 src/display_screen.o
 .debug_macro   0x000000000000144e       0x50 src/display_screen.o
 .debug_macro   0x000000000000149e     0x1114 src/display_screen.o
 .debug_macro   0x00000000000025b2     0xa75c src/display_screen.o
 .debug_macro   0x000000000000cd0e       0x43 src/display_screen.o
 .debug_macro   0x000000000000cd51     0x32ff src/display_screen.o
 .debug_macro   0x0000000000010050       0x58 src/display_screen.o
 .debug_macro   0x00000000000100a8       0x35 src/display_screen.o
 .debug_macro   0x00000000000100dd       0x9c src/display_screen.o
 .debug_macro   0x0000000000010179       0x16 src/display_screen.o
 .debug_macro   0x000000000001018f       0x97 src/display_screen.o
 .debug_macro   0x0000000000010226      0x329 src/display_screen.o
 .debug_macro   0x000000000001054f       0xfd src/display_screen.o
 .debug_macro   0x000000000001064c       0x10 src/display_screen.o
 .debug_macro   0x000000000001065c       0x52 src/display_screen.o
 .debug_macro   0x00000000000106ae       0x16 src/display_screen.o
 .debug_macro   0x00000000000106c4       0x43 src/display_screen.o
 .debug_macro   0x0000000000010707      0x187 src/display_screen.o
 .debug_macro   0x000000000001088e       0x10 src/display_screen.o
 .debug_macro   0x000000000001089e       0x22 src/display_screen.o
 .debug_macro   0x00000000000108c0       0x3a src/display_screen.o
 .debug_macro   0x00000000000108fa       0x10 src/display_screen.o
 .debug_macro   0x000000000001090a       0x40 src/display_screen.o
 .debug_macro   0x000000000001094a       0x65 src/display_screen.o
 .debug_macro   0x00000000000109af       0x16 src/display_screen.o
 .debug_macro   0x00000000000109c5      0x197 src/display_screen.o
 .debug_macro   0x0000000000010b5c       0x57 src/display_screen.o
 .debug_macro   0x0000000000010bb3      0x5c9 src/display_screen.o
 .debug_macro   0x000000000001117c     0x18a6 src/display_screen.o
 .debug_macro   0x0000000000012a22       0xdd src/display_screen.o
 .debug_macro   0x0000000000012aff      0x11e src/display_screen.o
 .debug_macro   0x0000000000012c1d      0x1f3 src/display_screen.o
 .debug_macro   0x0000000000012e10       0x27 src/display_screen.o
 .debug_macro   0x0000000000012e37      0x272 src/display_screen.o
 .debug_macro   0x00000000000130a9       0x5f src/display_screen.o
 .debug_macro   0x0000000000013108      0x23a src/display_screen.o
 .debug_macro   0x0000000000013342      0x38a src/display_screen.o
 .debug_macro   0x00000000000136cc      0x161 src/display_screen.o
 .debug_macro   0x000000000001382d       0xf9 src/display_screen.o
 .debug_macro   0x0000000000013926      0x36e src/display_screen.o
 .debug_macro   0x0000000000013c94      0x272 src/display_screen.o
 .debug_macro   0x0000000000013f06       0xab src/display_screen.o
 .debug_macro   0x0000000000013fb1       0x4c src/display_screen.o
 .debug_macro   0x0000000000013ffd       0x2e src/display_screen.o
 .debug_macro   0x000000000001402b      0x1f3 src/display_screen.o
 .debug_macro   0x000000000001421e       0xe6 src/display_screen.o
 .debug_macro   0x0000000000014304       0xa1 src/display_screen.o
 .debug_macro   0x00000000000143a5       0x3c src/display_screen.o
 .debug_macro   0x00000000000143e1       0x6c src/display_screen.o
 .debug_macro   0x000000000001444d      0x1aa src/display_screen.o
 .debug_macro   0x00000000000145f7      0xd92 src/display_screen.o
 .debug_macro   0x0000000000015389      0x111 src/display_screen.o
 .debug_macro   0x000000000001549a      0x293 src/display_screen.o
 .debug_macro   0x000000000001572d       0x12 src/display_screen.o
 .debug_macro   0x000000000001573f      0x516 src/display_screen.o
 .debug_macro   0x0000000000015c55       0x88 src/display_screen.o
 .debug_macro   0x0000000000015cdd       0xce src/display_screen.o
 .debug_macro   0x0000000000015dab       0x10 src/display_screen.o
 .debug_macro   0x0000000000015dbb      0x1d0 src/display_screen.o
 .debug_macro   0x0000000000015f8b       0x22 src/display_screen.o
 .debug_macro   0x0000000000015fad       0x66 src/display_screen.o
 .debug_macro   0x0000000000016013      0x1b5 src/display_screen.o
 .debug_macro   0x00000000000161c8       0xab src/display_screen.o
 .debug_macro   0x0000000000016273      0x22c src/display_screen.o
 .debug_macro   0x000000000001649f      0x240 src/display_screen.o
 .debug_macro   0x00000000000166df      0x133 src/display_screen.o
 .debug_macro   0x0000000000016812      0x10c src/display_screen.o
 .debug_macro   0x000000000001691e       0x3c src/display_screen.o
 .debug_macro   0x000000000001695a      0x2db src/display_screen.o
 .debug_macro   0x0000000000016c35       0x7b src/display_screen.o
 .debug_macro   0x0000000000016cb0      0x313 src/display_screen.o
 .debug_macro   0x0000000000016fc3      0x4dc src/display_screen.o
 .debug_macro   0x000000000001749f       0xd6 src/display_screen.o
 .debug_macro   0x0000000000017575      0x398 src/display_screen.o
 .debug_macro   0x000000000001790d       0xd6 src/display_screen.o
 .debug_macro   0x00000000000179e3      0x398 src/display_screen.o
 .debug_macro   0x0000000000017d7b      0x22b src/display_screen.o
 .debug_macro   0x0000000000017fa6      0x1ed src/display_screen.o
 .debug_macro   0x0000000000018193      0x2e2 src/display_screen.o
 .debug_macro   0x0000000000018475      0x677 src/display_screen.o
 .debug_macro   0x0000000000018aec      0x24f src/display_screen.o
 .debug_macro   0x0000000000018d3b      0x138 src/display_screen.o
 .debug_macro   0x0000000000018e73      0x4e8 src/display_screen.o
 .debug_macro   0x000000000001935b       0x47 src/display_screen.o
 .debug_macro   0x00000000000193a2      0x1df src/display_screen.o
 .debug_macro   0x0000000000019581       0x29 src/display_screen.o
 .debug_macro   0x00000000000195aa       0x58 src/display_screen.o
 .debug_macro   0x0000000000019602      0x1c3 src/display_screen.o
 .debug_macro   0x00000000000197c5       0x30 src/display_screen.o
 .debug_macro   0x00000000000197f5       0x58 src/display_screen.o
 .debug_macro   0x000000000001984d      0x2cd src/display_screen.o
 .debug_macro   0x0000000000019b1a       0x10 src/display_screen.o
 .debug_macro   0x0000000000019b2a       0xa5 src/display_screen.o
 .debug_macro   0x0000000000019bcf       0x8d src/display_screen.o
 .debug_macro   0x0000000000019c5c      0x1df src/display_screen.o
 .debug_macro   0x0000000000019e3b      0x119 src/display_screen.o
 .debug_macro   0x0000000000019f54       0x75 src/display_screen.o
 .debug_macro   0x0000000000019fc9      0x130 src/display_screen.o
 .debug_macro   0x000000000001a0f9      0x264 src/display_screen.o
 .debug_macro   0x000000000001a35d       0x10 src/display_screen.o
 .debug_macro   0x000000000001a36d      0x39f src/display_screen.o
 .debug_macro   0x000000000001a70c       0x2e src/display_screen.o
 .debug_macro   0x000000000001a73a       0x40 src/display_screen.o
 .debug_macro   0x000000000001a77a       0xa0 src/display_screen.o
 .debug_macro   0x000000000001a81a       0x10 src/display_screen.o
 .debug_macro   0x000000000001a82a      0x11e src/display_screen.o
 .debug_macro   0x000000000001a948      0x543 src/key_mng.o
 .debug_macro   0x000000000001ae8b      0x26a src/key_mng.o
 .debug_macro   0x000000000001b0f5       0x64 src/key_mng.o
 .debug_macro   0x000000000001b159       0x10 src/key_mng.o
 .debug_macro   0x000000000001b169      0x542 src/main.o
 .debug_macro   0x000000000001b6ab       0x29 src/scheduler.o
 .debug_macro   0x000000000001b6d4      0x52e src/stm32f7xx_hal_msp.o
 .debug_macro   0x000000000001bc02      0x533 src/stm32f7xx_it.o
 .debug_macro   0x000000000001c135      0x2f8 src/system_stm32f7xx.o
 .debug_macro   0x000000000001c42d      0x189 src/system_stm32f7xx.o
 .debug_macro   0x000000000001c5b6       0x22 src/timer.o
 .debug_macro   0x000000000001c5d8      0x500 src/usart.o
 .debug_macro   0x000000000001cad8      0x508 /Users/domenicoperroni/Documents/stm32_workspace/stm32f746g-disco_hal_lib/Debug/libstm32f746g-disco_hal_lib.a(stm32f7xx_hal.o)
 .debug_macro   0x000000000001cfe0      0x8a4 /Users/domenicoperroni/Documents/stm32_workspace/stm32f746g-disco_hal_lib/Debug/libstm32f746g-disco_hal_lib.a(stm32f7xx_hal.o)
 .debug_macro   0x000000000001d884      0x4e4 /Users/domenicoperroni/Documents/stm32_workspace/stm32f746g-disco_hal_lib/Debug/libstm32f746g-disco_hal_lib.a(stm32f7xx_hal_cortex.o)
 .debug_macro   0x000000000001dd68      0x51c /Users/domenicoperroni/Documents/stm32_workspace/stm32f746g-disco_hal_lib/Debug/libstm32f746g-disco_hal_lib.a(stm32f7xx_hal_gpio.o)
 .debug_macro   0x000000000001e284      0x4fc /Users/domenicoperroni/Documents/stm32_workspace/stm32f746g-disco_hal_lib/Debug/libstm32f746g-disco_hal_lib.a(stm32f7xx_hal_pwr_ex.o)